00:00 +0: loading c:/probrab1/test/core/cache/calculation_cache_test.dart                                                                                                                              00:01 +0: loading c:/probrab1/test/core/cache/calculation_cache_test.dart                                                                                                                              00:01 +0: c:/probrab1/test/core/cache/calculation_cache_test.dart: CalculationCache stores and retrieves values correctly                                                                              00:01 +1: c:/probrab1/test/core/cache/calculation_cache_test.dart: CalculationCache stores and retrieves values correctly                                                                              00:01 +2: c:/probrab1/test/core/cache/calculation_cache_test.dart: CalculationCache stores and retrieves values correctly                                                                              00:01 +3: c:/probrab1/test/core/cache/calculation_cache_test.dart: CalculationCache stores and retrieves values correctly                                                                              00:01 +4: c:/probrab1/test/core/cache/calculation_cache_test.dart: CalculationCache stores and retrieves values correctly                                                                              00:01 +4: c:/probrab1/test/core/cache/calculation_cache_test.dart: CalculationCache stores and retrieves values correctly                                                                              
[CalculationCache] Cache cleared
[CalculationCache] Cached result for test_calculator
[CalculationCache] Cache hit for test_calculator
00:01 +5: c:/probrab1/test/core/constants_test.dart: AppConstants regions list contains unique values                                                                                                  00:01 +6: c:/probrab1/test/core/constants_test.dart: AppConstants regions list contains unique values                                                                                                  00:01 +6: c:/probrab1/test/core/cache/calculation_cache_test.dart: CalculationCache returns null for missing entries                                                                                   00:01 +6: c:/probrab1/test/core/cache/calculation_cache_test.dart: CalculationCache returns null for missing entries                                                                                   
[CalculationCache] Cache cleared
00:01 +7: c:/probrab1/test/core/cache/calculation_cache_test.dart: CalculationCache returns null for missing entries                                                                                   00:01 +7: c:/probrab1/test/core/cache/calculation_cache_test.dart: CalculationCache differentiates by calculator id                                                                                    00:01 +7: c:/probrab1/test/core/cache/calculation_cache_test.dart: CalculationCache differentiates by calculator id                                                                                    
[CalculationCache] Cache cleared
[CalculationCache] Cached result for calculator_1
[CalculationCache] Cached result for calculator_2
[CalculationCache] Cache hit for calculator_1
[CalculationCache] Cache hit for calculator_2
00:01 +8: c:/probrab1/test/core/cache/calculation_cache_test.dart: CalculationCache differentiates by calculator id                                                                                    00:01 +8: c:/probrab1/test/core/cache/calculation_cache_test.dart: CalculationCache differentiates by inputs                                                                                           00:01 +8: c:/probrab1/test/core/cache/calculation_cache_test.dart: CalculationCache differentiates by inputs                                                                                           
[CalculationCache] Cache cleared
[CalculationCache] Cached result for tile_calc
[CalculationCache] Cached result for tile_calc
[CalculationCache] Cache hit for tile_calc
[CalculationCache] Cache hit for tile_calc
00:01 +9: c:/probrab1/test/core/cache/calculation_cache_test.dart: CalculationCache differentiates by inputs                                                                                           00:01 +9: c:/probrab1/test/core/cache/calculation_cache_test.dart: CalculationCache clears cache for specific calculator                                                                               00:01 +9: c:/probrab1/test/core/cache/calculation_cache_test.dart: CalculationCache clears cache for specific calculator                                                                               
[CalculationCache] Cache cleared
[CalculationCache] Cached result for calculator_1
[CalculationCache] Cached result for calculator_2
[CalculationCache] Cache cleared for calculator_1
[CalculationCache] Cache hit for calculator_2
00:01 +10: c:/probrab1/test/core/cache/calculation_cache_test.dart: CalculationCache clears cache for specific calculator                                                                              00:01 +10: c:/probrab1/test/core/cache/calculation_cache_test.dart: CalculationCache clears all cache                                                                                                  00:01 +10: c:/probrab1/test/core/cache/calculation_cache_test.dart: CalculationCache clears all cache                                                                                                  
[CalculationCache] Cache cleared
[CalculationCache] Cached result for calculator_1
[CalculationCache] Cached result for calculator_2
[CalculationCache] Cache cleared
00:01 +11: c:/probrab1/test/core/cache/calculation_cache_test.dart: CalculationCache clears all cache                                                                                                  00:01 +11: c:/probrab1/test/core/cache/calculation_cache_test.dart: CalculationCache returns correct stats                                                                                             00:01 +11: c:/probrab1/test/core/cache/calculation_cache_test.dart: CalculationCache returns correct stats                                                                                             
[CalculationCache] Cache cleared
[CalculationCache] Cached result for calc_1
[CalculationCache] Cached result for calc_2
[CalculationCache] Cached result for calc_3
00:01 +12: c:/probrab1/test/core/cache/calculation_cache_test.dart: CalculationCache returns correct stats                                                                                             00:01 +12: c:/probrab1/test/core/cache/calculation_cache_test.dart: CalculationCache handles input order correctly                                                                                     00:01 +12: c:/probrab1/test/core/cache/calculation_cache_test.dart: CalculationCache handles input order correctly                                                                                     
[CalculationCache] Cache cleared
[CalculationCache] Cached result for test_calc
[CalculationCache] Cache hit for test_calc
00:01 +13: c:/probrab1/test/core/cache/calculation_cache_test.dart: CalculationCache handles input order correctly                                                                                     00:01 +13: c:/probrab1/test/core/cache/calculation_cache_test.dart: CalculationCache handles complex inputs                                                                                            00:01 +13: c:/probrab1/test/core/cache/calculation_cache_test.dart: CalculationCache handles complex inputs                                                                                            
[CalculationCache] Cache cleared
[CalculationCache] Cached result for complex_calc
[CalculationCache] Cache hit for complex_calc
00:01 +14: c:/probrab1/test/core/cache/calculation_cache_test.dart: CalculationCache handles complex inputs                                                                                            00:01 +14: c:/probrab1/test/core/cache/calculation_cache_test.dart: CalculationCache returns copy of cached values, not reference                                                                      00:01 +14: c:/probrab1/test/core/cache/calculation_cache_test.dart: CalculationCache returns copy of cached values, not reference                                                                      
[CalculationCache] Cache cleared
[CalculationCache] Cached result for test_calc
[CalculationCache] Cache hit for test_calc
[CalculationCache] Cache hit for test_calc
00:01 +15: c:/probrab1/test/core/cache/calculation_cache_test.dart: CalculationCache returns copy of cached values, not reference                                                                      00:01 +15: loading c:/probrab1/test/core/enums/unit_type_test.dart                                                                                                                                     00:01 +15: c:/probrab1/test/core/enums/unit_type_test.dart: UnitType symbol returns correct symbol for squareMeters                                                                                    00:01 +16: c:/probrab1/test/core/enums/unit_type_test.dart: UnitType symbol returns correct symbol for squareMeters                                                                                    00:01 +16: c:/probrab1/test/core/enums/unit_type_test.dart: UnitType symbol returns correct symbol for cubicMeters                                                                                     00:01 +17: c:/probrab1/test/core/enums/unit_type_test.dart: UnitType symbol returns correct symbol for cubicMeters                                                                                     00:01 +17: c:/probrab1/test/core/enums/unit_type_test.dart: UnitType symbol returns correct symbol for linearMeters                                                                                    00:01 +18: c:/probrab1/test/core/enums/unit_type_test.dart: UnitType symbol returns correct symbol for linearMeters                                                                                    00:01 +18: c:/probrab1/test/core/enums/unit_type_test.dart: UnitType symbol returns correct symbol for pieces                                                                                          00:01 +19: c:/probrab1/test/core/enums/unit_type_test.dart: UnitType symbol returns correct symbol for pieces                                                                                          00:01 +19: c:/probrab1/test/core/enums/unit_type_test.dart: UnitType symbol returns correct symbol for liters                                                                                          00:01 +20: c:/probrab1/test/core/enums/unit_type_test.dart: UnitType symbol returns correct symbol for liters                                                                                          00:01 +20: c:/probrab1/test/core/enums/unit_type_test.dart: UnitType symbol returns correct symbol for kilograms                                                                                       00:01 +21: c:/probrab1/test/core/enums/unit_type_test.dart: UnitType symbol returns correct symbol for kilograms                                                                                       00:01 +21: c:/probrab1/test/core/enums/unit_type_test.dart: UnitType symbol returns correct symbol for tons                                                                                            00:01 +22: c:/probrab1/test/core/enums/unit_type_test.dart: UnitType symbol returns correct symbol for tons                                                                                            00:01 +22: c:/probrab1/test/core/enums/unit_type_test.dart: UnitType symbol returns correct symbol for bags                                                                                            00:01 +23: c:/probrab1/test/core/enums/unit_type_test.dart: UnitType symbol returns correct symbol for bags                                                                                            00:01 +23: c:/probrab1/test/core/enums/unit_type_test.dart: UnitType symbol returns correct symbol for packages                                                                                        00:01 +24: c:/probrab1/test/core/enums/unit_type_test.dart: UnitType symbol returns correct symbol for packages                                                                                        00:01 +24: c:/probrab1/test/core/enums/unit_type_test.dart: UnitType symbol returns correct symbol for rolls                                                                                           00:01 +25: c:/probrab1/test/core/enums/unit_type_test.dart: UnitType symbol returns correct symbol for rolls                                                                                           00:01 +25: c:/probrab1/test/core/enums/unit_type_test.dart: UnitType symbol returns correct symbol for sheets                                                                                          00:01 +26: c:/probrab1/test/core/enums/unit_type_test.dart: UnitType symbol returns correct symbol for sheets                                                                                          00:01 +26: c:/probrab1/test/core/enums/unit_type_test.dart: UnitType symbol returns correct symbol for meters                                                                                          00:01 +27: c:/probrab1/test/core/enums/unit_type_test.dart: UnitType symbol returns correct symbol for meters                                                                                          00:01 +27: c:/probrab1/test/core/enums/unit_type_test.dart: UnitType symbol returns correct symbol for centimeters                                                                                     00:01 +28: c:/probrab1/test/core/enums/unit_type_test.dart: UnitType symbol returns correct symbol for centimeters                                                                                     00:01 +28: c:/probrab1/test/core/enums/unit_type_test.dart: UnitType symbol returns correct symbol for millimeters                                                                                     00:01 +29: c:/probrab1/test/core/enums/unit_type_test.dart: UnitType symbol returns correct symbol for millimeters                                                                                     00:01 +29: c:/probrab1/test/core/enums/unit_type_test.dart: UnitType symbol returns correct symbol for percent                                                                                         00:01 +30: c:/probrab1/test/core/enums/unit_type_test.dart: UnitType symbol returns correct symbol for percent                                                                                         00:01 +30: c:/probrab1/test/core/enums/unit_type_test.dart: UnitType symbol returns correct symbol for hours                                                                                           00:01 +31: c:/probrab1/test/core/enums/unit_type_test.dart: UnitType symbol returns correct symbol for hours                                                                                           00:01 +31: c:/probrab1/test/core/enums/unit_type_test.dart: UnitType symbol returns correct symbol for days                                                                                            00:01 +32: c:/probrab1/test/core/enums/unit_type_test.dart: UnitType symbol returns correct symbol for days                                                                                            00:01 +32: c:/probrab1/test/core/enums/unit_type_test.dart: UnitType symbol returns correct symbol for rubles                                                                                          00:01 +33: c:/probrab1/test/core/enums/unit_type_test.dart: UnitType symbol returns correct symbol for rubles                                                                                          00:01 +33: c:/probrab1/test/core/enums/unit_type_test.dart: UnitType translationKey returns correct key for squareMeters                                                                               00:01 +34: c:/probrab1/test/core/enums/unit_type_test.dart: UnitType translationKey returns correct key for squareMeters                                                                               00:01 +34: c:/probrab1/test/core/enums/unit_type_test.dart: UnitType translationKey returns correct key for cubicMeters                                                                                00:01 +35: c:/probrab1/test/core/enums/unit_type_test.dart: UnitType translationKey returns correct key for cubicMeters                                                                                00:01 +35: c:/probrab1/test/core/enums/unit_type_test.dart: UnitType translationKey returns correct key for linearMeters                                                                               00:01 +36: c:/probrab1/test/core/enums/unit_type_test.dart: UnitType translationKey returns correct key for linearMeters                                                                               00:01 +36: c:/probrab1/test/core/enums/unit_type_test.dart: UnitType translationKey returns correct key for pieces                                                                                     00:01 +37: c:/probrab1/test/core/enums/unit_type_test.dart: UnitType translationKey returns correct key for pieces                                                                                     00:01 +37: c:/probrab1/test/core/enums/unit_type_test.dart: UnitType translationKey returns correct key for liters                                                                                     00:01 +38: c:/probrab1/test/core/enums/unit_type_test.dart: UnitType translationKey returns correct key for liters                                                                                     00:01 +38: c:/probrab1/test/core/enums/unit_type_test.dart: UnitType translationKey returns correct key for kilograms                                                                                  00:01 +39: c:/probrab1/test/core/enums/unit_type_test.dart: UnitType translationKey returns correct key for kilograms                                                                                  00:01 +39: c:/probrab1/test/core/enums/unit_type_test.dart: UnitType translationKey returns correct key for tons                                                                                       00:01 +40: c:/probrab1/test/core/enums/unit_type_test.dart: UnitType translationKey returns correct key for tons                                                                                       00:01 +40: c:/probrab1/test/core/enums/unit_type_test.dart: UnitType translationKey returns correct key for bags                                                                                       00:01 +41: c:/probrab1/test/core/enums/unit_type_test.dart: UnitType translationKey returns correct key for bags                                                                                       00:01 +41: c:/probrab1/test/core/enums/unit_type_test.dart: UnitType translationKey returns correct key for packages                                                                                   00:01 +42: c:/probrab1/test/core/enums/unit_type_test.dart: UnitType translationKey returns correct key for packages                                                                                   00:01 +42: c:/probrab1/test/core/enums/unit_type_test.dart: UnitType translationKey returns correct key for rolls                                                                                      00:01 +43: c:/probrab1/test/core/enums/unit_type_test.dart: UnitType translationKey returns correct key for rolls                                                                                      00:01 +43: c:/probrab1/test/core/enums/unit_type_test.dart: UnitType translationKey returns correct key for sheets                                                                                     00:01 +44: c:/probrab1/test/core/enums/unit_type_test.dart: UnitType translationKey returns correct key for sheets                                                                                     00:01 +44: c:/probrab1/test/core/enums/unit_type_test.dart: UnitType translationKey returns correct key for meters                                                                                     00:01 +45: c:/probrab1/test/core/enums/unit_type_test.dart: UnitType translationKey returns correct key for meters                                                                                     00:01 +45: c:/probrab1/test/core/enums/unit_type_test.dart: UnitType translationKey returns correct key for centimeters                                                                                00:01 +46: c:/probrab1/test/core/enums/unit_type_test.dart: UnitType translationKey returns correct key for centimeters                                                                                00:01 +46: c:/probrab1/test/core/enums/unit_type_test.dart: UnitType translationKey returns correct key for millimeters                                                                                00:01 +47: c:/probrab1/test/core/enums/unit_type_test.dart: UnitType translationKey returns correct key for millimeters                                                                                00:01 +47: c:/probrab1/test/core/enums/unit_type_test.dart: UnitType translationKey returns correct key for percent                                                                                    00:01 +48: c:/probrab1/test/core/enums/unit_type_test.dart: UnitType translationKey returns correct key for percent                                                                                    00:01 +48: c:/probrab1/test/core/enums/unit_type_test.dart: UnitType translationKey returns correct key for hours                                                                                      00:01 +49: c:/probrab1/test/core/enums/unit_type_test.dart: UnitType translationKey returns correct key for hours                                                                                      00:01 +49: c:/probrab1/test/core/enums/unit_type_test.dart: UnitType translationKey returns correct key for days                                                                                       00:01 +50: c:/probrab1/test/core/enums/unit_type_test.dart: UnitType translationKey returns correct key for days                                                                                       00:01 +50: c:/probrab1/test/core/enums/unit_type_test.dart: UnitType translationKey returns correct key for rubles                                                                                     00:01 +51: c:/probrab1/test/core/enums/unit_type_test.dart: UnitType translationKey returns correct key for rubles                                                                                     00:01 +51: c:/probrab1/test/core/enums/unit_type_test.dart: UnitType has all expected enum values                                                                                                      00:01 +52: c:/probrab1/test/core/enums/unit_type_test.dart: UnitType has all expected enum values                                                                                                      00:01 +52: loading c:/probrab1/test/core/errors/error_handler_test.dart                                                                                                                                00:01 +52: c:/probrab1/test/core/errors/error_handler_test.dart: ErrorHandler categorizes network errors correctly                                                                                     00:01 +53: c:/probrab1/test/core/errors/error_handler_test.dart: ErrorHandler categorizes network errors correctly                                                                                     00:01 +53: c:/probrab1/test/core/errors/error_handler_test.dart: ErrorHandler categorizes database errors correctly                                                                                    00:01 +54: c:/probrab1/test/core/errors/error_handler_test.dart: ErrorHandler categorizes database errors correctly                                                                                    00:01 +54: c:/probrab1/test/core/errors/error_handler_test.dart: ErrorHandler categorizes parsing errors correctly                                                                                     00:01 +55: c:/probrab1/test/core/errors/error_handler_test.dart: ErrorHandler categorizes parsing errors correctly                                                                                     00:01 +55: c:/probrab1/test/core/errors/error_handler_test.dart: ErrorHandler categorizes file system errors correctly                                                                                 00:01 +56: c:/probrab1/test/core/errors/error_handler_test.dart: ErrorHandler categorizes file system errors correctly                                                                                 00:01 +56: c:/probrab1/test/core/errors/error_handler_test.dart: ErrorHandler categorizes validation errors correctly                                                                                  00:01 +57: c:/probrab1/test/core/errors/error_handler_test.dart: ErrorHandler categorizes validation errors correctly                                                                                  00:01 +57: c:/probrab1/test/core/errors/error_handler_test.dart: ErrorHandler categorizes unknown errors as unknown                                                                                    00:01 +58: c:/probrab1/test/core/errors/error_handler_test.dart: ErrorHandler categorizes unknown errors as unknown                                                                                    00:01 +58: c:/probrab1/test/core/errors/error_handler_test.dart: ErrorHandler returns user-friendly message for network errors                                                                         00:01 +59: c:/probrab1/test/core/errors/error_handler_test.dart: ErrorHandler returns user-friendly message for network errors                                                                         00:01 +59: c:/probrab1/test/core/errors/error_handler_test.dart: ErrorHandler returns user-friendly message for database errors                                                                        00:01 +60: c:/probrab1/test/core/errors/error_handler_test.dart: ErrorHandler returns user-friendly message for database errors                                                                        00:01 +60: c:/probrab1/test/core/errors/error_handler_test.dart: ErrorHandler returns user-friendly message for parsing errors                                                                         00:01 +61: c:/probrab1/test/core/errors/error_handler_test.dart: ErrorHandler returns user-friendly message for parsing errors                                                                         00:01 +61: c:/probrab1/test/core/errors/error_handler_test.dart: ErrorHandler returns user-friendly message for file system errors                                                                     00:01 +62: c:/probrab1/test/core/errors/error_handler_test.dart: ErrorHandler returns user-friendly message for file system errors                                                                     00:01 +62: c:/probrab1/test/core/errors/error_handler_test.dart: ErrorHandler returns user-friendly message for validation errors                                                                      00:01 +63: c:/probrab1/test/core/errors/error_handler_test.dart: ErrorHandler returns user-friendly message for validation errors                                                                      00:01 +63: c:/probrab1/test/core/errors/error_handler_test.dart: ErrorHandler returns generic message for unknown errors                                                                               00:01 +64: c:/probrab1/test/core/errors/error_handler_test.dart: ErrorHandler returns generic message for unknown errors                                                                               00:01 +64: c:/probrab1/test/core/errors/error_handler_test.dart: ErrorHandler logError does not throw                                                                                                  00:01 +64: c:/probrab1/test/core/errors/error_handler_test.dart: ErrorHandler logError does not throw                                                                                                  
[2025-12-08T15:50:23.158873] [TestContext] [UNKNOWN] Error: Exception: Test error
Stack trace: #0      main.<anonymous closure>.<anonymous closure> (file:///c:/probrab1/test/core/errors/error_handler_test.dart:92:37)
#1      Declarer.test.<anonymous closure>.<anonymous closure> (package:test_api/src/backend/declarer.dart:242:19)
<asynchronous suspension>
#2      Declarer.test.<anonymous closure> (package:test_api/src/backend/declarer.dart:240:7)
<asynchronous suspension>
#3      Invoker._waitForOutstandingCallbacks.<anonymous closure> (package:test_api/src/backend/invoker.dart:282:9)
<asynchronous suspension>

Failed to send error to Firebase: [core/no-app] No Firebase App '[DEFAULT]' has been created - call Firebase.initializeApp()
00:01 +65: c:/probrab1/test/core/errors/error_handler_test.dart: ErrorHandler logError does not throw                                                                                                  00:01 +65: c:/probrab1/test/core/errors/error_handler_test.dart: ErrorHandler logFatalError does not throw                                                                                             00:01 +65: c:/probrab1/test/core/errors/error_handler_test.dart: ErrorHandler logFatalError does not throw                                                                                             
[FATAL] [TestContext] [UNKNOWN] Error: Exception: Fatal error
Stack trace: #0      main.<anonymous closure>.<anonymous closure> (file:///c:/probrab1/test/core/errors/error_handler_test.dart:100:37)
#1      Declarer.test.<anonymous closure>.<anonymous closure> (package:test_api/src/backend/declarer.dart:242:19)
<asynchronous suspension>
#2      Declarer.test.<anonymous closure> (package:test_api/src/backend/declarer.dart:240:7)
<asynchronous suspension>
#3      Invoker._waitForOutstandingCallbacks.<anonymous closure> (package:test_api/src/backend/invoker.dart:282:9)
<asynchronous suspension>

Failed to send fatal error to Firebase: [core/no-app] No Firebase App '[DEFAULT]' has been created - call Firebase.initializeApp()
00:01 +66: c:/probrab1/test/core/errors/error_handler_test.dart: ErrorHandler logFatalError does not throw                                                                                             00:01 +66: loading c:/probrab1/test/core/exceptions/storage_exception_test.dart                                                                                                                        00:01 +66: c:/probrab1/test/core/exceptions/storage_exception_test.dart: StorageException creates instance with all fields                                                                             00:01 +67: c:/probrab1/test/core/exceptions/storage_exception_test.dart: StorageException creates instance with all fields                                                                             00:01 +67: c:/probrab1/test/core/exceptions/storage_exception_test.dart: StorageException factory constructors notFound creates exception with correct fields                                          00:01 +68: c:/probrab1/test/core/exceptions/storage_exception_test.dart: StorageException factory constructors notFound creates exception with correct fields                                          00:01 +68: c:/probrab1/test/core/exceptions/storage_exception_test.dart: StorageException factory constructors saveError creates exception with correct fields                                         00:01 +69: c:/probrab1/test/core/exceptions/storage_exception_test.dart: StorageException factory constructors saveError creates exception with correct fields                                         00:01 +69: c:/probrab1/test/core/exceptions/storage_exception_test.dart: StorageException factory constructors deleteError creates exception with correct fields                                       00:01 +70: c:/probrab1/test/core/exceptions/storage_exception_test.dart: StorageException factory constructors deleteError creates exception with correct fields                                       00:01 +70: c:/probrab1/test/core/exceptions/storage_exception_test.dart: StorageException factory constructors readError creates exception with correct fields                                         00:01 +71: c:/probrab1/test/core/exceptions/storage_exception_test.dart: StorageException factory constructors readError creates exception with correct fields                                         00:01 +71: c:/probrab1/test/core/exceptions/storage_exception_test.dart: StorageException factory constructors databaseError creates exception with correct fields                                     00:01 +72: c:/probrab1/test/core/exceptions/storage_exception_test.dart: StorageException factory constructors databaseError creates exception with correct fields                                     00:01 +72: c:/probrab1/test/core/exceptions/storage_exception_test.dart: StorageException getUserMessage returns user-friendly message for NOT_FOUND                                                   00:01 +73: c:/probrab1/test/core/exceptions/storage_exception_test.dart: StorageException getUserMessage returns user-friendly message for NOT_FOUND                                                   00:01 +73: c:/probrab1/test/core/exceptions/storage_exception_test.dart: StorageException getUserMessage returns user-friendly message for SAVE_ERROR                                                  00:01 +74: c:/probrab1/test/core/exceptions/storage_exception_test.dart: StorageException getUserMessage returns user-friendly message for SAVE_ERROR                                                  00:01 +74: c:/probrab1/test/core/exceptions/storage_exception_test.dart: StorageException getUserMessage returns user-friendly message for DELETE_ERROR                                                00:01 +75: c:/probrab1/test/core/exceptions/storage_exception_test.dart: StorageException getUserMessage returns user-friendly message for DELETE_ERROR                                                00:01 +75: c:/probrab1/test/core/exceptions/storage_exception_test.dart: StorageException getUserMessage returns user-friendly message for READ_ERROR                                                  00:01 +76: c:/probrab1/test/core/exceptions/storage_exception_test.dart: StorageException getUserMessage returns user-friendly message for READ_ERROR                                                  00:01 +76: c:/probrab1/test/core/exceptions/storage_exception_test.dart: StorageException getUserMessage returns generic message for unknown code                                                      00:01 +77: c:/probrab1/test/core/exceptions/storage_exception_test.dart: StorageException getUserMessage returns generic message for unknown code                                                      00:01 +77: c:/probrab1/test/core/exceptions/storage_exception_test.dart: StorageException getUserMessage returns generic message for null code                                                         00:01 +78: c:/probrab1/test/core/exceptions/storage_exception_test.dart: StorageException getUserMessage returns generic message for null code                                                         00:01 +78: c:/probrab1/test/core/exceptions/storage_exception_test.dart: StorageException toString includes message                                                                                    00:01 +79: c:/probrab1/test/core/exceptions/storage_exception_test.dart: StorageException toString includes message                                                                                    00:01 +79: c:/probrab1/test/core/exceptions/storage_exception_test.dart: StorageException can be caught as AppException                                                                                00:01 +80: c:/probrab1/test/core/exceptions/storage_exception_test.dart: StorageException can be caught as AppException                                                                                00:02 +80: c:/probrab1/test/core/exceptions/storage_exception_test.dart: StorageException can be caught as AppException                                                                                00:02 +80: loading c:/probrab1/test/core/responsive/responsive_layout_test.dart                                                                                                                        00:02 +80: c:/probrab1/test/core/responsive/responsive_layout_test.dart: ResponsiveBreakpoints identifies phone for narrow screens                                                                     00:02 +81: c:/probrab1/test/core/responsive/responsive_layout_test.dart: ResponsiveBreakpoints identifies phone for narrow screens                                                                     00:02 +82: c:/probrab1/test/core/responsive/responsive_layout_test.dart: ResponsiveBreakpoints identifies phone for narrow screens                                                                     00:02 +83: c:/probrab1/test/core/responsive/responsive_layout_test.dart: ResponsiveBreakpoints identifies phone for narrow screens                                                                     00:02 +84: c:/probrab1/test/core/responsive/responsive_layout_test.dart: ResponsiveBreakpoints identifies phone for narrow screens                                                                     00:02 +85: c:/probrab1/test/core/responsive/responsive_layout_test.dart: ResponsiveBreakpoints identifies phone for narrow screens                                                                     00:02 +86: c:/probrab1/test/core/responsive/responsive_layout_test.dart: ResponsiveBreakpoints identifies phone for narrow screens                                                                     00:02 +87: c:/probrab1/test/core/responsive/responsive_layout_test.dart: ResponsiveBreakpoints identifies phone for narrow screens                                                                     00:02 +87: c:/probrab1/test/core/responsive/responsive_layout_test.dart: ResponsiveBreakpoints identifies tablet for medium screens                                                                    00:02 +88: c:/probrab1/test/core/validation/calculator_input_validator_test.dart: CalculatorInputValidator validate - required field returns error for empty required field                            00:02 +89: c:/probrab1/test/core/validation/calculator_input_validator_test.dart: CalculatorInputValidator validate - required field returns error for empty required field                            00:02 +89: c:/probrab1/test/core/validation/calculator_input_validator_test.dart: CalculatorInputValidator validate - required field returns error for null required field                             00:02 +90: c:/probrab1/test/core/responsive/responsive_layout_test.dart: ResponsiveBreakpoints identifies desktop for wide screens                                                                     00:02 +91: c:/probrab1/test/core/responsive/responsive_layout_test.dart: ResponsiveBreakpoints identifies desktop for wide screens                                                                     00:02 +92: c:/probrab1/test/core/responsive/responsive_layout_test.dart: ResponsiveBreakpoints identifies desktop for wide screens                                                                     00:02 +93: c:/probrab1/test/core/responsive/responsive_layout_test.dart: ResponsiveBreakpoints identifies desktop for wide screens                                                                     00:02 +94: c:/probrab1/test/core/responsive/responsive_layout_test.dart: ResponsiveBreakpoints identifies desktop for wide screens                                                                     00:02 +95: c:/probrab1/test/core/responsive/responsive_layout_test.dart: ResponsiveBreakpoints identifies desktop for wide screens                                                                     00:02 +96: c:/probrab1/test/core/responsive/responsive_layout_test.dart: ResponsiveBreakpoints identifies desktop for wide screens                                                                     00:02 +97: c:/probrab1/test/core/responsive/responsive_layout_test.dart: ResponsiveBreakpoints identifies desktop for wide screens                                                                     00:02 +98: c:/probrab1/test/core/responsive/responsive_layout_test.dart: ResponsiveBreakpoints identifies desktop for wide screens                                                                     00:02 +99: c:/probrab1/test/core/validation/calculator_input_validator_test.dart: CalculatorInputValidator validate - zero values allows zero for doors fields                                         00:02 +100: c:/probrab1/test/core/validation/calculator_input_validator_test.dart: CalculatorInputValidator validate - zero values allows zero for doors fields                                        00:02 +100: c:/probrab1/test/core/responsive/responsive_layout_test.dart: ResponsiveBreakpoints isTabletOrLarger works correctly                                                                       00:02 +101: c:/probrab1/test/core/responsive/responsive_layout_test.dart: ResponsiveBreakpoints isTabletOrLarger works correctly                                                                       00:02 +102: c:/probrab1/test/core/responsive/responsive_layout_test.dart: ResponsiveBreakpoints isTabletOrLarger works correctly                                                                       00:02 +103: c:/probrab1/test/core/responsive/responsive_layout_test.dart: ResponsiveBreakpoints isTabletOrLarger works correctly                                                                       00:02 +104: c:/probrab1/test/core/responsive/responsive_layout_test.dart: ResponsiveBreakpoints isTabletOrLarger works correctly                                                                       00:02 +105: c:/probrab1/test/core/responsive/responsive_layout_test.dart: ResponsiveBreakpoints isTabletOrLarger works correctly                                                                       00:02 +106: c:/probrab1/test/core/responsive/responsive_layout_test.dart: ResponsiveBreakpoints isTabletOrLarger works correctly                                                                       00:02 +107: c:/probrab1/test/core/responsive/responsive_layout_test.dart: ResponsiveBreakpoints isTabletOrLarger works correctly                                                                       00:02 +108: c:/probrab1/test/core/responsive/responsive_layout_test.dart: ResponsiveBreakpoints isTabletOrLarger works correctly                                                                       00:02 +109: c:/probrab1/test/core/responsive/responsive_layout_test.dart: ResponsiveBreakpoints isTabletOrLarger works correctly                                                                       00:02 +110: c:/probrab1/test/core/responsive/responsive_layout_test.dart: ResponsiveBreakpoints isTabletOrLarger works correctly                                                                       00:02 +111: c:/probrab1/test/core/responsive/responsive_layout_test.dart: ResponsiveBreakpoints isTabletOrLarger works correctly                                                                       00:02 +112: c:/probrab1/test/core/responsive/responsive_layout_test.dart: ResponsiveBreakpoints isTabletOrLarger works correctly                                                                       00:02 +113: c:/probrab1/test/core/responsive/responsive_layout_test.dart: ResponsiveBreakpoints isTabletOrLarger works correctly                                                                       00:02 +114: c:/probrab1/test/core/responsive/responsive_layout_test.dart: ResponsiveBreakpoints isTabletOrLarger works correctly                                                                       00:02 +114: c:/probrab1/test/core/responsive/responsive_layout_test.dart: ResponsiveLayout shows phone layout on narrow screens                                                                        00:02 +115: c:/probrab1/test/core/responsive/responsive_layout_test.dart: ResponsiveLayout shows phone layout on narrow screens                                                                        00:02 +115: c:/probrab1/test/core/responsive/responsive_layout_test.dart: ResponsiveLayout shows tablet layout on medium screens                                                                       00:02 +116: c:/probrab1/test/core/responsive/responsive_layout_test.dart: ResponsiveLayout shows tablet layout on medium screens                                                                       00:02 +116: c:/probrab1/test/core/responsive/responsive_layout_test.dart: ResponsiveLayout shows desktop layout on wide screens                                                                        00:02 +117: c:/probrab1/test/core/validation/field_validator_test.dart: FieldValidator validate returns null for valid required field                                                                  00:02 +118: c:/probrab1/test/core/validation/field_validator_test.dart: FieldValidator validate returns null for valid required field                                                                  00:02 +118: c:/probrab1/test/core/responsive/responsive_layout_test.dart: ResponsiveLayout falls back to phone when tablet not provided                                                                00:02 +119: c:/probrab1/test/core/responsive/responsive_layout_test.dart: ResponsiveLayout falls back to phone when tablet not provided                                                                00:02 +120: c:/probrab1/test/core/responsive/responsive_layout_test.dart: ResponsiveLayout falls back to phone when tablet not provided                                                                00:02 +121: c:/probrab1/test/core/responsive/responsive_layout_test.dart: ResponsiveLayout falls back to phone when tablet not provided                                                                00:02 +122: c:/probrab1/test/core/responsive/responsive_layout_test.dart: ResponsiveLayout falls back to phone when tablet not provided                                                                00:02 +123: c:/probrab1/test/core/responsive/responsive_layout_test.dart: ResponsiveLayout falls back to phone when tablet not provided                                                                00:02 +124: c:/probrab1/test/core/responsive/responsive_layout_test.dart: ResponsiveLayout falls back to phone when tablet not provided                                                                00:02 +125: c:/probrab1/test/core/responsive/responsive_layout_test.dart: ResponsiveLayout falls back to phone when tablet not provided                                                                00:02 +126: c:/probrab1/test/core/validation/field_validator_test.dart: FieldValidator validateAll returns empty list for valid inputs                                                                 00:02 +127: c:/probrab1/test/core/responsive/responsive_layout_test.dart: ResponsiveLayout falls back to tablet when desktop not provided                                                              00:02 +128: c:/probrab1/test/core/responsive/responsive_layout_test.dart: ResponsiveLayout falls back to tablet when desktop not provided                                                              00:02 +129: c:/probrab1/test/core/responsive/responsive_layout_test.dart: ResponsiveLayout falls back to tablet when desktop not provided                                                              00:02 +130: c:/probrab1/test/core/responsive/responsive_layout_test.dart: ResponsiveLayout falls back to tablet when desktop not provided                                                              00:02 +131: c:/probrab1/test/core/responsive/responsive_layout_test.dart: ResponsiveLayout falls back to tablet when desktop not provided                                                              00:02 +132: c:/probrab1/test/core/responsive/responsive_layout_test.dart: ResponsiveLayout falls back to tablet when desktop not provided                                                              00:02 +133: c:/probrab1/test/core/responsive/responsive_layout_test.dart: ResponsiveLayout falls back to tablet when desktop not provided                                                              00:02 +134: c:/probrab1/test/core/responsive/responsive_layout_test.dart: ResponsiveLayout falls back to tablet when desktop not provided                                                              00:02 +135: c:/probrab1/test/core/responsive/responsive_layout_test.dart: ResponsiveLayout falls back to tablet when desktop not provided                                                              00:02 +136: c:/probrab1/test/core/responsive/responsive_layout_test.dart: ResponsiveLayout falls back to tablet when desktop not provided                                                              00:02 +137: c:/probrab1/test/core/validation/field_validator_test.dart: FieldValidator getMissingRequiredFields returns missing required field keys                                                    00:02 +138: c:/probrab1/test/core/responsive/responsive_layout_test.dart: ResponsiveSizes returns phone size for narrow screens                                                                        00:02 +139: c:/probrab1/test/core/responsive/responsive_layout_test.dart: ResponsiveSizes returns phone size for narrow screens                                                                        00:02 +140: c:/probrab1/test/core/responsive/responsive_layout_test.dart: ResponsiveSizes returns phone size for narrow screens                                                                        00:02 +141: c:/probrab1/test/core/responsive/responsive_layout_test.dart: ResponsiveSizes returns phone size for narrow screens                                                                        00:02 +142: c:/probrab1/test/core/responsive/responsive_layout_test.dart: ResponsiveSizes returns phone size for narrow screens                                                                        00:02 +143: c:/probrab1/test/core/responsive/responsive_layout_test.dart: ResponsiveSizes returns phone size for narrow screens                                                                        00:02 +144: c:/probrab1/test/core/responsive/responsive_layout_test.dart: ResponsiveSizes returns phone size for narrow screens                                                                        00:02 +145: c:/probrab1/test/core/responsive/responsive_layout_test.dart: ResponsiveSizes returns phone size for narrow screens                                                                        00:02 +146: c:/probrab1/test/core/responsive/responsive_layout_test.dart: ResponsiveSizes returns phone size for narrow screens                                                                        00:02 +147: c:/probrab1/test/core/validation/field_validator_test.dart: FieldValidator validateLogical returns error for height > 10                                                                   00:02 +148: c:/probrab1/test/core/responsive/responsive_layout_test.dart: ResponsiveSizes returns tablet size for medium screens                                                                       00:02 +149: c:/probrab1/test/core/responsive/responsive_layout_test.dart: ResponsiveSizes returns tablet size for medium screens                                                                       00:02 +150: c:/probrab1/test/core/responsive/responsive_layout_test.dart: ResponsiveSizes returns tablet size for medium screens                                                                       00:02 +151: c:/probrab1/test/core/responsive/responsive_layout_test.dart: ResponsiveSizes returns tablet size for medium screens                                                                       00:02 +152: c:/probrab1/test/core/responsive/responsive_layout_test.dart: ResponsiveSizes returns tablet size for medium screens                                                                       00:02 +153: c:/probrab1/test/core/responsive/responsive_layout_test.dart: ResponsiveSizes returns tablet size for medium screens                                                                       00:02 +154: c:/probrab1/test/core/responsive/responsive_layout_test.dart: ResponsiveSizes returns tablet size for medium screens                                                                       00:02 +155: c:/probrab1/test/core/responsive/responsive_layout_test.dart: ResponsiveSizes returns tablet size for medium screens                                                                       00:02 +156: c:/probrab1/test/core/responsive/responsive_layout_test.dart: ResponsiveSizes returns tablet size for medium screens                                                                       00:02 +157: c:/probrab1/test/core/validation/field_validator_test.dart: FieldValidator sqrt extension calculates square root correctly                                                                 00:02 +158: c:/probrab1/test/core/responsive/responsive_layout_test.dart: ResponsiveSizes returns scaled size when tablet not specified                                                                00:02 +159: c:/probrab1/test/core/responsive/responsive_layout_test.dart: ResponsiveSizes returns scaled size when tablet not specified                                                                00:02 +160: c:/probrab1/test/core/responsive/responsive_layout_test.dart: ResponsiveSizes returns scaled size when tablet not specified                                                                00:02 +160: c:/probrab1/test/core/responsive/responsive_layout_test.dart: ResponsiveSizes getGridColumns returns correct values                                                                        00:02 +161: c:/probrab1/test/core/responsive/responsive_layout_test.dart: ResponsiveSizes getGridColumns returns correct values                                                                        00:02 +161: c:/probrab1/test/core/responsive/responsive_layout_test.dart: ResponsiveContext extension provides convenient context extensions                                                           00:02 +162: c:/probrab1/test/core/validation/input_sanitizer_test.dart: InputSanitizer sanitizeNumericInput removes non-numeric characters                                                             00:02 +163: c:/probrab1/test/core/responsive/responsive_layout_test.dart: ResponsiveContext extension detects orientation correctly                                                                    00:02 +164: c:/probrab1/test/core/responsive/responsive_layout_test.dart: ResponsiveContext extension detects orientation correctly                                                                    00:02 +165: c:/probrab1/test/core/responsive/responsive_layout_test.dart: ResponsiveContext extension detects orientation correctly                                                                    00:02 +166: c:/probrab1/test/core/responsive/responsive_layout_test.dart: ResponsiveContext extension detects orientation correctly                                                                    00:02 +167: c:/probrab1/test/core/responsive/responsive_layout_test.dart: ResponsiveContext extension detects orientation correctly                                                                    00:02 +168: c:/probrab1/test/core/validation/input_sanitizer_test.dart: InputSanitizer normalizeValue clamps value to min                                                                              00:02 +169: c:/probrab1/test/core/validation/input_sanitizer_test.dart: InputSanitizer normalizeValue clamps value to min                                                                              00:02 +169: c:/probrab1/test/core/validation/input_sanitizer_test.dart: InputSanitizer normalizeValue clamps value to max                                                                              00:02 +170: c:/probrab1/test/core/validation/input_sanitizer_test.dart: InputSanitizer normalizeValue clamps value to max                                                                              00:02 +170: c:/probrab1/test/core/validation/input_sanitizer_test.dart: InputSanitizer normalizeValue clamps value to range                                                                            00:02 +171: c:/probrab1/test/core/validation/input_sanitizer_test.dart: InputSanitizer normalizeValue clamps value to range                                                                            00:02 +171: c:/probrab1/test/core/validation/input_sanitizer_test.dart: InputSanitizer normalizeValue rounds to specified decimals                                                                     00:02 +172: c:/probrab1/test/core/validation/input_sanitizer_test.dart: InputSanitizer normalizeValue rounds to specified decimals                                                                     00:02 +172: c:/probrab1/test/core/validation/input_sanitizer_test.dart: InputSanitizer normalizeValue combines clamping and rounding                                                                   00:02 +173: c:/probrab1/test/core/validation/input_sanitizer_test.dart: InputSanitizer normalizeValue combines clamping and rounding                                                                   00:02 +173: c:/probrab1/test/core/validation/input_sanitizer_test.dart: InputSanitizer trimAndClean removes leading and trailing spaces                                                                00:02 +174: c:/probrab1/test/core/validation/input_sanitizer_test.dart: InputSanitizer trimAndClean removes leading and trailing spaces                                                                00:02 +174: c:/probrab1/test/core/validation/input_sanitizer_test.dart: InputSanitizer trimAndClean replaces multiple spaces with single space                                                         00:02 +175: c:/probrab1/test/core/validation/input_sanitizer_test.dart: InputSanitizer trimAndClean replaces multiple spaces with single space                                                         00:02 +175: c:/probrab1/test/core/validation/input_sanitizer_test.dart: InputSanitizer isValidNumber returns true for valid numbers                                                                    00:02 +176: c:/probrab1/test/core/validation/input_sanitizer_test.dart: InputSanitizer isValidNumber returns true for valid numbers                                                                    00:02 +176: c:/probrab1/test/core/validation/input_sanitizer_test.dart: InputSanitizer isValidNumber returns true for valid numbers with comma                                                         00:02 +177: c:/probrab1/test/core/validation/input_sanitizer_test.dart: InputSanitizer isValidNumber returns true for valid numbers with comma                                                         00:02 +177: c:/probrab1/test/core/validation/input_sanitizer_test.dart: InputSanitizer isValidNumber returns false for invalid numbers                                                                 00:02 +178: c:/probrab1/test/core/validation/input_sanitizer_test.dart: InputSanitizer isValidNumber returns false for invalid numbers                                                                 00:02 +178: c:/probrab1/test/core/validation/input_sanitizer_test.dart: InputSanitizer isValidNumber returns true for numbers with extra characters                                                    00:02 +179: c:/probrab1/test/core/validation/input_sanitizer_test.dart: InputSanitizer isValidNumber returns true for numbers with extra characters                                                    00:02 +179: c:/probrab1/test/core/validation/input_sanitizer_test.dart: InputSanitizer parseDouble parses valid numbers                                                                                00:02 +180: c:/probrab1/test/core/validation/input_sanitizer_test.dart: InputSanitizer parseDouble parses valid numbers                                                                                00:02 +180: c:/probrab1/test/core/validation/input_sanitizer_test.dart: InputSanitizer parseDouble parses numbers with comma                                                                           00:02 +181: c:/probrab1/test/core/validation/input_sanitizer_test.dart: InputSanitizer parseDouble parses numbers with comma                                                                           00:02 +181: c:/probrab1/test/core/validation/input_sanitizer_test.dart: InputSanitizer parseDouble parses numbers with extra characters                                                                00:02 +182: c:/probrab1/test/core/validation/input_sanitizer_test.dart: InputSanitizer parseDouble parses numbers with extra characters                                                                00:02 +182: c:/probrab1/test/core/validation/input_sanitizer_test.dart: InputSanitizer parseDouble returns null for invalid input                                                                      00:02 +183: c:/probrab1/test/core/validation/input_sanitizer_test.dart: InputSanitizer parseDouble returns null for invalid input                                                                      00:02 +183: c:/probrab1/test/core/validation/input_sanitizer_test.dart: InputSanitizer formatNumber formats with specified decimals                                                                    00:02 +184: c:/probrab1/test/core/validation/input_sanitizer_test.dart: InputSanitizer formatNumber formats with specified decimals                                                                    00:02 +184: c:/probrab1/test/core/validation/input_sanitizer_test.dart: InputSanitizer formatNumber removes trailing zeros when enabled                                                                00:02 +185: c:/probrab1/test/core/validation/input_sanitizer_test.dart: InputSanitizer formatNumber removes trailing zeros when enabled                                                                00:02 +185: c:/probrab1/test/core/validation/input_sanitizer_test.dart: InputSanitizer formatNumber keeps trailing zeros when disabled                                                                 00:02 +186: c:/probrab1/test/core/validation/input_sanitizer_test.dart: InputSanitizer formatNumber keeps trailing zeros when disabled                                                                 00:02 +186: c:/probrab1/test/core/validation/input_sanitizer_test.dart: InputSanitizer roundToStep rounds to step                                                                                      00:02 +187: c:/probrab1/test/core/validation/input_sanitizer_test.dart: InputSanitizer roundToStep rounds to step                                                                                      00:02 +187: c:/probrab1/test/core/validation/input_sanitizer_test.dart: InputSanitizer roundToStep handles zero or negative step                                                                       00:02 +188: c:/probrab1/test/core/validation/input_sanitizer_test.dart: InputSanitizer roundToStep handles zero or negative step                                                                       00:02 +188: c:/probrab1/test/core/validation/input_sanitizer_test.dart: InputSanitizer clamp clamps value to range                                                                                     00:02 +189: c:/probrab1/test/core/validation/input_sanitizer_test.dart: InputSanitizer clamp clamps value to range                                                                                     00:02 +189: c:/probrab1/test/core/validation/input_sanitizer_test.dart: InputSanitizer clamp handles boundary values                                                                                   00:02 +190: c:/probrab1/test/core/validation/input_sanitizer_test.dart: InputSanitizer clamp handles boundary values                                                                                   00:02 +190: loading c:/probrab1/test/data/models/price_item_test.dart                                                                                                                                  00:02 +190: c:/probrab1/test/data/models/price_item_test.dart: PriceItem creates PriceItem with all fields                                                                                             00:02 +191: c:/probrab1/test/data/models/price_item_test.dart: PriceItem creates PriceItem with all fields                                                                                             00:02 +191: c:/probrab1/test/data/models/price_item_test.dart: PriceItem fromJson creates PriceItem correctly                                                                                          00:02 +192: c:/probrab1/test/data/models/price_item_test.dart: PriceItem fromJson creates PriceItem correctly                                                                                          00:02 +192: c:/probrab1/test/data/models/price_item_test.dart: PriceItem fromJson handles integer price                                                                                                00:02 +193: c:/probrab1/test/data/models/price_item_test.dart: PriceItem fromJson handles integer price                                                                                                00:02 +193: c:/probrab1/test/data/models/price_item_test.dart: PriceItem toJson converts PriceItem to Map correctly                                                                                    00:02 +194: c:/probrab1/test/data/models/price_item_test.dart: PriceItem toJson converts PriceItem to Map correctly                                                                                    00:02 +194: c:/probrab1/test/data/models/price_item_test.dart: PriceItem fromJson and toJson are symmetric                                                                                             00:02 +195: c:/probrab1/test/data/models/price_item_test.dart: PriceItem fromJson and toJson are symmetric                                                                                             00:02 +195: c:/probrab1/test/data/models/price_item_test.dart: PriceItem handles zero price                                                                                                            00:02 +196: c:/probrab1/test/data/models/price_item_test.dart: PriceItem handles zero price                                                                                                            00:02 +196: c:/probrab1/test/data/models/price_item_test.dart: PriceItem handles very large price                                                                                                      00:02 +197: c:/probrab1/test/data/models/price_item_test.dart: PriceItem handles very large price                                                                                                      00:02 +197: c:/probrab1/test/data/models/price_item_test.dart: PriceItem handles empty strings                                                                                                         00:02 +198: c:/probrab1/test/data/models/price_item_test.dart: PriceItem handles empty strings                                                                                                         00:03 +198: loading c:/probrab1/test/data/models/price_map_test.dart                                                                                                                                   00:03 +198: c:/probrab1/test/data/models/price_map_test.dart: PriceMap создаётся из списка PriceItem                                                                                                   00:03 +199: c:/probrab1/test/data/models/price_map_test.dart: PriceMap создаётся из списка PriceItem                                                                                                   00:03 +199: c:/probrab1/test/data/models/price_map_test.dart: PriceMap findBySku возвращает правильный элемент (O(1))                                                                                  00:03 +200: c:/probrab1/test/data/models/price_map_test.dart: PriceMap findBySku возвращает правильный элемент (O(1))                                                                                  00:03 +200: c:/probrab1/test/data/models/price_map_test.dart: PriceMap findBySku возвращает null для несуществующего SKU                                                                               00:03 +201: c:/probrab1/test/data/models/price_map_test.dart: PriceMap findBySku возвращает null для несуществующего SKU                                                                               00:03 +201: c:/probrab1/test/data/models/price_map_test.dart: PriceMap findBySkus возвращает первый найденный элемент                                                                                  00:03 +202: c:/probrab1/test/data/models/price_map_test.dart: PriceMap findBySkus возвращает первый найденный элемент                                                                                  00:03 +202: c:/probrab1/test/data/models/price_map_test.dart: PriceMap findBySkus возвращает null если ничего не найдено                                                                               00:03 +203: c:/probrab1/test/data/models/price_map_test.dart: PriceMap findBySkus возвращает null если ничего не найдено                                                                               00:03 +203: c:/probrab1/test/data/models/price_map_test.dart: PriceMap findAllBySkus возвращает все найденные элементы                                                                                 00:03 +204: c:/probrab1/test/data/models/price_map_test.dart: PriceMap findAllBySkus возвращает все найденные элементы                                                                                 00:03 +204: c:/probrab1/test/data/models/price_map_test.dart: PriceMap contains проверяет наличие SKU                                                                                                  00:03 +205: c:/probrab1/test/data/models/price_map_test.dart: PriceMap contains проверяет наличие SKU                                                                                                  00:03 +205: c:/probrab1/test/data/models/price_map_test.dart: PriceMap searchByName находит элементы (регистронезависимый)                                                                             00:03 +206: c:/probrab1/test/data/models/price_map_test.dart: PriceMap searchByName находит элементы (регистронезависимый)                                                                             00:03 +206: c:/probrab1/test/data/models/price_map_test.dart: PriceMap searchByName работает с английским                                                                                              00:03 +207: c:/probrab1/test/data/models/price_map_test.dart: PriceMap searchByName работает с английским                                                                                              00:03 +207: c:/probrab1/test/data/models/price_map_test.dart: PriceMap filterByPriceRange фильтрует по диапазону цен                                                                                   00:03 +208: c:/probrab1/test/data/models/price_map_test.dart: PriceMap filterByPriceRange фильтрует по диапазону цен                                                                                   00:03 +208: c:/probrab1/test/data/models/price_map_test.dart: PriceMap toList возвращает все элементы                                                                                                  00:03 +209: c:/probrab1/test/data/models/price_map_test.dart: PriceMap toList возвращает все элементы                                                                                                  00:03 +209: c:/probrab1/test/data/models/price_map_test.dart: PriceMap производительность: O(1) vs O(n)                                                                                                00:03 +209: c:/probrab1/test/data/models/price_map_test.dart: PriceMap производительность: O(1) vs O(n)                                                                                                
📊 Benchmark результаты:
  PriceMap O(1): 0ms
  List O(n):     19ms
  Ускорение:     Infinityx
00:03 +210: c:/probrab1/test/data/models/price_map_test.dart: PriceMap производительность: O(1) vs O(n)                                                                                                00:03 +210: loading c:/probrab1/test/data/repositories/calculation_repository_test.dart                                                                                                                00:03 +210: c:/probrab1/test/data/repositories/calculation_repository_test.dart: CalculationRepository saves calculation correctly                                                                     00:03 +210 -1: c:/probrab1/test/data/repositories/calculation_repository_test.dart: CalculationRepository saves calculation correctly [E]                                                              
  MissingPluginException(No implementation found for method getApplicationDocumentsDirectory on channel plugins.flutter.io/path_provider)
  package:flutter/src/services/platform_channel.dart 365:7  MethodChannel._invokeMethod
  

To run this test again: C:\flutter\bin\cache\dart-sdk\bin\dart.exe test c:/probrab1/test/data/repositories/calculation_repository_test.dart -p vm --plain-name "CalculationRepository saves calculation correctly"
00:03 +210 -1: c:/probrab1/test/data/repositories/calculation_repository_test.dart: CalculationRepository updates calculation correctly                                                                00:03 +210 -2: c:/probrab1/test/data/repositories/calculation_repository_test.dart: CalculationRepository updates calculation correctly [E]                                                            
  MissingPluginException(No implementation found for method getApplicationDocumentsDirectory on channel plugins.flutter.io/path_provider)
  package:flutter/src/services/platform_channel.dart 365:7  MethodChannel._invokeMethod
  

To run this test again: C:\flutter\bin\cache\dart-sdk\bin\dart.exe test c:/probrab1/test/data/repositories/calculation_repository_test.dart -p vm --plain-name "CalculationRepository updates calculation correctly"
00:03 +210 -2: c:/probrab1/test/data/repositories/calculation_repository_test.dart: CalculationRepository gets calculations by category                                                                00:03 +210 -3: c:/probrab1/test/data/repositories/calculation_repository_test.dart: CalculationRepository gets calculations by category [E]                                                            
  MissingPluginException(No implementation found for method getApplicationDocumentsDirectory on channel plugins.flutter.io/path_provider)
  package:flutter/src/services/platform_channel.dart 365:7  MethodChannel._invokeMethod
  

To run this test again: C:\flutter\bin\cache\dart-sdk\bin\dart.exe test c:/probrab1/test/data/repositories/calculation_repository_test.dart -p vm --plain-name "CalculationRepository gets calculations by category"
00:03 +210 -3: c:/probrab1/test/data/repositories/calculation_repository_test.dart: CalculationRepository deletes calculation correctly                                                                00:03 +210 -4: c:/probrab1/test/data/repositories/calculation_repository_test.dart: CalculationRepository deletes calculation correctly [E]                                                            
  MissingPluginException(No implementation found for method getApplicationDocumentsDirectory on channel plugins.flutter.io/path_provider)
  package:flutter/src/services/platform_channel.dart 365:7  MethodChannel._invokeMethod
  

To run this test again: C:\flutter\bin\cache\dart-sdk\bin\dart.exe test c:/probrab1/test/data/repositories/calculation_repository_test.dart -p vm --plain-name "CalculationRepository deletes calculation correctly"
00:03 +210 -4: c:/probrab1/test/data/repositories/calculation_repository_test.dart: CalculationRepository searches calculations by title                                                               00:03 +210 -5: c:/probrab1/test/data/repositories/calculation_repository_test.dart: CalculationRepository searches calculations by title [E]                                                           
  MissingPluginException(No implementation found for method getApplicationDocumentsDirectory on channel plugins.flutter.io/path_provider)
  package:flutter/src/services/platform_channel.dart 365:7  MethodChannel._invokeMethod
  

To run this test again: C:\flutter\bin\cache\dart-sdk\bin\dart.exe test c:/probrab1/test/data/repositories/calculation_repository_test.dart -p vm --plain-name "CalculationRepository searches calculations by title"
00:03 +210 -5: c:/probrab1/test/data/repositories/calculation_repository_test.dart: CalculationRepository calculates statistics correctly                                                              00:03 +210 -6: c:/probrab1/test/data/repositories/calculation_repository_test.dart: CalculationRepository calculates statistics correctly [E]                                                          
  MissingPluginException(No implementation found for method getApplicationDocumentsDirectory on channel plugins.flutter.io/path_provider)
  package:flutter/src/services/platform_channel.dart 365:7  MethodChannel._invokeMethod
  

To run this test again: C:\flutter\bin\cache\dart-sdk\bin\dart.exe test c:/probrab1/test/data/repositories/calculation_repository_test.dart -p vm --plain-name "CalculationRepository calculates statistics correctly"
00:03 +210 -6: c:/probrab1/test/data/repositories/calculation_repository_test.dart: CalculationRepository handles empty repository                                                                     00:03 +210 -7: c:/probrab1/test/data/repositories/calculation_repository_test.dart: CalculationRepository handles empty repository [E]                                                                 
  MissingPluginException(No implementation found for method getApplicationDocumentsDirectory on channel plugins.flutter.io/path_provider)
  package:flutter/src/services/platform_channel.dart 365:7  MethodChannel._invokeMethod
  

To run this test again: C:\flutter\bin\cache\dart-sdk\bin\dart.exe test c:/probrab1/test/data/repositories/calculation_repository_test.dart -p vm --plain-name "CalculationRepository handles empty repository"
00:03 +210 -7: c:/probrab1/test/data/repositories/calculation_repository_test.dart: CalculationRepository preserves JSON data correctly                                                                00:03 +210 -8: c:/probrab1/test/data/repositories/calculation_repository_test.dart: CalculationRepository preserves JSON data correctly [E]                                                            
  MissingPluginException(No implementation found for method getApplicationDocumentsDirectory on channel plugins.flutter.io/path_provider)
  package:flutter/src/services/platform_channel.dart 365:7  MethodChannel._invokeMethod
  

To run this test again: C:\flutter\bin\cache\dart-sdk\bin\dart.exe test c:/probrab1/test/data/repositories/calculation_repository_test.dart -p vm --plain-name "CalculationRepository preserves JSON data correctly"
00:03 +210 -8: loading c:/probrab1/test/data/repositories/price_repository_test.dart                                                                                                                   00:03 +210 -8: c:/probrab1/test/data/repositories/price_repository_test.dart: PriceRepository loads prices from data source                                                                            00:03 +211 -8: c:/probrab1/test/data/repositories/price_repository_test.dart: PriceRepository loads prices from data source                                                                            00:03 +211 -8: c:/probrab1/test/data/repositories/price_repository_test.dart: PriceRepository caches prices for same region                                                                            00:03 +212 -8: c:/probrab1/test/data/repositories/price_repository_test.dart: PriceRepository caches prices for same region                                                                            00:03 +212 -8: c:/probrab1/test/data/repositories/price_repository_test.dart: PriceRepository caches prices separately for different regions                                                           00:03 +213 -8: c:/probrab1/test/data/repositories/price_repository_test.dart: PriceRepository caches prices separately for different regions                                                           00:03 +213 -8: c:/probrab1/test/data/repositories/price_repository_test.dart: PriceRepository forceRefresh bypasses cache                                                                              00:03 +214 -8: c:/probrab1/test/data/repositories/price_repository_test.dart: PriceRepository forceRefresh bypasses cache                                                                              00:03 +214 -8: c:/probrab1/test/data/repositories/price_repository_test.dart: PriceRepository clearCache removes cached data                                                                           00:03 +215 -8: c:/probrab1/test/data/repositories/price_repository_test.dart: PriceRepository clearCache removes cached data                                                                           00:03 +215 -8: c:/probrab1/test/data/repositories/price_repository_test.dart: PriceRepository clearCache without region clears all cache                                                               00:03 +216 -9: c:/probrab1/test/data/repositories/price_repository_test.dart: PriceRepository clearCache without region clears all cache                                                               00:03 +216 -9: c:/probrab1/test/data/repositories/price_repository_test.dart: PriceRepository handles region mapping correctly                                                                         00:03 +216 -9: c:/probrab1/test/data/repositories/project_repository_test.dart: ProjectRepository saves project correctly [E]                                                                          
  MissingPluginException(No implementation found for method getApplicationDocumentsDirectory on channel plugins.flutter.io/path_provider)
  package:flutter/src/services/platform_channel.dart 365:7  MethodChannel._invokeMethod
  

To run this test again: C:\flutter\bin\cache\dart-sdk\bin\dart.exe test c:/probrab1/test/data/repositories/project_repository_test.dart -p vm --plain-name "ProjectRepository saves project correctly"
00:03 +216 -10: c:/probrab1/test/data/repositories/project_repository_test.dart: ProjectRepository gets all projects [E]                                                                               
  MissingPluginException(No implementation found for method getApplicationDocumentsDirectory on channel plugins.flutter.io/path_provider)
  package:flutter/src/services/platform_channel.dart 365:7  MethodChannel._invokeMethod
  

To run this test again: C:\flutter\bin\cache\dart-sdk\bin\dart.exe test c:/probrab1/test/data/repositories/project_repository_test.dart -p vm --plain-name "ProjectRepository gets all projects"
00:03 +216 -11: c:/probrab1/test/data/repositories/project_repository_test.dart: ProjectRepository updates existing project [E]                                                                        
  MissingPluginException(No implementation found for method getApplicationDocumentsDirectory on channel plugins.flutter.io/path_provider)
  package:flutter/src/services/platform_channel.dart 365:7  MethodChannel._invokeMethod
  

To run this test again: C:\flutter\bin\cache\dart-sdk\bin\dart.exe test c:/probrab1/test/data/repositories/project_repository_test.dart -p vm --plain-name "ProjectRepository updates existing project"
00:03 +216 -12: c:/probrab1/test/data/repositories/project_repository_test.dart: ProjectRepository deletes project correctly [E]                                                                       
  MissingPluginException(No implementation found for method getApplicationDocumentsDirectory on channel plugins.flutter.io/path_provider)
  package:flutter/src/services/platform_channel.dart 365:7  MethodChannel._invokeMethod
  

To run this test again: C:\flutter\bin\cache\dart-sdk\bin\dart.exe test c:/probrab1/test/data/repositories/project_repository_test.dart -p vm --plain-name "ProjectRepository deletes project correctly"
00:03 +216 -13: c:/probrab1/test/data/repositories/project_repository_test.dart: ProjectRepository handles non-existent project deletion gracefully [E]                                                
  MissingPluginException(No implementation found for method getApplicationDocumentsDirectory on channel plugins.flutter.io/path_provider)
  package:flutter/src/services/platform_channel.dart 365:7  MethodChannel._invokeMethod
  

To run this test again: C:\flutter\bin\cache\dart-sdk\bin\dart.exe test c:/probrab1/test/data/repositories/project_repository_test.dart -p vm --plain-name "ProjectRepository handles non-existent project deletion gracefully"
00:03 +216 -14: c:/probrab1/test/data/repositories/project_repository_test.dart: ProjectRepository returns null for non-existent project [E]                                                           
  MissingPluginException(No implementation found for method getApplicationDocumentsDirectory on channel plugins.flutter.io/path_provider)
  package:flutter/src/services/platform_channel.dart 365:7  MethodChannel._invokeMethod
  

To run this test again: C:\flutter\bin\cache\dart-sdk\bin\dart.exe test c:/probrab1/test/data/repositories/project_repository_test.dart -p vm --plain-name "ProjectRepository returns null for non-existent project"
00:03 +216 -15: c:/probrab1/test/data/repositories/project_repository_test.dart: ProjectRepository preserves calculationIds and metadata [E]                                                           
  MissingPluginException(No implementation found for method getApplicationDocumentsDirectory on channel plugins.flutter.io/path_provider)
  package:flutter/src/services/platform_channel.dart 365:7  MethodChannel._invokeMethod
  

To run this test again: C:\flutter\bin\cache\dart-sdk\bin\dart.exe test c:/probrab1/test/data/repositories/project_repository_test.dart -p vm --plain-name "ProjectRepository preserves calculationIds and metadata"
00:03 +216 -16: c:/probrab1/test/data/repositories/project_repository_test.dart: ProjectRepository handles dates correctly [E]                                                                         
  MissingPluginException(No implementation found for method getApplicationDocumentsDirectory on channel plugins.flutter.io/path_provider)
  package:flutter/src/services/platform_channel.dart 365:7  MethodChannel._invokeMethod
  

To run this test again: C:\flutter\bin\cache\dart-sdk\bin\dart.exe test c:/probrab1/test/data/repositories/project_repository_test.dart -p vm --plain-name "ProjectRepository handles dates correctly"
00:03 +217 -16: c:/probrab1/test/data/repositories/price_repository_test.dart: PriceRepository handles region mapping correctly                                                                        00:03 +217 -16: loading c:/probrab1/test/domain/calculators/all_calculators_smoke_test.dart                                                                                                            00:03 +217 -16: c:/probrab1/test/domain/calculators/all_calculators_smoke_test.dart: (setUpAll)                                                                                                        00:03 +217 -16: c:/probrab1/test/domain/calculators/all_calculators_smoke_test.dart: all calculators produce non-empty results with default inputs                                                     00:03 +218 -16: c:/probrab1/test/domain/calculators/all_calculators_smoke_test.dart: all calculators produce non-empty results with default inputs                                                     00:03 +218 -16: c:/probrab1/test/domain/calculators/all_calculators_smoke_test.dart: (tearDownAll)                                                                                                     00:03 +218 -16: loading c:/probrab1/test/domain/calculators/calculator_registry_test.dart                                                                                                              00:03 +218 -16: c:/probrab1/test/domain/calculators/calculator_registry_test.dart: CalculatorRegistry возвращает все калькуляторы                                                                      00:03 +219 -16: c:/probrab1/test/domain/calculators/calculator_registry_test.dart: CalculatorRegistry возвращает все калькуляторы                                                                      00:03 +219 -16: c:/probrab1/test/domain/calculators/calculator_registry_test.dart: CalculatorRegistry getById возвращает калькулятор по ID (O(1))                                                      00:03 +220 -16: c:/probrab1/test/domain/calculators/calculator_registry_test.dart: CalculatorRegistry getById возвращает калькулятор по ID (O(1))                                                      00:03 +220 -16: c:/probrab1/test/domain/calculators/calculator_registry_test.dart: CalculatorRegistry getById возвращает null для несуществующего ID                                                   00:03 +221 -16: c:/probrab1/test/domain/calculators/calculator_registry_test.dart: CalculatorRegistry getById возвращает null для несуществующего ID                                                   00:03 +221 -16: c:/probrab1/test/domain/calculators/calculator_registry_test.dart: CalculatorRegistry exists проверяет наличие калькулятора (O(1))                                                     00:03 +222 -16: c:/probrab1/test/domain/calculators/calculator_registry_test.dart: CalculatorRegistry exists проверяет наличие калькулятора (O(1))                                                     00:03 +222 -16: c:/probrab1/test/domain/calculators/calculator_registry_test.dart: CalculatorRegistry getByCategory фильтрует по категории                                                             00:03 +223 -16: c:/probrab1/test/domain/calculators/calculator_registry_test.dart: CalculatorRegistry getByCategory фильтрует по категории                                                             00:03 +223 -16: c:/probrab1/test/domain/calculators/calculator_registry_test.dart: CalculatorRegistry getByCategory кэширует результаты                                                                00:03 +224 -16: c:/probrab1/test/domain/calculators/calculator_registry_test.dart: CalculatorRegistry getByCategory кэширует результаты                                                                00:03 +224 -16: c:/probrab1/test/domain/calculators/calculator_registry_test.dart: CalculatorRegistry getPopular возвращает калькуляторы отсортированные по популярности                               00:03 +225 -16: c:/probrab1/test/domain/calculators/calculator_registry_test.dart: CalculatorRegistry getPopular возвращает калькуляторы отсортированные по популярности                               00:03 +225 -16: c:/probrab1/test/domain/calculators/calculator_registry_test.dart: CalculatorRegistry getPopular кэширует отсортированный список                                                       00:03 +226 -16: c:/probrab1/test/domain/calculators/calculator_registry_test.dart: CalculatorRegistry getPopular кэширует отсортированный список                                                       00:03 +226 -16: c:/probrab1/test/domain/calculators/calculator_registry_test.dart: CalculatorRegistry search находит калькуляторы по названию                                                          00:03 +227 -16: c:/probrab1/test/domain/calculators/calculator_registry_test.dart: CalculatorRegistry search находит калькуляторы по названию                                                          00:03 +227 -16: c:/probrab1/test/domain/calculators/calculator_registry_test.dart: CalculatorRegistry search возвращает все калькуляторы для пустого запроса                                           00:03 +228 -16: c:/probrab1/test/domain/calculators/calculator_registry_test.dart: CalculatorRegistry search возвращает все калькуляторы для пустого запроса                                           00:03 +228 -16: c:/probrab1/test/domain/calculators/calculator_registry_test.dart: CalculatorRegistry search работает регистронезависимо                                                               00:03 +229 -16: c:/probrab1/test/domain/calculators/calculator_registry_test.dart: CalculatorRegistry search работает регистронезависимо                                                               00:03 +229 -16: c:/probrab1/test/domain/calculators/calculator_registry_test.dart: CalculatorRegistry getByComplexity фильтрует по уровню сложности                                                    00:03 +230 -16: c:/probrab1/test/domain/calculators/calculator_registry_test.dart: CalculatorRegistry getByComplexity фильтрует по уровню сложности                                                    00:03 +230 -16: c:/probrab1/test/domain/calculators/calculator_registry_test.dart: CalculatorRegistry count возвращает правильное количество                                                           00:03 +231 -16: c:/probrab1/test/domain/calculators/calculator_registry_test.dart: CalculatorRegistry count возвращает правильное количество                                                           00:03 +231 -16: c:/probrab1/test/domain/calculators/calculator_registry_test.dart: CalculatorRegistry register добавляет новый калькулятор динамически                                                 00:03 +232 -16: c:/probrab1/test/domain/calculators/calculator_registry_test.dart: CalculatorRegistry register добавляет новый калькулятор динамически                                                 00:03 +232 -16: c:/probrab1/test/domain/calculators/calculator_registry_test.dart: CalculatorRegistry clearCache очищает все кэши                                                                      00:03 +233 -16: c:/probrab1/test/domain/calculators/calculator_registry_test.dart: CalculatorRegistry clearCache очищает все кэши                                                                      00:03 +233 -16: c:/probrab1/test/domain/calculators/calculator_registry_test.dart: CalculatorRegistry производительность: getById O(1) vs линейный поиск O(n)                                          00:03 +233 -16: c:/probrab1/test/domain/calculators/calculator_registry_test.dart: CalculatorRegistry производительность: getById O(1) vs линейный поиск O(n)                                          
📊 CalculatorRegistry Benchmark:
  Map O(1):      0ms
  List O(n):     0ms
00:03 +234 -16: c:/probrab1/test/domain/calculators/calculator_registry_test.dart: CalculatorRegistry производительность: getById O(1) vs линейный поиск O(n)                                          00:03 +234 -16: loading c:/probrab1/test/domain/calculators/calculator_registry_v1_test.dart                                                                                                           00:03 +234 -16: c:/probrab1/test/domain/calculators/calculator_registry_v1_test.dart: CalculatorRegistryV1 singleton returns same instance                                                             00:03 +235 -16: c:/probrab1/test/domain/calculators/calculator_registry_v1_test.dart: CalculatorRegistryV1 singleton returns same instance                                                             00:03 +235 -16: c:/probrab1/test/domain/calculators/calculator_registry_v1_test.dart: CalculatorRegistryV1 getById returns calculator with matching ID                                                 00:03 +236 -16: c:/probrab1/test/domain/calculators/calculator_registry_v1_test.dart: CalculatorRegistryV1 getById returns calculator with matching ID                                                 00:03 +236 -16: c:/probrab1/test/domain/calculators/calculator_registry_v1_test.dart: CalculatorRegistryV1 getById returns null for non-existent ID                                                    00:03 +237 -16: c:/probrab1/test/domain/calculators/calculator_registry_v1_test.dart: CalculatorRegistryV1 getById returns null for non-existent ID                                                    00:03 +237 -16: c:/probrab1/test/domain/calculators/calculator_registry_v1_test.dart: CalculatorRegistryV1 getById lookup is case-sensitive                                                            00:03 +238 -16: c:/probrab1/test/domain/calculators/calculator_registry_v1_test.dart: CalculatorRegistryV1 getById lookup is case-sensitive                                                            00:03 +238 -16: c:/probrab1/test/domain/calculators/calculator_registry_v1_test.dart: CalculatorRegistryV1 getById performs O(1) lookup                                                                00:03 +239 -16: c:/probrab1/test/domain/calculators/calculator_registry_v1_test.dart: CalculatorRegistryV1 getById performs O(1) lookup                                                                00:03 +239 -16: c:/probrab1/test/domain/calculators/calculator_registry_v1_test.dart: CalculatorRegistryV1 getByCategory returns calculators for existing category                                     00:03 +240 -16: c:/probrab1/test/domain/calculators/calculator_registry_v1_test.dart: CalculatorRegistryV1 getByCategory returns calculators for existing category                                     00:03 +240 -16: c:/probrab1/test/domain/calculators/calculator_registry_v1_test.dart: CalculatorRegistryV1 getByCategory returns empty list for non-existent category                                  00:03 +241 -16: c:/probrab1/test/domain/calculators/calculator_registry_v1_test.dart: CalculatorRegistryV1 getByCategory returns empty list for non-existent category                                  00:03 +241 -16: c:/probrab1/test/domain/calculators/calculator_registry_v1_test.dart: CalculatorRegistryV1 getByCategory returns all calculators in category                                           00:03 +242 -16: c:/probrab1/test/domain/calculators/calculator_registry_v1_test.dart: CalculatorRegistryV1 getByCategory returns all calculators in category                                           00:03 +242 -16: c:/probrab1/test/domain/calculators/calculator_registry_v1_test.dart: CalculatorRegistryV1 getByCategory performs O(1) lookup                                                          00:03 +243 -16: c:/probrab1/test/domain/calculators/calculator_registry_v1_test.dart: CalculatorRegistryV1 getByCategory performs O(1) lookup                                                          00:03 +243 -16: c:/probrab1/test/domain/calculators/calculator_registry_v1_test.dart: CalculatorRegistryV1 getBySubCategory returns calculators for existing subcategory                               00:03 +244 -16: c:/probrab1/test/domain/calculators/calculator_registry_v1_test.dart: CalculatorRegistryV1 getBySubCategory returns calculators for existing subcategory                               00:03 +244 -16: c:/probrab1/test/domain/calculators/calculator_registry_v1_test.dart: CalculatorRegistryV1 getBySubCategory returns empty list for non-existent subcategory                            00:03 +245 -16: c:/probrab1/test/domain/calculators/calculator_registry_v1_test.dart: CalculatorRegistryV1 getBySubCategory returns empty list for non-existent subcategory                            00:03 +245 -16: c:/probrab1/test/domain/calculators/calculator_registry_v1_test.dart: CalculatorRegistryV1 getAllCategories returns all unique categories                                              00:03 +246 -16: c:/probrab1/test/domain/calculators/calculator_registry_v1_test.dart: CalculatorRegistryV1 getAllCategories returns all unique categories                                              00:03 +246 -16: c:/probrab1/test/domain/calculators/calculator_registry_v1_test.dart: CalculatorRegistryV1 getAllCategories returns sorted list                                                        00:03 +247 -16: c:/probrab1/test/domain/calculators/calculator_registry_v1_test.dart: CalculatorRegistryV1 getAllCategories returns sorted list                                                        00:03 +247 -16: c:/probrab1/test/domain/calculators/calculator_registry_v1_test.dart: CalculatorRegistryV1 getAllCategories returns unique categories                                                  00:03 +248 -16: c:/probrab1/test/domain/calculators/calculator_registry_v1_test.dart: CalculatorRegistryV1 getAllCategories returns unique categories                                                  00:03 +248 -16: c:/probrab1/test/domain/calculators/calculator_registry_v1_test.dart: CalculatorRegistryV1 getSubCategories returns subcategories for category                                         00:03 +249 -16: c:/probrab1/test/domain/calculators/calculator_registry_v1_test.dart: CalculatorRegistryV1 getSubCategories returns subcategories for category                                         00:03 +249 -16: c:/probrab1/test/domain/calculators/calculator_registry_v1_test.dart: CalculatorRegistryV1 getSubCategories returns empty list for category without subcategories                      00:03 +250 -16: c:/probrab1/test/domain/calculators/calculator_registry_v1_test.dart: CalculatorRegistryV1 getSubCategories returns empty list for category without subcategories                      00:03 +250 -16: c:/probrab1/test/domain/calculators/calculator_registry_v1_test.dart: CalculatorRegistryV1 getSubCategories returns sorted list                                                        00:03 +251 -16: c:/probrab1/test/domain/calculators/calculator_registry_v1_test.dart: CalculatorRegistryV1 getSubCategories returns sorted list                                                        00:03 +251 -16: c:/probrab1/test/domain/calculators/calculator_registry_v1_test.dart: CalculatorRegistryV1 getSubCategories returns unique subcategories                                               00:03 +252 -16: c:/probrab1/test/domain/calculators/calculator_registry_v1_test.dart: CalculatorRegistryV1 getSubCategories returns unique subcategories                                               00:03 +252 -16: c:/probrab1/test/domain/calculators/calculator_registry_v1_test.dart: CalculatorRegistryV1 search returns empty list for empty query                                                   00:03 +253 -16: c:/probrab1/test/domain/calculators/calculator_registry_v1_test.dart: CalculatorRegistryV1 search returns empty list for empty query                                                   00:03 +253 -16: c:/probrab1/test/domain/calculators/calculator_registry_v1_test.dart: CalculatorRegistryV1 search finds calculators by ID                                                              00:03 +254 -16: c:/probrab1/test/domain/calculators/calculator_registry_v1_test.dart: CalculatorRegistryV1 search finds calculators by ID                                                              00:03 +254 -16: c:/probrab1/test/domain/calculators/calculator_registry_v1_test.dart: CalculatorRegistryV1 search finds calculators by title key                                                       00:03 +255 -16: c:/probrab1/test/domain/calculators/calculator_registry_v1_test.dart: CalculatorRegistryV1 search finds calculators by title key                                                       00:03 +255 -16: c:/probrab1/test/domain/calculators/calculator_registry_v1_test.dart: CalculatorRegistryV1 search finds calculators by category                                                        00:03 +256 -16: c:/probrab1/test/domain/calculators/calculator_registry_v1_test.dart: CalculatorRegistryV1 search finds calculators by category                                                        00:03 +256 -16: c:/probrab1/test/domain/calculators/calculator_registry_v1_test.dart: CalculatorRegistryV1 search finds calculators by subcategory                                                     00:03 +257 -16: c:/probrab1/test/domain/calculators/calculator_registry_v1_test.dart: CalculatorRegistryV1 search finds calculators by subcategory                                                     00:03 +257 -16: c:/probrab1/test/domain/calculators/calculator_registry_v1_test.dart: CalculatorRegistryV1 search search is case-insensitive                                                           00:03 +258 -16: c:/probrab1/test/domain/calculators/calculator_registry_v1_test.dart: CalculatorRegistryV1 search search is case-insensitive                                                           00:03 +258 -16: c:/probrab1/test/domain/calculators/calculator_registry_v1_test.dart: CalculatorRegistryV1 search trims whitespace from query                                                          00:03 +259 -16: c:/probrab1/test/domain/calculators/calculator_registry_v1_test.dart: CalculatorRegistryV1 search trims whitespace from query                                                          00:03 +259 -16: c:/probrab1/test/domain/calculators/calculator_registry_v1_test.dart: CalculatorRegistryV1 search sorts results by relevance                                                           00:03 +260 -16: c:/probrab1/test/domain/calculators/calculator_registry_v1_test.dart: CalculatorRegistryV1 search sorts results by relevance                                                           00:03 +260 -16: c:/probrab1/test/domain/calculators/calculator_registry_v1_test.dart: CalculatorRegistryV1 getAll returns all calculators                                                              00:03 +261 -16: c:/probrab1/test/domain/calculators/calculator_registry_v1_test.dart: CalculatorRegistryV1 getAll returns all calculators                                                              00:03 +261 -16: c:/probrab1/test/domain/calculators/calculator_registry_v1_test.dart: CalculatorRegistryV1 getAll returns unmodifiable list                                                            00:03 +262 -16: c:/probrab1/test/domain/calculators/calculator_registry_v1_test.dart: CalculatorRegistryV1 getAll returns unmodifiable list                                                            00:03 +262 -16: c:/probrab1/test/domain/calculators/calculator_registry_v1_test.dart: CalculatorRegistryV1 count returns total number of calculators                                                   00:03 +263 -16: c:/probrab1/test/domain/calculators/calculator_registry_v1_test.dart: CalculatorRegistryV1 count returns total number of calculators                                                   00:03 +263 -16: c:/probrab1/test/domain/calculators/calculator_registry_v1_test.dart: CalculatorRegistryV1 contains returns true for existing calculator                                               00:03 +264 -16: c:/probrab1/test/domain/calculators/calculator_registry_v1_test.dart: CalculatorRegistryV1 contains returns true for existing calculator                                               00:03 +264 -16: c:/probrab1/test/domain/calculators/calculator_registry_v1_test.dart: CalculatorRegistryV1 contains returns false for non-existent calculator                                          00:03 +265 -16: c:/probrab1/test/domain/calculators/calculator_registry_v1_test.dart: CalculatorRegistryV1 contains returns false for non-existent calculator                                          00:03 +265 -16: c:/probrab1/test/domain/calculators/calculator_registry_v1_test.dart: CalculatorRegistryV1 getCategoryStats returns count for each category                                            00:03 +266 -16: c:/probrab1/test/domain/calculators/calculator_registry_v1_test.dart: CalculatorRegistryV1 getCategoryStats returns count for each category                                            00:03 +266 -16: c:/probrab1/test/domain/calculators/calculator_registry_v1_test.dart: CalculatorRegistryV1 getCategoryStats includes all categories                                                    00:03 +267 -16: c:/probrab1/test/domain/calculators/calculator_registry_v1_test.dart: CalculatorRegistryV1 getCategoryStats includes all categories                                                    00:03 +267 -16: c:/probrab1/test/domain/calculators/calculator_registry_v1_test.dart: CalculatorRegistryV1 getCategoryStats counts match actual calculator count                                       00:03 +268 -16: c:/probrab1/test/domain/calculators/calculator_registry_v1_test.dart: CalculatorRegistryV1 getCategoryStats counts match actual calculator count                                       00:03 +268 -16: c:/probrab1/test/domain/calculators/calculator_registry_v1_test.dart: CalculatorRegistryV1 filter filters calculators by predicate                                                     00:03 +269 -16: c:/probrab1/test/domain/calculators/calculator_registry_v1_test.dart: CalculatorRegistryV1 filter filters calculators by predicate                                                     00:03 +269 -16: c:/probrab1/test/domain/calculators/calculator_registry_v1_test.dart: CalculatorRegistryV1 filter returns empty list when no match                                                     00:03 +270 -16: c:/probrab1/test/domain/calculators/calculator_registry_v1_test.dart: CalculatorRegistryV1 filter returns empty list when no match                                                     00:03 +270 -16: c:/probrab1/test/domain/calculators/calculator_registry_v1_test.dart: CalculatorRegistryV1 filter can filter by field count                                                            00:03 +271 -16: c:/probrab1/test/domain/calculators/calculator_registry_v1_test.dart: CalculatorRegistryV1 filter can filter by field count                                                            00:03 +271 -16: c:/probrab1/test/domain/calculators/calculator_registry_v1_test.dart: CalculatorRegistryV1 performance indices are pre-built on initialization                                         00:03 +272 -16: c:/probrab1/test/domain/calculators/calculator_registry_v1_test.dart: CalculatorRegistryV1 performance indices are pre-built on initialization                                         00:03 +272 -16: c:/probrab1/test/domain/calculators/calculator_registry_v1_test.dart: CalculatorRegistryV1 performance category lookup is faster than linear search                                    00:03 +273 -16: c:/probrab1/test/domain/calculators/calculator_registry_v1_test.dart: CalculatorRegistryV1 performance category lookup is faster than linear search                                    00:03 +273 -16: loading c:/probrab1/test/domain/calculators/definitions_test.dart                                                                                                                      00:03 +273 -16: c:/probrab1/test/domain/calculators/definitions_test.dart: InputFieldDefinition creates field with default values                                                                      00:03 +274 -16: c:/probrab1/test/domain/calculators/definitions_test.dart: InputFieldDefinition creates field with default values                                                                      00:03 +274 -16: c:/probrab1/test/domain/calculators/definitions_test.dart: InputFieldDefinition creates field with custom values                                                                       00:03 +275 -16: c:/probrab1/test/domain/calculators/definitions_test.dart: InputFieldDefinition creates field with custom values                                                                       00:03 +275 -16: c:/probrab1/test/domain/calculators/definitions_test.dart: CalculatorDefinition creates definition with required fields                                                                00:03 +276 -16: c:/probrab1/test/domain/calculators/definitions_test.dart: CalculatorDefinition creates definition with required fields                                                                00:03 +276 -16: c:/probrab1/test/domain/calculators/definitions_test.dart: CalculatorDefinition runs calculation correctly                                                                             00:03 +276 -16: c:/probrab1/test/domain/calculators/definitions_test.dart: CalculatorDefinition runs calculation correctly                                                                             
[CalculationCache] Cached result for test.calculator
00:03 +277 -16: c:/probrab1/test/domain/calculators/definitions_test.dart: CalculatorDefinition runs calculation correctly                                                                             00:03 +277 -16: c:/probrab1/test/domain/calculators/definitions_test.dart: CalculatorDefinition computes returns values map                                                                            00:03 +277 -16: c:/probrab1/test/domain/calculators/definitions_test.dart: CalculatorDefinition computes returns values map                                                                            
[CalculationCache] Cache hit for test.calculator
00:03 +278 -16: c:/probrab1/test/domain/calculators/definitions_test.dart: CalculatorDefinition computes returns values map                                                                            00:03 +278 -16: c:/probrab1/test/domain/calculators/definitions_test.dart: CalculatorDefinition calculate is alias for compute                                                                         00:03 +278 -16: c:/probrab1/test/domain/calculators/definitions_test.dart: CalculatorDefinition calculate is alias for compute                                                                         
[CalculationCache] Cache hit for test.calculator
[CalculationCache] Cache hit for test.calculator
00:03 +279 -16: c:/probrab1/test/domain/calculators/definitions_test.dart: CalculatorDefinition calculate is alias for compute                                                                         00:04 +279 -16: c:/probrab1/test/domain/calculators/definitions_test.dart: CalculatorDefinition calculate is alias for compute                                                                         00:04 +279 -16: loading c:/probrab1/test/domain/entities/foundation_result_test.dart                                                                                                                   00:04 +279 -16: c:/probrab1/test/domain/entities/foundation_result_test.dart: FoundationResult creates FoundationResult with all fields                                                                00:04 +280 -16: c:/probrab1/test/domain/entities/foundation_result_test.dart: FoundationResult creates FoundationResult with all fields                                                                00:04 +280 -16: c:/probrab1/test/domain/entities/foundation_result_test.dart: FoundationResult handles zero values                                                                                     00:04 +281 -16: c:/probrab1/test/domain/entities/foundation_result_test.dart: FoundationResult handles zero values                                                                                     00:04 +281 -16: c:/probrab1/test/domain/entities/foundation_result_test.dart: FoundationResult handles large values                                                                                    00:04 +282 -16: c:/probrab1/test/domain/entities/foundation_result_test.dart: FoundationResult handles large values                                                                                    00:04 +282 -16: c:/probrab1/test/domain/entities/foundation_result_test.dart: FoundationResult handles decimal precision                                                                               00:04 +283 -16: c:/probrab1/test/domain/entities/foundation_result_test.dart: FoundationResult handles decimal precision                                                                               00:04 +283 -16: loading c:/probrab1/test/domain/entities/labor_cost_test.dart                                                                                                                          00:04 +283 -16: c:/probrab1/test/domain/entities/labor_cost_test.dart: LaborCostCalculation calculates cost above minimum correctly                                                                    00:04 +284 -16: c:/probrab1/test/domain/entities/labor_cost_test.dart: LaborCostCalculation calculates cost above minimum correctly                                                                    00:04 +284 -16: c:/probrab1/test/domain/entities/labor_cost_test.dart: LaborCostCalculation applies minimum price when necessary                                                                       00:04 +285 -16: c:/probrab1/test/domain/entities/labor_cost_test.dart: LaborCostCalculation applies minimum price when necessary                                                                       00:04 +285 -16: c:/probrab1/test/domain/entities/labor_cost_test.dart: LaborCostCalculation uses calculator-specific productivity                                                                      00:04 +286 -16: c:/probrab1/test/domain/entities/labor_cost_test.dart: LaborCostCalculation uses calculator-specific productivity                                                                      00:04 +286 -16: loading c:/probrab1/test/domain/entities/material_comparison_test.dart                                                                                                                 00:04 +286 -16: c:/probrab1/test/domain/entities/material_comparison_test.dart: MaterialOption calculates total cost correctly                                                                         00:04 +287 -16: c:/probrab1/test/domain/entities/material_comparison_test.dart: MaterialOption calculates total cost correctly                                                                         00:04 +287 -16: c:/probrab1/test/domain/entities/material_comparison_test.dart: MaterialOption calculates cost per year correctly                                                                      00:04 +288 -16: c:/probrab1/test/domain/entities/material_comparison_test.dart: MaterialOption calculates cost per year correctly                                                                      00:04 +288 -16: c:/probrab1/test/domain/entities/material_comparison_test.dart: MaterialOption handles zero durability years                                                                           00:04 +289 -16: c:/probrab1/test/domain/entities/material_comparison_test.dart: MaterialOption handles zero durability years                                                                           00:04 +289 -16: c:/probrab1/test/domain/entities/material_comparison_test.dart: MaterialOption handles negative durability years                                                                       00:04 +290 -16: c:/probrab1/test/domain/entities/material_comparison_test.dart: MaterialOption handles negative durability years                                                                       00:04 +290 -16: c:/probrab1/test/domain/entities/material_comparison_test.dart: MaterialComparison finds cheapest option                                                                               00:04 +291 -16: c:/probrab1/test/domain/entities/material_comparison_test.dart: MaterialComparison finds cheapest option                                                                               00:04 +291 -16: c:/probrab1/test/domain/entities/material_comparison_test.dart: MaterialComparison returns null for cheapest when options empty                                                        00:04 +292 -16: c:/probrab1/test/domain/entities/material_comparison_test.dart: MaterialComparison returns null for cheapest when options empty                                                        00:04 +292 -16: c:/probrab1/test/domain/entities/material_comparison_test.dart: MaterialComparison finds most durable option                                                                           00:04 +293 -16: c:/probrab1/test/domain/entities/material_comparison_test.dart: MaterialComparison finds most durable option                                                                           00:04 +293 -16: c:/probrab1/test/domain/entities/material_comparison_test.dart: MaterialComparison finds optimal option (balance price/quality)                                                        00:04 +294 -16: c:/probrab1/test/domain/entities/material_comparison_test.dart: MaterialComparison finds optimal option (balance price/quality)                                                        00:04 +294 -16: c:/probrab1/test/domain/entities/material_comparison_test.dart: MaterialComparison returns null for optimal when options empty                                                         00:04 +295 -16: c:/probrab1/test/domain/entities/material_comparison_test.dart: MaterialComparison returns null for optimal when options empty                                                         00:04 +295 -16: loading c:/probrab1/test/domain/entities/project_test.dart                                                                                                                             00:04 +295 -16: c:/probrab1/test/domain/entities/project_test.dart: Project creates project with default values                                                                                        00:04 +296 -16: c:/probrab1/test/domain/entities/project_test.dart: Project creates project with default values                                                                                        00:04 +296 -16: c:/probrab1/test/domain/entities/project_test.dart: Project creates project with all fields                                                                                            00:04 +297 -16: c:/probrab1/test/domain/entities/project_test.dart: Project creates project with all fields                                                                                            00:04 +297 -16: c:/probrab1/test/domain/entities/project_test.dart: Project fromCalculations creates project correctly                                                                                 00:04 +298 -16: c:/probrab1/test/domain/entities/project_test.dart: Project fromCalculations creates project correctly                                                                                 00:04 +298 -16: c:/probrab1/test/domain/entities/project_test.dart: Project getProgress returns 100 when completed                                                                                     00:04 +299 -16: c:/probrab1/test/domain/entities/project_test.dart: Project getProgress returns 100 when completed                                                                                     00:04 +299 -16: c:/probrab1/test/domain/entities/project_test.dart: Project getProgress returns 0 when not started                                                                                     00:04 +300 -16: c:/probrab1/test/domain/entities/project_test.dart: Project getProgress returns 0 when not started                                                                                     00:04 +300 -16: c:/probrab1/test/domain/entities/project_test.dart: Project getProgress returns 50 when started but not completed                                                                      00:04 +301 -16: c:/probrab1/test/domain/entities/project_test.dart: Project getProgress returns 50 when started but not completed                                                                      00:04 +301 -16: c:/probrab1/test/domain/entities/project_test.dart: Project getRemainingBudget calculates correctly                                                                                    00:04 +302 -16: c:/probrab1/test/domain/entities/project_test.dart: Project getRemainingBudget calculates correctly                                                                                    00:04 +302 -16: c:/probrab1/test/domain/entities/project_test.dart: Project getRemainingBudget returns totalBudget when nothing spent                                                                  00:04 +303 -16: c:/probrab1/test/domain/entities/project_test.dart: Project getRemainingBudget returns totalBudget when nothing spent                                                                  00:04 +303 -16: c:/probrab1/test/domain/entities/project_test.dart: Project getRemainingBudget returns 0 when all spent                                                                                00:04 +304 -16: c:/probrab1/test/domain/entities/project_test.dart: Project getRemainingBudget returns 0 when all spent                                                                                00:04 +304 -16: c:/probrab1/test/domain/entities/project_test.dart: Project getRemainingBudget handles negative values                                                                                 00:04 +305 -16: c:/probrab1/test/domain/entities/project_test.dart: Project getRemainingBudget handles negative values                                                                                 00:04 +305 -16: loading c:/probrab1/test/domain/entities/reminder_test.dart                                                                                                                            00:04 +305 -16: c:/probrab1/test/domain/entities/reminder_test.dart: Reminder creates reminder with all fields                                                                                         00:04 +306 -16: c:/probrab1/test/domain/entities/reminder_test.dart: Reminder creates reminder with all fields                                                                                         00:04 +306 -16: c:/probrab1/test/domain/entities/reminder_test.dart: Reminder isOverdue returns true for past dates                                                                                    00:04 +307 -16: c:/probrab1/test/domain/entities/reminder_test.dart: Reminder isOverdue returns true for past dates                                                                                    00:04 +307 -16: c:/probrab1/test/domain/entities/reminder_test.dart: Reminder isOverdue returns false for future dates                                                                                 00:04 +308 -16: c:/probrab1/test/domain/entities/reminder_test.dart: Reminder isOverdue returns false for future dates                                                                                 00:04 +308 -16: c:/probrab1/test/domain/entities/reminder_test.dart: Reminder isOverdue returns false when completed                                                                                   00:04 +309 -16: c:/probrab1/test/domain/entities/reminder_test.dart: Reminder isOverdue returns false when completed                                                                                   00:04 +309 -16: c:/probrab1/test/domain/entities/reminder_test.dart: Reminder isUpcoming returns true for next 24 hours                                                                                00:04 +310 -16: c:/probrab1/test/domain/entities/reminder_test.dart: Reminder isUpcoming returns true for next 24 hours                                                                                00:04 +310 -16: c:/probrab1/test/domain/entities/reminder_test.dart: Reminder isUpcoming returns false for more than 24 hours                                                                          00:04 +311 -16: c:/probrab1/test/domain/entities/reminder_test.dart: Reminder isUpcoming returns false for more than 24 hours                                                                          00:04 +311 -16: c:/probrab1/test/domain/entities/reminder_test.dart: Reminder isUpcoming returns false when completed                                                                                  00:04 +312 -16: c:/probrab1/test/domain/entities/reminder_test.dart: Reminder isUpcoming returns false when completed                                                                                  00:04 +312 -16: c:/probrab1/test/domain/entities/reminder_test.dart: Reminder isUpcoming returns false for past dates                                                                                  00:04 +313 -16: c:/probrab1/test/domain/entities/reminder_test.dart: Reminder isUpcoming returns false for past dates                                                                                  00:04 +313 -16: c:/probrab1/test/domain/entities/reminder_test.dart: ReminderTemplate creates reminder from template                                                                                   00:04 +314 -16: c:/probrab1/test/domain/entities/reminder_test.dart: ReminderTemplate creates reminder from template                                                                                   00:04 +314 -16: c:/probrab1/test/domain/entities/reminder_test.dart: ReminderTemplate creates reminder without related IDs                                                                             00:04 +315 -16: c:/probrab1/test/domain/entities/reminder_test.dart: ReminderTemplate creates reminder without related IDs                                                                             00:04 +315 -16: loading c:/probrab1/test/domain/entities/savings_calculation_test.dart                                                                                                                 00:04 +315 -16: c:/probrab1/test/domain/entities/savings_calculation_test.dart: SavingsCalculation calculates savings correctly without hourly rate                                                    00:04 +316 -16: c:/probrab1/test/domain/entities/savings_calculation_test.dart: SavingsCalculation calculates savings correctly without hourly rate                                                    00:04 +316 -16: c:/probrab1/test/domain/entities/savings_calculation_test.dart: SavingsCalculation calculates savings with hourly rate                                                                 00:04 +317 -16: c:/probrab1/test/domain/entities/savings_calculation_test.dart: SavingsCalculation calculates savings with hourly rate                                                                 00:04 +317 -16: c:/probrab1/test/domain/entities/savings_calculation_test.dart: SavingsCalculation isWorthIt returns false when savings negative                                                       00:04 +318 -16: c:/probrab1/test/domain/entities/savings_calculation_test.dart: SavingsCalculation isWorthIt returns false when savings negative                                                       00:04 +318 -16: c:/probrab1/test/domain/entities/savings_calculation_test.dart: SavingsCalculation isWorthIt returns true when savings significant                                                     00:04 +319 -16: c:/probrab1/test/domain/entities/savings_calculation_test.dart: SavingsCalculation isWorthIt returns true when savings significant                                                     00:04 +319 -16: c:/probrab1/test/domain/entities/savings_calculation_test.dart: SavingsCalculation getRecommendation returns appropriate message                                                       00:04 +320 -16: c:/probrab1/test/domain/entities/savings_calculation_test.dart: SavingsCalculation getRecommendation returns appropriate message                                                       00:04 +320 -16: c:/probrab1/test/domain/entities/savings_calculation_test.dart: MaterialPayback calculates payback correctly                                                                           00:04 +321 -16: c:/probrab1/test/domain/entities/savings_calculation_test.dart: MaterialPayback calculates payback correctly                                                                           00:04 +321 -16: c:/probrab1/test/domain/entities/savings_calculation_test.dart: MaterialPayback calculates payback with savings                                                                        00:04 +322 -16: c:/probrab1/test/domain/entities/savings_calculation_test.dart: MaterialPayback calculates payback with savings                                                                        00:04 +322 -16: c:/probrab1/test/domain/entities/savings_calculation_test.dart: MaterialPayback getRecommendation returns appropriate message                                                          00:04 +323 -16: c:/probrab1/test/domain/entities/savings_calculation_test.dart: MaterialPayback getRecommendation returns appropriate message                                                          00:04 +323 -16: c:/probrab1/test/domain/entities/savings_calculation_test.dart: MaterialPayback handles infinite payback                                                                               00:04 +324 -16: c:/probrab1/test/domain/entities/savings_calculation_test.dart: MaterialPayback handles infinite payback                                                                               00:04 +324 -16: loading c:/probrab1/test/domain/entities/workflow_step_test.dart                                                                                                                       00:04 +324 -16: c:/probrab1/test/domain/entities/workflow_step_test.dart: WorkflowStep creates WorkflowStep with all fields                                                                            00:04 +325 -16: c:/probrab1/test/domain/entities/workflow_step_test.dart: WorkflowStep creates WorkflowStep with all fields                                                                            00:04 +325 -16: c:/probrab1/test/domain/entities/workflow_step_test.dart: WorkflowStep creates WorkflowStep with defaults                                                                              00:04 +326 -16: c:/probrab1/test/domain/entities/workflow_step_test.dart: WorkflowStep creates WorkflowStep with defaults                                                                              00:04 +326 -16: c:/probrab1/test/domain/entities/workflow_step_test.dart: WorkflowPlan creates WorkflowPlan with all fields                                                                            00:04 +327 -16: c:/probrab1/test/domain/entities/workflow_step_test.dart: WorkflowPlan creates WorkflowPlan with all fields                                                                            00:04 +327 -16: c:/probrab1/test/domain/entities/workflow_step_test.dart: WorkflowPlan totalDays returns 0 for empty plan                                                                              00:04 +328 -16: c:/probrab1/test/domain/entities/workflow_step_test.dart: WorkflowPlan totalDays returns 0 for empty plan                                                                              00:04 +328 -16: c:/probrab1/test/domain/entities/workflow_step_test.dart: WorkflowPlan totalDays calculates critical path correctly                                                                    00:04 +329 -16: c:/probrab1/test/domain/entities/workflow_step_test.dart: WorkflowPlan totalDays calculates critical path correctly                                                                    00:04 +329 -16: c:/probrab1/test/domain/entities/workflow_step_test.dart: WorkflowPlan getAvailableSteps returns steps without prerequisites                                                           00:04 +330 -16: c:/probrab1/test/domain/entities/workflow_step_test.dart: WorkflowPlan getAvailableSteps returns steps without prerequisites                                                           00:04 +330 -16: c:/probrab1/test/domain/entities/workflow_step_test.dart: WorkflowPlan getAvailableSteps excludes completed steps                                                                      00:04 +331 -16: c:/probrab1/test/domain/entities/workflow_step_test.dart: WorkflowPlan getAvailableSteps excludes completed steps                                                                      00:04 +331 -16: loading c:/probrab1/test/domain/models/export_data_test.dart                                                                                                                           00:04 +331 -16: c:/probrab1/test/domain/models/export_data_test.dart: ExportData creates instance with required fields                                                                                 00:04 +332 -16: c:/probrab1/test/domain/models/export_data_test.dart: ExportData creates instance with required fields                                                                                 00:04 +332 -16: c:/probrab1/test/domain/models/export_data_test.dart: ExportData creates instance with optional fields                                                                                 00:04 +333 -16: c:/probrab1/test/domain/models/export_data_test.dart: ExportData creates instance with optional fields                                                                                 00:04 +333 -16: c:/probrab1/test/domain/models/export_data_test.dart: ExportData toCsvRows generates correct project header                                                                            00:04 +334 -16: c:/probrab1/test/domain/models/export_data_test.dart: ExportData toCsvRows generates correct project header                                                                            00:04 +334 -16: c:/probrab1/test/domain/models/export_data_test.dart: ExportData toCsvRows includes description when provided                                                                          00:04 +335 -16: c:/probrab1/test/domain/models/export_data_test.dart: ExportData toCsvRows includes description when provided                                                                          00:04 +335 -16: c:/probrab1/test/domain/models/export_data_test.dart: ExportData toCsvRows formats date correctly                                                                                      00:04 +336 -16: c:/probrab1/test/domain/models/export_data_test.dart: ExportData toCsvRows formats date correctly                                                                                      00:04 +336 -16: c:/probrab1/test/domain/models/export_data_test.dart: ExportData toCsvRows includes table headers                                                                                      00:04 +337 -16: c:/probrab1/test/domain/models/export_data_test.dart: ExportData toCsvRows includes table headers                                                                                      00:04 +337 -16: c:/probrab1/test/domain/models/export_data_test.dart: ExportData toCsvRows includes calculation data                                                                                   00:04 +338 -16: c:/probrab1/test/domain/models/export_data_test.dart: ExportData toCsvRows includes calculation data                                                                                   00:04 +338 -16: c:/probrab1/test/domain/models/export_data_test.dart: ExportData toCsvRows includes totals section                                                                                     00:04 +339 -16: c:/probrab1/test/domain/models/export_data_test.dart: ExportData toCsvRows includes totals section                                                                                     00:04 +339 -16: c:/probrab1/test/domain/models/export_data_test.dart: ExportData toCsvRows includes notes when provided                                                                                00:04 +340 -16: c:/probrab1/test/domain/models/export_data_test.dart: ExportData toCsvRows includes notes when provided                                                                                00:04 +340 -16: c:/probrab1/test/domain/models/export_data_test.dart: ExportData toCsvRows handles multiple calculations                                                                               00:04 +341 -16: c:/probrab1/test/domain/models/export_data_test.dart: ExportData toCsvRows handles multiple calculations                                                                               00:04 +341 -16: c:/probrab1/test/domain/models/export_data_test.dart: ExportData toCsvRows handles empty calculations list                                                                             00:04 +342 -16: c:/probrab1/test/domain/models/export_data_test.dart: ExportData toCsvRows handles empty calculations list                                                                             00:04 +342 -16: c:/probrab1/test/domain/models/export_data_test.dart: ExportCalculation creates instance with required fields                                                                          00:04 +343 -16: c:/probrab1/test/domain/models/export_data_test.dart: ExportCalculation creates instance with required fields                                                                          00:04 +343 -16: c:/probrab1/test/domain/models/export_data_test.dart: ExportCalculation creates instance with optional fields                                                                          00:04 +344 -16: c:/probrab1/test/domain/models/export_data_test.dart: ExportCalculation creates instance with optional fields                                                                          00:04 +344 -16: c:/probrab1/test/domain/models/export_data_test.dart: ExportCalculation handles empty inputs and results                                                                               00:04 +345 -16: c:/probrab1/test/domain/models/export_data_test.dart: ExportCalculation handles empty inputs and results                                                                               00:04 +345 -16: loading c:/probrab1/test/domain/services/csv_export_service_test.dart                                                                                                                  00:04 +345 -16: c:/probrab1/test/domain/services/csv_export_service_test.dart: CsvExportService _convertToCsv converts simple rows to CSV                                                              00:04 +346 -16: c:/probrab1/test/domain/services/csv_export_service_test.dart: CsvExportService _convertToCsv converts simple rows to CSV                                                              00:04 +346 -16: c:/probrab1/test/domain/services/csv_export_service_test.dart: CsvExportService _generateFileName generates filename with project name and timestamp                                   00:04 +347 -16: c:/probrab1/test/domain/services/csv_export_service_test.dart: CsvExportService _generateFileName generates filename with project name and timestamp                                   00:04 +347 -16: c:/probrab1/test/domain/services/csv_export_service_test.dart: CsvExportService _generateFileName cleans project name from invalid characters                                          00:04 +348 -16: c:/probrab1/test/domain/services/csv_export_service_test.dart: CsvExportService _generateFileName cleans project name from invalid characters                                          00:04 +348 -16: c:/probrab1/test/domain/services/csv_export_service_test.dart: CsvExportService _generateFileName replaces spaces with underscores                                                     00:04 +349 -16: c:/probrab1/test/domain/services/csv_export_service_test.dart: CsvExportService _generateFileName replaces spaces with underscores                                                     00:04 +349 -16: c:/probrab1/test/domain/services/csv_export_service_test.dart: CsvExportService CSV escaping escapes cells with commas                                                                 00:04 +350 -16: c:/probrab1/test/domain/services/csv_export_service_test.dart: CsvExportService CSV escaping escapes cells with commas                                                                 00:04 +350 -16: c:/probrab1/test/domain/services/csv_export_service_test.dart: CsvExportService CSV escaping escapes cells with quotes                                                                 00:04 +351 -16: c:/probrab1/test/domain/services/csv_export_service_test.dart: CsvExportService CSV escaping escapes cells with quotes                                                                 00:04 +351 -16: c:/probrab1/test/domain/services/csv_export_service_test.dart: CsvExportService CSV escaping escapes cells with newlines                                                               00:04 +352 -16: c:/probrab1/test/domain/services/csv_export_service_test.dart: CsvExportService CSV escaping escapes cells with newlines                                                               00:04 +352 -16: c:/probrab1/test/domain/services/csv_export_service_test.dart: CsvExportService ExportData CSV conversion converts minimal export data to CSV rows                                     00:04 +353 -16: c:/probrab1/test/domain/services/csv_export_service_test.dart: CsvExportService ExportData CSV conversion converts minimal export data to CSV rows                                     00:04 +353 -16: c:/probrab1/test/domain/services/csv_export_service_test.dart: CsvExportService ExportData CSV conversion includes project description if provided                                     00:04 +354 -16: c:/probrab1/test/domain/services/csv_export_service_test.dart: CsvExportService ExportData CSV conversion includes project description if provided                                     00:04 +354 -16: c:/probrab1/test/domain/services/csv_export_service_test.dart: CsvExportService ExportData CSV conversion includes notes if provided                                                   00:05 +355 -16: c:/probrab1/test/domain/services/csv_export_service_test.dart: CsvExportService ExportData CSV conversion includes notes if provided                                                   00:05 +355 -16: c:/probrab1/test/domain/services/csv_export_service_test.dart: CsvExportService ExportData CSV conversion includes calculations with inputs and results                                00:05 +356 -16: c:/probrab1/test/domain/services/csv_export_service_test.dart: CsvExportService ExportData CSV conversion includes calculations with inputs and results                                00:05 +356 -16: c:/probrab1/test/domain/services/csv_export_service_test.dart: CsvExportService ExportData CSV conversion formats dates correctly                                                      00:05 +357 -16: c:/probrab1/test/domain/services/csv_export_service_test.dart: CsvExportService ExportData CSV conversion formats dates correctly                                                      00:05 +357 -16: c:/probrab1/test/domain/services/csv_export_service_test.dart: CsvExportService ExportData CSV conversion formats numbers with 2 decimal places                                        00:05 +358 -16: c:/probrab1/test/domain/services/csv_export_service_test.dart: CsvExportService ExportData CSV conversion formats numbers with 2 decimal places                                        00:05 +358 -16: c:/probrab1/test/domain/services/csv_export_service_test.dart: CsvExportService ExportData CSV conversion includes table headers                                                       00:05 +359 -16: c:/probrab1/test/domain/services/csv_export_service_test.dart: CsvExportService ExportData CSV conversion includes table headers                                                       00:05 +359 -16: c:/probrab1/test/domain/services/csv_export_service_test.dart: CsvExportService ExportData CSV conversion separates calculations with empty rows                                       00:05 +360 -16: c:/probrab1/test/domain/services/csv_export_service_test.dart: CsvExportService ExportData CSV conversion separates calculations with empty rows                                       00:05 +360 -16: c:/probrab1/test/domain/services/csv_export_service_test.dart: CsvExportService ExportData CSV conversion handles calculations without costs                                           00:05 +361 -16: c:/probrab1/test/domain/services/csv_export_service_test.dart: CsvExportService ExportData CSV conversion handles calculations without costs                                           00:05 +361 -16: loading c:/probrab1/test/domain/usecases/boundary_values_test.dart                                                                                                                     00:05 +361 -16: c:/probrab1/test/domain/usecases/boundary_values_test.dart: Граничные значения: Нулевые значения StripFoundation: периметр = 0                                                         00:05 +361 -17: c:/probrab1/test/domain/usecases/boundary_values_test.dart: Граничные значения: Нулевые значения StripFoundation: периметр = 0 [E]                                                     
  Expected: throws <Instance of 'CalculationException'>
    Actual: <Closure: () => CalculatorResult>
     Which: returned <Instance of 'CalculatorResult'>
  
  package:matcher                                      expect
  package:flutter_test/src/widget_tester.dart 473:18   expect
  test\domain\usecases\boundary_values_test.dart 25:7  main.<fn>.<fn>
  

To run this test again: C:\flutter\bin\cache\dart-sdk\bin\dart.exe test c:/probrab1/test/domain/usecases/boundary_values_test.dart -p vm --plain-name "Граничные значения: Нулевые значения StripFoundation: периметр = 0"
00:05 +361 -17: c:/probrab1/test/domain/usecases/boundary_values_test.dart: Граничные значения: Нулевые значения Plaster: площадь = 0                                                                  00:05 +362 -17: c:/probrab1/test/domain/usecases/boundary_values_test.dart: Граничные значения: Нулевые значения Plaster: площадь = 0                                                                  00:05 +362 -17: c:/probrab1/test/domain/usecases/boundary_values_test.dart: Граничные значения: Нулевые значения Tile: площадь = 0                                                                     00:05 +363 -17: c:/probrab1/test/domain/usecases/boundary_values_test.dart: Граничные значения: Нулевые значения Tile: площадь = 0                                                                     00:05 +363 -17: c:/probrab1/test/domain/usecases/boundary_values_test.dart: Граничные значения: Отрицательные значения StripFoundation: отрицательный периметр                                         00:05 +364 -17: c:/probrab1/test/domain/usecases/boundary_values_test.dart: Граничные значения: Отрицательные значения StripFoundation: отрицательный периметр                                         00:05 +364 -17: c:/probrab1/test/domain/usecases/boundary_values_test.dart: Граничные значения: Отрицательные значения Plaster: отрицательная площадь                                                  00:05 +365 -17: c:/probrab1/test/domain/usecases/boundary_values_test.dart: Граничные значения: Отрицательные значения Plaster: отрицательная площадь                                                  00:05 +365 -17: c:/probrab1/test/domain/usecases/boundary_values_test.dart: Граничные значения: Отрицательные значения Heating: отрицательная площадь                                                  00:05 +366 -17: c:/probrab1/test/domain/usecases/boundary_values_test.dart: Граничные значения: Отрицательные значения Heating: отрицательная площадь                                                  00:05 +366 -17: c:/probrab1/test/domain/usecases/boundary_values_test.dart: Граничные значения: Очень большие значения StripFoundation: очень большой периметр (1000 м)                                00:05 +367 -17: c:/probrab1/test/domain/usecases/boundary_values_test.dart: Граничные значения: Очень большие значения StripFoundation: очень большой периметр (1000 м)                                00:05 +367 -17: c:/probrab1/test/domain/usecases/boundary_values_test.dart: Граничные значения: Очень большие значения Plaster: очень большая площадь (10000 м²)                                       00:05 +367 -18: c:/probrab1/test/domain/usecases/boundary_values_test.dart: Граничные значения: Очень большие значения Plaster: очень большая площадь (10000 м²) [E]                                   
  Expected: a value greater than <0>
    Actual: <null>
     Which: is not a value greater than <0>
  NoSuchMethodError: The method '<' was called on null.
  Receiver: null
  Tried calling: <(0) at #0      Object.noSuchMethod (dart:core-patch/object_patch.dart:38:5)
  #1      _OrderingMatcher.matches (package:matcher/src/order_matchers.dart:81:34)
  #2      _expect (package:matcher/src/expect/expect.dart:138:30)
  #3      expect (package:matcher/src/expect/expect.dart:56:3)
  #4      expect (package:flutter_test/src/widget_tester.dart:473:18)
  #5      main.<anonymous closure>.<anonymous closure> (file:///c:/probrab1/test/domain/usecases/boundary_values_test.dart:99:7)
  #6      Declarer.test.<anonymous closure>.<anonymous closure> (package:test_api/src/backend/declarer.dart:242:19)
  <asynchronous suspension>
  #7      Declarer.test.<anonymous closure> (package:test_api/src/backend/declarer.dart:240:7)
  <asynchronous suspension>
  #8      Invoker._waitForOutstandingCallbacks.<anonymous closure> (package:test_api/src/backend/invoker.dart:282:9)
  <asynchronous suspension>
  
  
  package:matcher                                      expect
  package:flutter_test/src/widget_tester.dart 473:18   expect
  test\domain\usecases\boundary_values_test.dart 99:7  main.<fn>.<fn>
  

To run this test again: C:\flutter\bin\cache\dart-sdk\bin\dart.exe test c:/probrab1/test/domain/usecases/boundary_values_test.dart -p vm --plain-name "Граничные значения: Очень большие значения Plaster: очень большая площадь (10000 м²)"
00:05 +367 -18: c:/probrab1/test/domain/usecases/boundary_values_test.dart: Граничные значения: Очень большие значения Heating: очень большая площадь (5000 м²)                                        00:05 +368 -18: c:/probrab1/test/domain/usecases/boundary_values_test.dart: Граничные значения: Очень большие значения Heating: очень большая площадь (5000 м²)                                        00:05 +368 -18: c:/probrab1/test/domain/usecases/boundary_values_test.dart: Граничные значения: Минимальные допустимые значения StripFoundation: минимальный периметр (4 м)                            00:05 +369 -18: c:/probrab1/test/domain/usecases/boundary_values_test.dart: Граничные значения: Минимальные допустимые значения StripFoundation: минимальный периметр (4 м)                            00:05 +369 -18: c:/probrab1/test/domain/usecases/boundary_values_test.dart: Граничные значения: Минимальные допустимые значения Plaster: минимальная площадь (0.1 м²)                                  00:05 +369 -19: c:/probrab1/test/domain/usecases/boundary_values_test.dart: Граничные значения: Минимальные допустимые значения Plaster: минимальная площадь (0.1 м²) [E]                              
  Expected: a value greater than <0>
    Actual: <null>
     Which: is not a value greater than <0>
  NoSuchMethodError: The method '<' was called on null.
  Receiver: null
  Tried calling: <(0) at #0      Object.noSuchMethod (dart:core-patch/object_patch.dart:38:5)
  #1      _OrderingMatcher.matches (package:matcher/src/order_matchers.dart:81:34)
  #2      _expect (package:matcher/src/expect/expect.dart:138:30)
  #3      expect (package:matcher/src/expect/expect.dart:56:3)
  #4      expect (package:flutter_test/src/widget_tester.dart:473:18)
  #5      main.<anonymous closure>.<anonymous closure> (file:///c:/probrab1/test/domain/usecases/boundary_values_test.dart:127:7)
  #6      Declarer.test.<anonymous closure>.<anonymous closure> (package:test_api/src/backend/declarer.dart:242:19)
  <asynchronous suspension>
  #7      Declarer.test.<anonymous closure> (package:test_api/src/backend/declarer.dart:240:7)
  <asynchronous suspension>
  #8      Invoker._waitForOutstandingCallbacks.<anonymous closure> (package:test_api/src/backend/invoker.dart:282:9)
  <asynchronous suspension>
  
  
  package:matcher                                       expect
  package:flutter_test/src/widget_tester.dart 473:18    expect
  test\domain\usecases\boundary_values_test.dart 127:7  main.<fn>.<fn>
  

To run this test again: C:\flutter\bin\cache\dart-sdk\bin\dart.exe test c:/probrab1/test/domain/usecases/boundary_values_test.dart -p vm --plain-name "Граничные значения: Минимальные допустимые значения Plaster: минимальная площадь (0.1 м²)"
00:05 +369 -19: c:/probrab1/test/domain/usecases/boundary_values_test.dart: Граничные значения: Минимальные допустимые значения WarmFloor: минимальная площадь (0.1 м²)                                00:05 +370 -19: c:/probrab1/test/domain/usecases/boundary_values_test.dart: Граничные значения: Минимальные допустимые значения WarmFloor: минимальная площадь (0.1 м²)                                00:05 +370 -19: c:/probrab1/test/domain/usecases/boundary_values_test.dart: Граничные значения: Максимальные допустимые значения StripFoundation: максимальный периметр (500 м)                        00:05 +371 -19: c:/probrab1/test/domain/usecases/boundary_values_test.dart: Граничные значения: Максимальные допустимые значения StripFoundation: максимальный периметр (500 м)                        00:05 +371 -19: c:/probrab1/test/domain/usecases/boundary_values_test.dart: Граничные значения: Максимальные допустимые значения Plaster: очень большая толщина (100 мм)                               00:05 +371 -20: c:/probrab1/test/domain/usecases/boundary_values_test.dart: Граничные значения: Максимальные допустимые значения Plaster: очень большая толщина (100 мм) [E]                           
  CalculationException: [INVALID_INPUT] Некорректные входные данные для калькулятора "CalculatePlaster": Толщина должна быть от 5 до 50 мм Details: Толщина должна быть от 5 до 50 мм
  package:probrab_ai/domain/usecases/base_calculator.dart 342:9  BaseCalculator.call
  test\domain\usecases\boundary_values_test.dart 153:33          main.<fn>.<fn>
  

To run this test again: C:\flutter\bin\cache\dart-sdk\bin\dart.exe test c:/probrab1/test/domain/usecases/boundary_values_test.dart -p vm --plain-name "Граничные значения: Максимальные допустимые значения Plaster: очень большая толщина (100 мм)"
00:05 +371 -20: c:/probrab1/test/domain/usecases/boundary_values_test.dart: Граничные значения: Специальные случаи StripFoundation: нулевая ширина                                                     00:05 +371 -21: c:/probrab1/test/domain/usecases/boundary_values_test.dart: Граничные значения: Специальные случаи StripFoundation: нулевая ширина [E]                                                 
  Expected: throws <Instance of 'CalculationException'>
    Actual: <Closure: () => CalculatorResult>
     Which: returned <Instance of 'CalculatorResult'>
  
  package:matcher                                       expect
  package:flutter_test/src/widget_tester.dart 473:18    expect
  test\domain\usecases\boundary_values_test.dart 164:7  main.<fn>.<fn>
  

To run this test again: C:\flutter\bin\cache\dart-sdk\bin\dart.exe test c:/probrab1/test/domain/usecases/boundary_values_test.dart -p vm --plain-name "Граничные значения: Специальные случаи StripFoundation: нулевая ширина"
00:05 +371 -21: c:/probrab1/test/domain/usecases/boundary_values_test.dart: Граничные значения: Специальные случаи Plaster: нулевая толщина                                                            00:05 +371 -22: c:/probrab1/test/domain/usecases/boundary_values_test.dart: Граничные значения: Специальные случаи Plaster: нулевая толщина [E]                                                        
  CalculationException: [INVALID_INPUT] Некорректные входные данные для калькулятора "CalculatePlaster": Толщина должна быть от 5 до 50 мм Details: Толщина должна быть от 5 до 50 мм
  package:probrab_ai/domain/usecases/base_calculator.dart 342:9  BaseCalculator.call
  test\domain\usecases\boundary_values_test.dart 174:33          main.<fn>.<fn>
  

To run this test again: C:\flutter\bin\cache\dart-sdk\bin\dart.exe test c:/probrab1/test/domain/usecases/boundary_values_test.dart -p vm --plain-name "Граничные значения: Специальные случаи Plaster: нулевая толщина"
00:05 +371 -22: c:/probrab1/test/domain/usecases/boundary_values_test.dart: Граничные значения: Специальные случаи Tile: нулевой размер плитки                                                         00:05 +372 -22: c:/probrab1/test/domain/usecases/boundary_values_test.dart: Граничные значения: Специальные случаи Tile: нулевой размер плитки                                                         00:05 +372 -22: c:/probrab1/test/domain/usecases/boundary_values_test.dart: Граничные значения: Переполнение StripFoundation: предотвращение переполнения при очень больших значениях                  00:05 +372 -23: c:/probrab1/test/domain/usecases/boundary_values_test.dart: Граничные значения: Переполнение StripFoundation: предотвращение переполнения при очень больших значениях [E]              
  Expected: throws <Instance of 'CalculationException'>
    Actual: <Closure: () => CalculatorResult>
     Which: returned <Instance of 'CalculatorResult'>
  
  package:matcher                                       expect
  package:flutter_test/src/widget_tester.dart 473:18    expect
  test\domain\usecases\boundary_values_test.dart 200:9  main.<fn>.<fn>
  

To run this test again: C:\flutter\bin\cache\dart-sdk\bin\dart.exe test c:/probrab1/test/domain/usecases/boundary_values_test.dart -p vm --plain-name "Граничные значения: Переполнение StripFoundation: предотвращение переполнения при очень больших значениях"
00:05 +372 -23: c:/probrab1/test/domain/usecases/boundary_values_test.dart: Граничные значения: Переполнение Plaster: предотвращение переполнения при очень больших значениях                          00:05 +373 -23: c:/probrab1/test/domain/usecases/boundary_values_test.dart: Граничные значения: Переполнение Plaster: предотвращение переполнения при очень больших значениях                          00:05 +373 -23: c:/probrab1/test/domain/usecases/boundary_values_test.dart: Граничные значения: NaN и Infinity StripFoundation: NaN в входных данных                                                   00:05 +374 -23: c:/probrab1/test/domain/usecases/boundary_values_test.dart: Граничные значения: NaN и Infinity StripFoundation: NaN в входных данных                                                   00:05 +374 -23: c:/probrab1/test/domain/usecases/boundary_values_test.dart: Граничные значения: NaN и Infinity Plaster: Infinity в входных данных                                                      00:05 +375 -23: c:/probrab1/test/domain/usecases/boundary_values_test.dart: Граничные значения: NaN и Infinity Plaster: Infinity в входных данных                                                      00:05 +375 -23: loading c:/probrab1/test/domain/usecases/calculate_3d_panels_test.dart                                                                                                                 00:05 +375 -23: c:/probrab1/test/domain/usecases/calculate_3d_panels_test.dart: Calculate3dPanels calculates panels needed correctly                                                                   00:05 +376 -23: c:/probrab1/test/domain/usecases/calculate_3d_panels_test.dart: Calculate3dPanels calculates panels needed correctly                                                                   00:05 +376 -23: c:/probrab1/test/domain/usecases/calculate_3d_panels_test.dart: Calculate3dPanels calculates glue needed                                                                               00:05 +377 -23: c:/probrab1/test/domain/usecases/calculate_3d_panels_test.dart: Calculate3dPanels calculates glue needed                                                                               00:05 +377 -23: c:/probrab1/test/domain/usecases/calculate_3d_panels_test.dart: Calculate3dPanels calculates primer needed                                                                             00:05 +378 -23: c:/probrab1/test/domain/usecases/calculate_3d_panels_test.dart: Calculate3dPanels calculates primer needed                                                                             00:05 +378 -23: c:/probrab1/test/domain/usecases/calculate_3d_panels_test.dart: Calculate3dPanels uses default panel size when missing                                                                 00:05 +379 -23: c:/probrab1/test/domain/usecases/calculate_3d_panels_test.dart: Calculate3dPanels uses default panel size when missing                                                                 00:05 +379 -23: c:/probrab1/test/domain/usecases/calculate_3d_panels_test.dart: Calculate3dPanels handles different panel sizes                                                                        00:05 +380 -23: c:/probrab1/test/domain/usecases/calculate_3d_panels_test.dart: Calculate3dPanels handles different panel sizes                                                                        00:05 +380 -23: c:/probrab1/test/domain/usecases/calculate_3d_panels_test.dart: Calculate3dPanels throws exception for zero area                                                                       00:05 +381 -23: c:/probrab1/test/domain/usecases/calculate_3d_panels_test.dart: Calculate3dPanels throws exception for zero area                                                                       00:05 +381 -23: loading c:/probrab1/test/domain/usecases/calculate_bathroom_tile_test.dart                                                                                                             00:05 +381 -23: c:/probrab1/test/domain/usecases/calculate_bathroom_tile_test.dart: CalculateBathroomTile calculates total tiles for walls and floor                                                   00:05 +382 -23: c:/probrab1/test/domain/usecases/calculate_bathroom_tile_test.dart: CalculateBathroomTile calculates total tiles for walls and floor                                                   00:05 +382 -23: c:/probrab1/test/domain/usecases/calculate_bathroom_tile_test.dart: CalculateBathroomTile calculates grout needed correctly                                                            00:05 +383 -23: c:/probrab1/test/domain/usecases/calculate_bathroom_tile_test.dart: CalculateBathroomTile calculates grout needed correctly                                                            00:05 +383 -23: c:/probrab1/test/domain/usecases/calculate_bathroom_tile_test.dart: CalculateBathroomTile calculates glue needed correctly                                                             00:05 +384 -23: c:/probrab1/test/domain/usecases/calculate_bathroom_tile_test.dart: CalculateBathroomTile calculates glue needed correctly                                                             00:05 +384 -23: c:/probrab1/test/domain/usecases/calculate_bathroom_tile_test.dart: CalculateBathroomTile calculates crosses needed correctly                                                          00:05 +385 -23: c:/probrab1/test/domain/usecases/calculate_bathroom_tile_test.dart: CalculateBathroomTile calculates crosses needed correctly                                                          00:05 +385 -23: c:/probrab1/test/domain/usecases/calculate_bathroom_tile_test.dart: CalculateBathroomTile calculates waterproofing area correctly                                                      00:05 +386 -23: c:/probrab1/test/domain/usecases/calculate_bathroom_tile_test.dart: CalculateBathroomTile calculates waterproofing area correctly                                                      00:05 +386 -23: c:/probrab1/test/domain/usecases/calculate_bathroom_tile_test.dart: CalculateBathroomTile handles only wall area                                                                       00:05 +387 -23: c:/probrab1/test/domain/usecases/calculate_bathroom_tile_test.dart: CalculateBathroomTile handles only wall area                                                                       00:05 +387 -23: c:/probrab1/test/domain/usecases/calculate_bathroom_tile_test.dart: CalculateBathroomTile handles only floor area                                                                      00:05 +388 -23: c:/probrab1/test/domain/usecases/calculate_bathroom_tile_test.dart: CalculateBathroomTile handles only floor area                                                                      00:05 +388 -23: c:/probrab1/test/domain/usecases/calculate_bathroom_tile_test.dart: CalculateBathroomTile handles different tile sizes                                                                 00:05 +389 -23: c:/probrab1/test/domain/usecases/calculate_bathroom_tile_test.dart: CalculateBathroomTile handles different tile sizes                                                                 00:05 +389 -23: c:/probrab1/test/domain/usecases/calculate_bathroom_tile_test.dart: CalculateBathroomTile uses default values when not provided                                                        00:05 +390 -23: c:/probrab1/test/domain/usecases/calculate_bathroom_tile_test.dart: CalculateBathroomTile uses default values when not provided                                                        00:05 +390 -23: c:/probrab1/test/domain/usecases/calculate_bathroom_tile_test.dart: CalculateBathroomTile handles zero areas                                                                           00:05 +391 -23: c:/probrab1/test/domain/usecases/calculate_bathroom_tile_test.dart: CalculateBathroomTile handles zero areas                                                                           00:05 +391 -23: c:/probrab1/test/domain/usecases/calculate_bathroom_tile_test.dart: CalculateBathroomTile preserves areas in results                                                                   00:05 +392 -23: c:/probrab1/test/domain/usecases/calculate_bathroom_tile_test.dart: CalculateBathroomTile preserves areas in results                                                                   00:05 +392 -23: loading c:/probrab1/test/domain/usecases/calculate_brick_facing_test.dart                                                                                                              00:05 +392 -23: c:/probrab1/test/domain/usecases/calculate_brick_facing_test.dart: CalculateBrickFacing calculates bricks needed for half-brick                                                        00:05 +393 -23: c:/probrab1/test/domain/usecases/calculate_brick_facing_test.dart: CalculateBrickFacing calculates bricks needed for half-brick                                                        00:05 +393 -23: c:/probrab1/test/domain/usecases/calculate_brick_facing_test.dart: CalculateBrickFacing subtracts windows and doors area                                                               00:05 +394 -23: c:/probrab1/test/domain/usecases/calculate_brick_facing_test.dart: CalculateBrickFacing subtracts windows and doors area                                                               00:05 +394 -23: c:/probrab1/test/domain/usecases/calculate_brick_facing_test.dart: CalculateBrickFacing calculates mortar volume                                                                       00:05 +395 -23: c:/probrab1/test/domain/usecases/calculate_brick_facing_test.dart: CalculateBrickFacing calculates mortar volume                                                                       00:05 +395 -23: c:/probrab1/test/domain/usecases/calculate_brick_facing_test.dart: CalculateBrickFacing calculates reinforcement length                                                                00:05 +396 -23: c:/probrab1/test/domain/usecases/calculate_brick_facing_test.dart: CalculateBrickFacing calculates reinforcement length                                                                00:05 +396 -23: c:/probrab1/test/domain/usecases/calculate_brick_facing_test.dart: CalculateBrickFacing uses default values when missing                                                               00:05 +397 -23: c:/probrab1/test/domain/usecases/calculate_brick_facing_test.dart: CalculateBrickFacing uses default values when missing                                                               00:05 +397 -23: c:/probrab1/test/domain/usecases/calculate_brick_facing_test.dart: CalculateBrickFacing throws exception for zero area                                                                 00:05 +398 -23: c:/probrab1/test/domain/usecases/calculate_brick_facing_test.dart: CalculateBrickFacing throws exception for zero area                                                                 00:05 +398 -23: loading c:/probrab1/test/domain/usecases/calculate_brick_partition_test.dart                                                                                                           00:05 +398 -23: c:/probrab1/test/domain/usecases/calculate_brick_partition_test.dart: CalculateBrickPartition calculates bricks needed for half-brick wall                                             00:05 +399 -23: c:/probrab1/test/domain/usecases/calculate_brick_partition_test.dart: CalculateBrickPartition calculates bricks needed for half-brick wall                                             00:05 +399 -23: c:/probrab1/test/domain/usecases/calculate_brick_partition_test.dart: CalculateBrickPartition calculates bricks needed for full brick wall                                             00:05 +400 -23: c:/probrab1/test/domain/usecases/calculate_brick_partition_test.dart: CalculateBrickPartition calculates bricks needed for full brick wall                                             00:05 +400 -23: c:/probrab1/test/domain/usecases/calculate_brick_partition_test.dart: CalculateBrickPartition calculates mortar volume                                                                 00:05 +401 -23: c:/probrab1/test/domain/usecases/calculate_brick_partition_test.dart: CalculateBrickPartition calculates mortar volume                                                                 00:05 +401 -23: c:/probrab1/test/domain/usecases/calculate_brick_partition_test.dart: CalculateBrickPartition calculates cement and sand needed                                                        00:05 +402 -23: c:/probrab1/test/domain/usecases/calculate_brick_partition_test.dart: CalculateBrickPartition calculates cement and sand needed                                                        00:05 +402 -23: c:/probrab1/test/domain/usecases/calculate_brick_partition_test.dart: CalculateBrickPartition uses default thickness when missing                                                      00:05 +403 -23: c:/probrab1/test/domain/usecases/calculate_brick_partition_test.dart: CalculateBrickPartition uses default thickness when missing                                                      00:05 +403 -23: c:/probrab1/test/domain/usecases/calculate_brick_partition_test.dart: CalculateBrickPartition throws exception for zero area                                                           00:05 +404 -23: c:/probrab1/test/domain/usecases/calculate_brick_partition_test.dart: CalculateBrickPartition throws exception for zero area                                                           00:05 +404 -23: loading c:/probrab1/test/domain/usecases/calculate_carpet_test.dart                                                                                                                    00:05 +404 -23: c:/probrab1/test/domain/usecases/calculate_carpet_test.dart: CalculateCarpet calculates rolls needed correctly                                                                         00:05 +405 -23: c:/probrab1/test/domain/usecases/calculate_carpet_test.dart: CalculateCarpet calculates rolls needed correctly                                                                         00:05 +405 -23: c:/probrab1/test/domain/usecases/calculate_carpet_test.dart: CalculateCarpet calculates tape length                                                                                    00:05 +406 -23: c:/probrab1/test/domain/usecases/calculate_carpet_test.dart: CalculateCarpet calculates tape length                                                                                    00:05 +406 -23: c:/probrab1/test/domain/usecases/calculate_carpet_test.dart: CalculateCarpet calculates underlay area                                                                                  00:05 +407 -23: c:/probrab1/test/domain/usecases/calculate_carpet_test.dart: CalculateCarpet calculates underlay area                                                                                  00:05 +407 -23: c:/probrab1/test/domain/usecases/calculate_carpet_test.dart: CalculateCarpet estimates perimeter when missing                                                                          00:05 +408 -23: c:/probrab1/test/domain/usecases/calculate_carpet_test.dart: CalculateCarpet estimates perimeter when missing                                                                          00:05 +408 -23: c:/probrab1/test/domain/usecases/calculate_carpet_test.dart: CalculateCarpet uses provided perimeter                                                                                   00:05 +409 -23: c:/probrab1/test/domain/usecases/calculate_carpet_test.dart: CalculateCarpet uses provided perimeter                                                                                   00:05 +409 -23: c:/probrab1/test/domain/usecases/calculate_carpet_test.dart: CalculateCarpet uses default roll dimensions when missing                                                                 00:05 +410 -23: c:/probrab1/test/domain/usecases/calculate_carpet_test.dart: CalculateCarpet uses default roll dimensions when missing                                                                 00:05 +410 -23: c:/probrab1/test/domain/usecases/calculate_carpet_test.dart: CalculateCarpet throws exception for zero area                                                                            00:05 +411 -23: c:/probrab1/test/domain/usecases/calculate_carpet_test.dart: CalculateCarpet throws exception for zero area                                                                            00:05 +411 -23: loading c:/probrab1/test/domain/usecases/calculate_cassette_ceiling_test.dart                                                                                                          00:05 +411 -23: c:/probrab1/test/domain/usecases/calculate_cassette_ceiling_test.dart: CalculateCassetteCeiling calculates cassettes needed correctly                                                  00:05 +412 -23: c:/probrab1/test/domain/usecases/calculate_cassette_ceiling_test.dart: CalculateCassetteCeiling calculates cassettes needed correctly                                                  00:05 +412 -23: c:/probrab1/test/domain/usecases/calculate_cassette_ceiling_test.dart: CalculateCassetteCeiling calculates guide length                                                                00:05 +413 -23: c:/probrab1/test/domain/usecases/calculate_cassette_ceiling_test.dart: CalculateCassetteCeiling calculates guide length                                                                00:05 +413 -23: c:/probrab1/test/domain/usecases/calculate_cassette_ceiling_test.dart: CalculateCassetteCeiling calculates hangers needed                                                              00:05 +414 -23: c:/probrab1/test/domain/usecases/calculate_cassette_ceiling_test.dart: CalculateCassetteCeiling calculates hangers needed                                                              00:05 +414 -23: c:/probrab1/test/domain/usecases/calculate_cassette_ceiling_test.dart: CalculateCassetteCeiling estimates perimeter when missing                                                       00:05 +415 -23: c:/probrab1/test/domain/usecases/calculate_cassette_ceiling_test.dart: CalculateCassetteCeiling estimates perimeter when missing                                                       00:05 +415 -23: c:/probrab1/test/domain/usecases/calculate_cassette_ceiling_test.dart: CalculateCassetteCeiling uses default cassette size when missing                                                00:05 +416 -23: c:/probrab1/test/domain/usecases/calculate_cassette_ceiling_test.dart: CalculateCassetteCeiling uses default cassette size when missing                                                00:05 +416 -23: c:/probrab1/test/domain/usecases/calculate_cassette_ceiling_test.dart: CalculateCassetteCeiling throws exception for zero area                                                         00:05 +417 -23: c:/probrab1/test/domain/usecases/calculate_cassette_ceiling_test.dart: CalculateCassetteCeiling throws exception for zero area                                                         00:05 +417 -23: loading c:/probrab1/test/domain/usecases/calculate_ceiling_insulation_test.dart                                                                                                        00:05 +417 -23: c:/probrab1/test/domain/usecases/calculate_ceiling_insulation_test.dart: CalculateCeilingInsulation calculates sheets needed for mineral wool                                          00:05 +418 -23: c:/probrab1/test/domain/usecases/calculate_ceiling_insulation_test.dart: CalculateCeilingInsulation calculates sheets needed for mineral wool                                          00:05 +418 -23: c:/probrab1/test/domain/usecases/calculate_ceiling_insulation_test.dart: CalculateCeilingInsulation calculates sheets needed for foam                                                  00:05 +419 -23: c:/probrab1/test/domain/usecases/calculate_ceiling_insulation_test.dart: CalculateCeilingInsulation calculates sheets needed for foam                                                  00:05 +419 -23: c:/probrab1/test/domain/usecases/calculate_ceiling_insulation_test.dart: CalculateCeilingInsulation calculates volume                                                                  00:05 +420 -23: c:/probrab1/test/domain/usecases/calculate_ceiling_insulation_test.dart: CalculateCeilingInsulation calculates volume                                                                  00:05 +420 -23: c:/probrab1/test/domain/usecases/calculate_ceiling_insulation_test.dart: CalculateCeilingInsulation calculates vapor barrier area                                                      00:05 +421 -23: c:/probrab1/test/domain/usecases/calculate_ceiling_insulation_test.dart: CalculateCeilingInsulation calculates vapor barrier area                                                      00:05 +421 -23: c:/probrab1/test/domain/usecases/calculate_ceiling_insulation_test.dart: CalculateCeilingInsulation calculates fasteners needed                                                        00:05 +422 -23: c:/probrab1/test/domain/usecases/calculate_ceiling_insulation_test.dart: CalculateCeilingInsulation calculates fasteners needed                                                        00:05 +422 -23: c:/probrab1/test/domain/usecases/calculate_ceiling_insulation_test.dart: CalculateCeilingInsulation uses default values when missing                                                   00:05 +423 -23: c:/probrab1/test/domain/usecases/calculate_ceiling_insulation_test.dart: CalculateCeilingInsulation uses default values when missing                                                   00:05 +423 -23: c:/probrab1/test/domain/usecases/calculate_ceiling_insulation_test.dart: CalculateCeilingInsulation throws exception for zero area                                                     00:05 +424 -23: c:/probrab1/test/domain/usecases/calculate_ceiling_insulation_test.dart: CalculateCeilingInsulation throws exception for zero area                                                     00:06 +424 -23: c:/probrab1/test/domain/usecases/calculate_ceiling_insulation_test.dart: CalculateCeilingInsulation throws exception for zero area                                                     00:06 +424 -23: loading c:/probrab1/test/domain/usecases/calculate_ceiling_paint_test.dart                                                                                                             00:06 +424 -23: c:/probrab1/test/domain/usecases/calculate_ceiling_paint_test.dart: CalculateCeilingPaint calculates paint needed correctly                                                            00:06 +425 -23: c:/probrab1/test/domain/usecases/calculate_ceiling_paint_test.dart: CalculateCeilingPaint calculates paint needed correctly                                                            00:06 +425 -23: c:/probrab1/test/domain/usecases/calculate_ceiling_paint_test.dart: CalculateCeilingPaint calculates primer needed                                                                     00:06 +426 -23: c:/probrab1/test/domain/usecases/calculate_ceiling_paint_test.dart: CalculateCeilingPaint calculates primer needed                                                                     00:06 +426 -23: c:/probrab1/test/domain/usecases/calculate_ceiling_paint_test.dart: CalculateCeilingPaint uses default consumption when missing                                                        00:06 +427 -23: c:/probrab1/test/domain/usecases/calculate_ceiling_paint_test.dart: CalculateCeilingPaint uses default consumption when missing                                                        00:06 +427 -23: c:/probrab1/test/domain/usecases/calculate_ceiling_paint_test.dart: CalculateCeilingPaint uses default layers when missing                                                             00:06 +428 -23: c:/probrab1/test/domain/usecases/calculate_ceiling_paint_test.dart: CalculateCeilingPaint uses default layers when missing                                                             00:06 +428 -23: c:/probrab1/test/domain/usecases/calculate_ceiling_paint_test.dart: CalculateCeilingPaint handles different consumption rates                                                          00:06 +429 -23: c:/probrab1/test/domain/usecases/calculate_ceiling_paint_test.dart: CalculateCeilingPaint handles different consumption rates                                                          00:06 +429 -23: c:/probrab1/test/domain/usecases/calculate_ceiling_paint_test.dart: CalculateCeilingPaint throws exception for zero area                                                               00:06 +430 -23: c:/probrab1/test/domain/usecases/calculate_ceiling_paint_test.dart: CalculateCeilingPaint throws exception for zero area                                                               00:06 +430 -23: loading c:/probrab1/test/domain/usecases/calculate_ceiling_tiles_test.dart                                                                                                             00:06 +430 -23: c:/probrab1/test/domain/usecases/calculate_ceiling_tiles_test.dart: CalculateCeilingTiles calculates tiles needed correctly                                                            00:06 +431 -23: c:/probrab1/test/domain/usecases/calculate_ceiling_tiles_test.dart: CalculateCeilingTiles calculates tiles needed correctly                                                            00:06 +431 -23: c:/probrab1/test/domain/usecases/calculate_ceiling_tiles_test.dart: CalculateCeilingTiles calculates glue needed                                                                       00:06 +432 -23: c:/probrab1/test/domain/usecases/calculate_ceiling_tiles_test.dart: CalculateCeilingTiles calculates glue needed                                                                       00:06 +432 -23: c:/probrab1/test/domain/usecases/calculate_ceiling_tiles_test.dart: CalculateCeilingTiles calculates primer needed                                                                     00:06 +433 -23: c:/probrab1/test/domain/usecases/calculate_ceiling_tiles_test.dart: CalculateCeilingTiles calculates primer needed                                                                     00:06 +433 -23: c:/probrab1/test/domain/usecases/calculate_ceiling_tiles_test.dart: CalculateCeilingTiles uses default tile size when missing                                                          00:06 +434 -23: c:/probrab1/test/domain/usecases/calculate_ceiling_tiles_test.dart: CalculateCeilingTiles uses default tile size when missing                                                          00:06 +434 -23: c:/probrab1/test/domain/usecases/calculate_ceiling_tiles_test.dart: CalculateCeilingTiles handles different tile sizes                                                                 00:06 +435 -23: c:/probrab1/test/domain/usecases/calculate_ceiling_tiles_test.dart: CalculateCeilingTiles handles different tile sizes                                                                 00:06 +435 -23: c:/probrab1/test/domain/usecases/calculate_ceiling_tiles_test.dart: CalculateCeilingTiles throws exception for zero area                                                               00:06 +436 -23: c:/probrab1/test/domain/usecases/calculate_ceiling_tiles_test.dart: CalculateCeilingTiles throws exception for zero area                                                               00:06 +436 -23: loading c:/probrab1/test/domain/usecases/calculate_decorative_plaster_test.dart                                                                                                        00:06 +436 -23: c:/probrab1/test/domain/usecases/calculate_decorative_plaster_test.dart: CalculateDecorativePlaster calculates plaster needed correctly                                                00:06 +437 -23: c:/probrab1/test/domain/usecases/calculate_decorative_plaster_test.dart: CalculateDecorativePlaster calculates plaster needed correctly                                                00:06 +437 -23: c:/probrab1/test/domain/usecases/calculate_decorative_plaster_test.dart: CalculateDecorativePlaster subtracts windows and doors area                                                   00:06 +438 -23: c:/probrab1/test/domain/usecases/calculate_decorative_plaster_test.dart: CalculateDecorativePlaster subtracts windows and doors area                                                   00:06 +438 -23: c:/probrab1/test/domain/usecases/calculate_decorative_plaster_test.dart: CalculateDecorativePlaster calculates primer needed                                                           00:06 +439 -23: c:/probrab1/test/domain/usecases/calculate_decorative_plaster_test.dart: CalculateDecorativePlaster calculates primer needed                                                           00:06 +439 -23: c:/probrab1/test/domain/usecases/calculate_decorative_plaster_test.dart: CalculateDecorativePlaster uses default thickness when missing                                                00:06 +440 -23: c:/probrab1/test/domain/usecases/calculate_decorative_plaster_test.dart: CalculateDecorativePlaster uses default thickness when missing                                                00:06 +440 -23: c:/probrab1/test/domain/usecases/calculate_decorative_plaster_test.dart: CalculateDecorativePlaster handles different thickness values                                                 00:06 +441 -23: c:/probrab1/test/domain/usecases/calculate_decorative_plaster_test.dart: CalculateDecorativePlaster handles different thickness values                                                 00:06 +441 -23: c:/probrab1/test/domain/usecases/calculate_decorative_plaster_test.dart: CalculateDecorativePlaster throws exception for zero area                                                     00:06 +442 -23: c:/probrab1/test/domain/usecases/calculate_decorative_plaster_test.dart: CalculateDecorativePlaster throws exception for zero area                                                     00:06 +442 -23: c:/probrab1/test/domain/usecases/calculate_decorative_plaster_test.dart: CalculateDecorativePlaster handles negative useful area                                                       00:06 +443 -23: c:/probrab1/test/domain/usecases/calculate_decorative_plaster_test.dart: CalculateDecorativePlaster handles negative useful area                                                       00:06 +443 -23: loading c:/probrab1/test/domain/usecases/calculate_decorative_stone_test.dart                                                                                                          00:06 +443 -23: c:/probrab1/test/domain/usecases/calculate_decorative_stone_test.dart: CalculateDecorativeStone calculates stones needed correctly                                                     00:06 +444 -23: c:/probrab1/test/domain/usecases/calculate_decorative_stone_test.dart: CalculateDecorativeStone calculates stones needed correctly                                                     00:06 +444 -23: c:/probrab1/test/domain/usecases/calculate_decorative_stone_test.dart: CalculateDecorativeStone calculates glue needed                                                                 00:06 +445 -23: c:/probrab1/test/domain/usecases/calculate_decorative_stone_test.dart: CalculateDecorativeStone calculates glue needed                                                                 00:06 +445 -23: c:/probrab1/test/domain/usecases/calculate_decorative_stone_test.dart: CalculateDecorativeStone calculates grout needed                                                                00:06 +446 -23: c:/probrab1/test/domain/usecases/calculate_decorative_stone_test.dart: CalculateDecorativeStone calculates grout needed                                                                00:06 +446 -23: c:/probrab1/test/domain/usecases/calculate_decorative_stone_test.dart: CalculateDecorativeStone calculates primer needed                                                               00:06 +447 -23: c:/probrab1/test/domain/usecases/calculate_decorative_stone_test.dart: CalculateDecorativeStone calculates primer needed                                                               00:06 +447 -23: c:/probrab1/test/domain/usecases/calculate_decorative_stone_test.dart: CalculateDecorativeStone uses default stone dimensions when missing                                             00:06 +448 -23: c:/probrab1/test/domain/usecases/calculate_decorative_stone_test.dart: CalculateDecorativeStone uses default stone dimensions when missing                                             00:06 +448 -23: c:/probrab1/test/domain/usecases/calculate_decorative_stone_test.dart: CalculateDecorativeStone throws exception for zero area                                                         00:06 +449 -23: c:/probrab1/test/domain/usecases/calculate_decorative_stone_test.dart: CalculateDecorativeStone throws exception for zero area                                                         00:06 +449 -23: loading c:/probrab1/test/domain/usecases/calculate_door_installation_test.dart                                                                                                         00:06 +449 -23: c:/probrab1/test/domain/usecases/calculate_door_installation_test.dart: CalculateDoorInstallation calculates foam needed correctly                                                     00:06 +450 -23: c:/probrab1/test/domain/usecases/calculate_door_installation_test.dart: CalculateDoorInstallation calculates foam needed correctly                                                     00:06 +450 -23: c:/probrab1/test/domain/usecases/calculate_door_installation_test.dart: CalculateDoorInstallation calculates architrave length                                                         00:06 +451 -23: c:/probrab1/test/domain/usecases/calculate_door_installation_test.dart: CalculateDoorInstallation calculates architrave length                                                         00:06 +451 -23: c:/probrab1/test/domain/usecases/calculate_door_installation_test.dart: CalculateDoorInstallation calculates frames needed                                                             00:06 +452 -23: c:/probrab1/test/domain/usecases/calculate_door_installation_test.dart: CalculateDoorInstallation calculates frames needed                                                             00:06 +452 -23: c:/probrab1/test/domain/usecases/calculate_door_installation_test.dart: CalculateDoorInstallation calculates hinges needed                                                             00:06 +453 -23: c:/probrab1/test/domain/usecases/calculate_door_installation_test.dart: CalculateDoorInstallation calculates hinges needed                                                             00:06 +453 -23: c:/probrab1/test/domain/usecases/calculate_door_installation_test.dart: CalculateDoorInstallation calculates locks needed                                                              00:06 +454 -23: c:/probrab1/test/domain/usecases/calculate_door_installation_test.dart: CalculateDoorInstallation calculates locks needed                                                              00:06 +454 -23: c:/probrab1/test/domain/usecases/calculate_door_installation_test.dart: CalculateDoorInstallation uses default values when missing                                                     00:06 +455 -23: c:/probrab1/test/domain/usecases/calculate_door_installation_test.dart: CalculateDoorInstallation uses default values when missing                                                     00:06 +455 -23: c:/probrab1/test/domain/usecases/calculate_door_installation_test.dart: CalculateDoorInstallation handles zero doors                                                                   00:06 +456 -23: c:/probrab1/test/domain/usecases/calculate_door_installation_test.dart: CalculateDoorInstallation handles zero doors                                                                   00:06 +456 -23: loading c:/probrab1/test/domain/usecases/calculate_electrics_test.dart                                                                                                                 00:06 +456 -23: c:/probrab1/test/domain/usecases/calculate_electrics_test.dart: CalculateElectrics calculates sockets automatically                                                                    00:06 +457 -23: c:/probrab1/test/domain/usecases/calculate_electrics_test.dart: CalculateElectrics calculates sockets automatically                                                                    00:06 +457 -23: c:/probrab1/test/domain/usecases/calculate_electrics_test.dart: CalculateElectrics calculates switches automatically                                                                   00:06 +458 -23: c:/probrab1/test/domain/usecases/calculate_electrics_test.dart: CalculateElectrics calculates switches automatically                                                                   00:06 +458 -23: c:/probrab1/test/domain/usecases/calculate_electrics_test.dart: CalculateElectrics uses provided sockets and switches                                                                  00:06 +459 -23: c:/probrab1/test/domain/usecases/calculate_electrics_test.dart: CalculateElectrics uses provided sockets and switches                                                                  00:06 +459 -23: c:/probrab1/test/domain/usecases/calculate_electrics_test.dart: CalculateElectrics calculates wire length                                                                              00:06 +460 -23: c:/probrab1/test/domain/usecases/calculate_electrics_test.dart: CalculateElectrics calculates wire length                                                                              00:06 +460 -23: c:/probrab1/test/domain/usecases/calculate_electrics_test.dart: CalculateElectrics calculates cable channel length                                                                     00:06 +461 -23: c:/probrab1/test/domain/usecases/calculate_electrics_test.dart: CalculateElectrics calculates cable channel length                                                                     00:06 +461 -23: c:/probrab1/test/domain/usecases/calculate_electrics_test.dart: CalculateElectrics calculates circuit breakers                                                                         00:06 +462 -23: c:/probrab1/test/domain/usecases/calculate_electrics_test.dart: CalculateElectrics calculates circuit breakers                                                                         00:06 +462 -23: c:/probrab1/test/domain/usecases/calculate_electrics_test.dart: CalculateElectrics calculates junction boxes                                                                           00:06 +463 -23: c:/probrab1/test/domain/usecases/calculate_electrics_test.dart: CalculateElectrics calculates junction boxes                                                                           00:06 +463 -23: c:/probrab1/test/domain/usecases/calculate_electrics_test.dart: CalculateElectrics uses default values when missing                                                                    00:06 +464 -23: c:/probrab1/test/domain/usecases/calculate_electrics_test.dart: CalculateElectrics uses default values when missing                                                                    00:06 +464 -23: c:/probrab1/test/domain/usecases/calculate_electrics_test.dart: CalculateElectrics throws exception for zero area                                                                      00:06 +465 -23: c:/probrab1/test/domain/usecases/calculate_electrics_test.dart: CalculateElectrics throws exception for zero area                                                                      00:06 +465 -23: loading c:/probrab1/test/domain/usecases/calculate_facade_panels_test.dart                                                                                                             00:06 +465 -23: c:/probrab1/test/domain/usecases/calculate_facade_panels_test.dart: CalculateFacadePanels calculates panels needed correctly                                                           00:06 +466 -23: c:/probrab1/test/domain/usecases/calculate_facade_panels_test.dart: CalculateFacadePanels calculates panels needed correctly                                                           00:06 +466 -23: c:/probrab1/test/domain/usecases/calculate_facade_panels_test.dart: CalculateFacadePanels calculates fasteners needed                                                                  00:06 +467 -23: c:/probrab1/test/domain/usecases/calculate_facade_panels_test.dart: CalculateFacadePanels calculates fasteners needed                                                                  00:06 +467 -23: c:/probrab1/test/domain/usecases/calculate_facade_panels_test.dart: CalculateFacadePanels calculates corners and start strip length                                                    00:06 +468 -23: c:/probrab1/test/domain/usecases/calculate_facade_panels_test.dart: CalculateFacadePanels calculates corners and start strip length                                                    00:06 +468 -23: c:/probrab1/test/domain/usecases/calculate_facade_panels_test.dart: CalculateFacadePanels estimates perimeter when missing                                                             00:06 +469 -23: c:/probrab1/test/domain/usecases/calculate_facade_panels_test.dart: CalculateFacadePanels estimates perimeter when missing                                                             00:06 +469 -23: c:/probrab1/test/domain/usecases/calculate_facade_panels_test.dart: CalculateFacadePanels uses default panel dimensions when missing                                                   00:06 +470 -23: c:/probrab1/test/domain/usecases/calculate_facade_panels_test.dart: CalculateFacadePanels uses default panel dimensions when missing                                                   00:06 +470 -23: c:/probrab1/test/domain/usecases/calculate_facade_panels_test.dart: CalculateFacadePanels throws exception for zero area                                                               00:06 +471 -23: c:/probrab1/test/domain/usecases/calculate_facade_panels_test.dart: CalculateFacadePanels throws exception for zero area                                                               00:06 +471 -23: loading c:/probrab1/test/domain/usecases/calculate_gasblock_partition_test.dart                                                                                                        00:06 +471 -23: c:/probrab1/test/domain/usecases/calculate_gasblock_partition_test.dart: CalculateGasblockPartition calculates blocks needed correctly                                                 00:06 +472 -23: c:/probrab1/test/domain/usecases/calculate_gasblock_partition_test.dart: CalculateGasblockPartition calculates blocks needed correctly                                                 00:06 +472 -23: c:/probrab1/test/domain/usecases/calculate_gasblock_partition_test.dart: CalculateGasblockPartition calculates glue needed                                                             00:06 +473 -23: c:/probrab1/test/domain/usecases/calculate_gasblock_partition_test.dart: CalculateGasblockPartition calculates glue needed                                                             00:06 +473 -23: c:/probrab1/test/domain/usecases/calculate_gasblock_partition_test.dart: CalculateGasblockPartition calculates reinforcement length                                                    00:06 +474 -23: c:/probrab1/test/domain/usecases/calculate_gasblock_partition_test.dart: CalculateGasblockPartition calculates reinforcement length                                                    00:06 +474 -23: c:/probrab1/test/domain/usecases/calculate_gasblock_partition_test.dart: CalculateGasblockPartition uses default block dimensions when missing                                         00:06 +475 -23: c:/probrab1/test/domain/usecases/calculate_gasblock_partition_test.dart: CalculateGasblockPartition uses default block dimensions when missing                                         00:06 +475 -23: c:/probrab1/test/domain/usecases/calculate_gasblock_partition_test.dart: CalculateGasblockPartition estimates perimeter when missing                                                   00:06 +476 -23: c:/probrab1/test/domain/usecases/calculate_gasblock_partition_test.dart: CalculateGasblockPartition estimates perimeter when missing                                                   00:06 +476 -23: c:/probrab1/test/domain/usecases/calculate_gasblock_partition_test.dart: CalculateGasblockPartition throws exception for zero area                                                     00:06 +477 -23: c:/probrab1/test/domain/usecases/calculate_gasblock_partition_test.dart: CalculateGasblockPartition throws exception for zero area                                                     00:06 +477 -23: loading c:/probrab1/test/domain/usecases/calculate_gkl_ceiling_test.dart                                                                                                               00:06 +477 -23: c:/probrab1/test/domain/usecases/calculate_gkl_ceiling_test.dart: CalculateGklCeiling calculates sheets needed correctly                                                               00:07 +477 -23: c:/probrab1/test/domain/usecases/calculate_gkl_ceiling_test.dart: CalculateGklCeiling calculates sheets needed correctly                                                               00:07 +478 -23: c:/probrab1/test/domain/usecases/calculate_gkl_ceiling_test.dart: CalculateGklCeiling calculates sheets needed correctly                                                               00:07 +478 -23: c:/probrab1/test/domain/usecases/calculate_gkl_ceiling_test.dart: CalculateGklCeiling calculates with multiple layers                                                                  00:07 +479 -23: c:/probrab1/test/domain/usecases/calculate_gkl_ceiling_test.dart: CalculateGklCeiling calculates with multiple layers                                                                  00:07 +479 -23: c:/probrab1/test/domain/usecases/calculate_gkl_ceiling_test.dart: CalculateGklCeiling calculates screws needed                                                                         00:07 +480 -23: c:/probrab1/test/domain/usecases/calculate_gkl_ceiling_test.dart: CalculateGklCeiling calculates screws needed                                                                         00:07 +480 -23: c:/probrab1/test/domain/usecases/calculate_gkl_ceiling_test.dart: CalculateGklCeiling calculates putty needed                                                                          00:07 +481 -23: c:/probrab1/test/domain/usecases/calculate_gkl_ceiling_test.dart: CalculateGklCeiling calculates putty needed                                                                          00:07 +481 -23: c:/probrab1/test/domain/usecases/calculate_gkl_ceiling_test.dart: CalculateGklCeiling estimates perimeter when missing                                                                 00:07 +482 -23: c:/probrab1/test/domain/usecases/calculate_gkl_ceiling_test.dart: CalculateGklCeiling estimates perimeter when missing                                                                 00:07 +482 -23: c:/probrab1/test/domain/usecases/calculate_gkl_ceiling_test.dart: CalculateGklCeiling calculates hangers needed                                                                        00:07 +483 -23: c:/probrab1/test/domain/usecases/calculate_gkl_ceiling_test.dart: CalculateGklCeiling calculates hangers needed                                                                        00:07 +483 -23: c:/probrab1/test/domain/usecases/calculate_gkl_ceiling_test.dart: CalculateGklCeiling uses default values when missing                                                                 00:07 +484 -23: c:/probrab1/test/domain/usecases/calculate_gkl_ceiling_test.dart: CalculateGklCeiling uses default values when missing                                                                 00:07 +484 -23: c:/probrab1/test/domain/usecases/calculate_gkl_ceiling_test.dart: CalculateGklCeiling throws exception for zero area                                                                   00:07 +485 -23: c:/probrab1/test/domain/usecases/calculate_gkl_ceiling_test.dart: CalculateGklCeiling throws exception for zero area                                                                   00:07 +485 -23: loading c:/probrab1/test/domain/usecases/calculate_gkl_partition_test.dart                                                                                                             00:07 +485 -23: c:/probrab1/test/domain/usecases/calculate_gkl_partition_test.dart: CalculateGklPartition calculates sheets needed correctly with 10% reserve                                          00:07 +486 -23: c:/probrab1/test/domain/usecases/calculate_gkl_partition_test.dart: CalculateGklPartition calculates sheets needed correctly with 10% reserve                                          00:07 +486 -23: c:/probrab1/test/domain/usecases/calculate_gkl_partition_test.dart: CalculateGklPartition calculates screws needed correctly                                                           00:07 +487 -23: c:/probrab1/test/domain/usecases/calculate_gkl_partition_test.dart: CalculateGklPartition calculates screws needed correctly                                                           00:07 +487 -23: c:/probrab1/test/domain/usecases/calculate_gkl_partition_test.dart: CalculateGklPartition calculates putty needed correctly                                                            00:07 +488 -23: c:/probrab1/test/domain/usecases/calculate_gkl_partition_test.dart: CalculateGklPartition calculates putty needed correctly                                                            00:07 +488 -23: c:/probrab1/test/domain/usecases/calculate_gkl_partition_test.dart: CalculateGklPartition calculates guide length correctly with perimeter                                             00:07 +489 -23: c:/probrab1/test/domain/usecases/calculate_gkl_partition_test.dart: CalculateGklPartition calculates guide length correctly with perimeter                                             00:07 +489 -23: c:/probrab1/test/domain/usecases/calculate_gkl_partition_test.dart: CalculateGklPartition calculates studs length correctly                                                            00:07 +490 -23: c:/probrab1/test/domain/usecases/calculate_gkl_partition_test.dart: CalculateGklPartition calculates studs length correctly                                                            00:07 +490 -23: c:/probrab1/test/domain/usecases/calculate_gkl_partition_test.dart: CalculateGklPartition handles single layer correctly                                                               00:07 +491 -23: c:/probrab1/test/domain/usecases/calculate_gkl_partition_test.dart: CalculateGklPartition handles single layer correctly                                                               00:07 +491 -23: c:/probrab1/test/domain/usecases/calculate_gkl_partition_test.dart: CalculateGklPartition uses default values when not provided                                                        00:07 +492 -23: c:/probrab1/test/domain/usecases/calculate_gkl_partition_test.dart: CalculateGklPartition uses default values when not provided                                                        00:07 +492 -23: c:/probrab1/test/domain/usecases/calculate_gkl_partition_test.dart: CalculateGklPartition throws exception for zero area                                                               00:07 +493 -23: c:/probrab1/test/domain/usecases/calculate_gkl_partition_test.dart: CalculateGklPartition throws exception for zero area                                                               00:07 +493 -23: c:/probrab1/test/domain/usecases/calculate_gkl_partition_test.dart: CalculateGklPartition handles large partition                                                                      00:07 +494 -23: c:/probrab1/test/domain/usecases/calculate_gkl_partition_test.dart: CalculateGklPartition handles large partition                                                                      00:07 +494 -23: c:/probrab1/test/domain/usecases/calculate_gkl_partition_test.dart: CalculateGklPartition calculates total price with price list                                                       00:07 +495 -23: c:/probrab1/test/domain/usecases/calculate_gkl_partition_test.dart: CalculateGklPartition calculates total price with price list                                                       00:07 +495 -23: c:/probrab1/test/domain/usecases/calculate_gkl_partition_test.dart: CalculateGklPartition preserves area in results                                                                    00:07 +496 -23: c:/probrab1/test/domain/usecases/calculate_gkl_partition_test.dart: CalculateGklPartition preserves area in results                                                                    00:07 +496 -23: loading c:/probrab1/test/domain/usecases/calculate_gutters_test.dart                                                                                                                   00:07 +496 -23: c:/probrab1/test/domain/usecases/calculate_gutters_test.dart: CalculateGutters calculates gutter length correctly                                                                      00:07 +497 -23: c:/probrab1/test/domain/usecases/calculate_gutters_test.dart: CalculateGutters calculates gutter length correctly                                                                      00:07 +497 -23: c:/probrab1/test/domain/usecases/calculate_gutters_test.dart: CalculateGutters calculates downpipes automatically                                                                      00:07 +498 -23: c:/probrab1/test/domain/usecases/calculate_gutters_test.dart: CalculateGutters calculates downpipes automatically                                                                      00:07 +498 -23: c:/probrab1/test/domain/usecases/calculate_gutters_test.dart: CalculateGutters uses provided downpipes count                                                                           00:07 +499 -23: c:/probrab1/test/domain/usecases/calculate_gutters_test.dart: CalculateGutters uses provided downpipes count                                                                           00:07 +499 -23: c:/probrab1/test/domain/usecases/calculate_gutters_test.dart: CalculateGutters calculates corners                                                                                      00:07 +500 -23: c:/probrab1/test/domain/usecases/calculate_gutters_test.dart: CalculateGutters calculates corners                                                                                      00:07 +500 -23: c:/probrab1/test/domain/usecases/calculate_gutters_test.dart: CalculateGutters calculates funnels                                                                                      00:07 +501 -23: c:/probrab1/test/domain/usecases/calculate_gutters_test.dart: CalculateGutters calculates funnels                                                                                      00:07 +501 -23: c:/probrab1/test/domain/usecases/calculate_gutters_test.dart: CalculateGutters calculates elbows                                                                                       00:07 +502 -23: c:/probrab1/test/domain/usecases/calculate_gutters_test.dart: CalculateGutters calculates elbows                                                                                       00:07 +502 -23: c:/probrab1/test/domain/usecases/calculate_gutters_test.dart: CalculateGutters calculates brackets                                                                                     00:07 +503 -23: c:/probrab1/test/domain/usecases/calculate_gutters_test.dart: CalculateGutters calculates brackets                                                                                     00:07 +503 -23: c:/probrab1/test/domain/usecases/calculate_gutters_test.dart: CalculateGutters uses default values when missing                                                                        00:07 +504 -23: c:/probrab1/test/domain/usecases/calculate_gutters_test.dart: CalculateGutters uses default values when missing                                                                        00:07 +504 -23: c:/probrab1/test/domain/usecases/calculate_gutters_test.dart: CalculateGutters handles zero perimeter                                                                                  00:07 +505 -23: c:/probrab1/test/domain/usecases/calculate_gutters_test.dart: CalculateGutters handles zero perimeter                                                                                  00:07 +505 -23: loading c:/probrab1/test/domain/usecases/calculate_gvl_wall_test.dart                                                                                                                  00:07 +505 -23: c:/probrab1/test/domain/usecases/calculate_gvl_wall_test.dart: CalculateGvlWall calculates sheets needed correctly                                                                     00:07 +506 -23: c:/probrab1/test/domain/usecases/calculate_gvl_wall_test.dart: CalculateGvlWall calculates sheets needed correctly                                                                     00:07 +506 -23: c:/probrab1/test/domain/usecases/calculate_gvl_wall_test.dart: CalculateGvlWall calculates with multiple layers                                                                        00:07 +507 -23: c:/probrab1/test/domain/usecases/calculate_gvl_wall_test.dart: CalculateGvlWall calculates with multiple layers                                                                        00:07 +507 -23: c:/probrab1/test/domain/usecases/calculate_gvl_wall_test.dart: CalculateGvlWall calculates screws needed                                                                               00:07 +508 -23: c:/probrab1/test/domain/usecases/calculate_gvl_wall_test.dart: CalculateGvlWall calculates screws needed                                                                               00:07 +508 -23: c:/probrab1/test/domain/usecases/calculate_gvl_wall_test.dart: CalculateGvlWall calculates putty needed                                                                                00:07 +509 -23: c:/probrab1/test/domain/usecases/calculate_gvl_wall_test.dart: CalculateGvlWall calculates putty needed                                                                                00:07 +509 -23: c:/probrab1/test/domain/usecases/calculate_gvl_wall_test.dart: CalculateGvlWall estimates perimeter when missing                                                                       00:07 +510 -23: c:/probrab1/test/domain/usecases/calculate_gvl_wall_test.dart: CalculateGvlWall estimates perimeter when missing                                                                       00:07 +510 -23: c:/probrab1/test/domain/usecases/calculate_gvl_wall_test.dart: CalculateGvlWall uses default values when missing                                                                       00:07 +511 -23: c:/probrab1/test/domain/usecases/calculate_gvl_wall_test.dart: CalculateGvlWall uses default values when missing                                                                       00:07 +511 -23: c:/probrab1/test/domain/usecases/calculate_gvl_wall_test.dart: CalculateGvlWall throws exception for zero area                                                                         00:07 +512 -23: c:/probrab1/test/domain/usecases/calculate_gvl_wall_test.dart: CalculateGvlWall throws exception for zero area                                                                         00:07 +512 -23: loading c:/probrab1/test/domain/usecases/calculate_heating_test.dart                                                                                                                   00:07 +512 -23: c:/probrab1/test/domain/usecases/calculate_heating_test.dart: CalculateHeating calculates volume correctly                                                                             00:07 +513 -23: c:/probrab1/test/domain/usecases/calculate_heating_test.dart: CalculateHeating calculates volume correctly                                                                             00:07 +513 -23: c:/probrab1/test/domain/usecases/calculate_heating_test.dart: CalculateHeating calculates total power                                                                                  00:07 +514 -23: c:/probrab1/test/domain/usecases/calculate_heating_test.dart: CalculateHeating calculates total power                                                                                  00:07 +514 -23: c:/probrab1/test/domain/usecases/calculate_heating_test.dart: CalculateHeating calculates total sections                                                                               00:07 +515 -23: c:/probrab1/test/domain/usecases/calculate_heating_test.dart: CalculateHeating calculates total sections                                                                               00:07 +515 -23: c:/probrab1/test/domain/usecases/calculate_heating_test.dart: CalculateHeating calculates pipe length                                                                                  00:07 +516 -23: c:/probrab1/test/domain/usecases/calculate_heating_test.dart: CalculateHeating calculates pipe length                                                                                  00:07 +516 -23: c:/probrab1/test/domain/usecases/calculate_heating_test.dart: CalculateHeating calculates fittings needed                                                                              00:07 +517 -23: c:/probrab1/test/domain/usecases/calculate_heating_test.dart: CalculateHeating calculates fittings needed                                                                              00:07 +517 -23: c:/probrab1/test/domain/usecases/calculate_heating_test.dart: CalculateHeating calculates valves needed                                                                                00:07 +518 -23: c:/probrab1/test/domain/usecases/calculate_heating_test.dart: CalculateHeating calculates valves needed                                                                                00:07 +518 -23: c:/probrab1/test/domain/usecases/calculate_heating_test.dart: CalculateHeating calculates thermostats needed                                                                           00:07 +519 -23: c:/probrab1/test/domain/usecases/calculate_heating_test.dart: CalculateHeating calculates thermostats needed                                                                           00:07 +519 -23: c:/probrab1/test/domain/usecases/calculate_heating_test.dart: CalculateHeating uses default values when missing                                                                        00:07 +520 -23: c:/probrab1/test/domain/usecases/calculate_heating_test.dart: CalculateHeating uses default values when missing                                                                        00:07 +520 -23: c:/probrab1/test/domain/usecases/calculate_heating_test.dart: CalculateHeating throws exception for zero area                                                                          00:07 +521 -23: c:/probrab1/test/domain/usecases/calculate_heating_test.dart: CalculateHeating throws exception for zero area                                                                          00:07 +521 -23: loading c:/probrab1/test/domain/usecases/calculate_insulation_foam_test.dart                                                                                                           00:07 +521 -23: c:/probrab1/test/domain/usecases/calculate_insulation_foam_test.dart: CalculateInsulationFoam calculates volume correctly                                                              00:07 +522 -23: c:/probrab1/test/domain/usecases/calculate_insulation_foam_test.dart: CalculateInsulationFoam calculates volume correctly                                                              00:07 +522 -23: c:/probrab1/test/domain/usecases/calculate_insulation_foam_test.dart: CalculateInsulationFoam calculates sheets needed                                                                 00:07 +523 -23: c:/probrab1/test/domain/usecases/calculate_insulation_foam_test.dart: CalculateInsulationFoam calculates sheets needed                                                                 00:07 +523 -23: c:/probrab1/test/domain/usecases/calculate_insulation_foam_test.dart: CalculateInsulationFoam calculates weight                                                                        00:07 +524 -23: c:/probrab1/test/domain/usecases/calculate_insulation_foam_test.dart: CalculateInsulationFoam calculates weight                                                                        00:07 +524 -23: c:/probrab1/test/domain/usecases/calculate_insulation_foam_test.dart: CalculateInsulationFoam calculates glue needed                                                                   00:07 +525 -23: c:/probrab1/test/domain/usecases/calculate_insulation_foam_test.dart: CalculateInsulationFoam calculates glue needed                                                                   00:07 +525 -23: c:/probrab1/test/domain/usecases/calculate_insulation_foam_test.dart: CalculateInsulationFoam calculates fasteners needed                                                              00:07 +526 -23: c:/probrab1/test/domain/usecases/calculate_insulation_foam_test.dart: CalculateInsulationFoam calculates fasteners needed                                                              00:07 +526 -23: c:/probrab1/test/domain/usecases/calculate_insulation_foam_test.dart: CalculateInsulationFoam calculates mesh area                                                                     00:07 +527 -23: c:/probrab1/test/domain/usecases/calculate_insulation_foam_test.dart: CalculateInsulationFoam calculates mesh area                                                                     00:07 +527 -23: c:/probrab1/test/domain/usecases/calculate_insulation_foam_test.dart: CalculateInsulationFoam uses default thickness when missing                                                      00:07 +528 -23: c:/probrab1/test/domain/usecases/calculate_insulation_foam_test.dart: CalculateInsulationFoam uses default thickness when missing                                                      00:07 +528 -23: c:/probrab1/test/domain/usecases/calculate_insulation_foam_test.dart: CalculateInsulationFoam uses default density when missing                                                        00:07 +529 -23: c:/probrab1/test/domain/usecases/calculate_insulation_foam_test.dart: CalculateInsulationFoam uses default density when missing                                                        00:07 +529 -23: c:/probrab1/test/domain/usecases/calculate_insulation_foam_test.dart: CalculateInsulationFoam throws exception for zero area                                                           00:07 +530 -23: c:/probrab1/test/domain/usecases/calculate_insulation_foam_test.dart: CalculateInsulationFoam throws exception for zero area                                                           00:07 +530 -23: loading c:/probrab1/test/domain/usecases/calculate_insulation_mineral_wool_test.dart                                                                                                   00:07 +530 -23: c:/probrab1/test/domain/usecases/calculate_insulation_mineral_wool_test.dart: CalculateInsulationMineralWool calculates volume correctly                                               00:07 +531 -23: c:/probrab1/test/domain/usecases/calculate_insulation_mineral_wool_test.dart: CalculateInsulationMineralWool calculates volume correctly                                               00:07 +531 -23: c:/probrab1/test/domain/usecases/calculate_insulation_mineral_wool_test.dart: CalculateInsulationMineralWool calculates sheets needed                                                  00:07 +532 -23: c:/probrab1/test/domain/usecases/calculate_insulation_mineral_wool_test.dart: CalculateInsulationMineralWool calculates sheets needed                                                  00:07 +532 -23: c:/probrab1/test/domain/usecases/calculate_insulation_mineral_wool_test.dart: CalculateInsulationMineralWool calculates weight                                                         00:07 +533 -23: c:/probrab1/test/domain/usecases/calculate_insulation_mineral_wool_test.dart: CalculateInsulationMineralWool calculates weight                                                         00:07 +533 -23: c:/probrab1/test/domain/usecases/calculate_insulation_mineral_wool_test.dart: CalculateInsulationMineralWool calculates vapor barrier area                                             00:07 +534 -23: c:/probrab1/test/domain/usecases/calculate_insulation_mineral_wool_test.dart: CalculateInsulationMineralWool calculates vapor barrier area                                             00:07 +534 -23: c:/probrab1/test/domain/usecases/calculate_insulation_mineral_wool_test.dart: CalculateInsulationMineralWool calculates fasteners needed                                               00:07 +535 -23: c:/probrab1/test/domain/usecases/calculate_insulation_mineral_wool_test.dart: CalculateInsulationMineralWool calculates fasteners needed                                               00:07 +535 -23: c:/probrab1/test/domain/usecases/calculate_insulation_mineral_wool_test.dart: CalculateInsulationMineralWool uses default thickness when missing                                       00:07 +536 -23: c:/probrab1/test/domain/usecases/calculate_insulation_mineral_wool_test.dart: CalculateInsulationMineralWool uses default thickness when missing                                       00:07 +536 -23: c:/probrab1/test/domain/usecases/calculate_insulation_mineral_wool_test.dart: CalculateInsulationMineralWool uses default density when missing                                         00:07 +537 -23: c:/probrab1/test/domain/usecases/calculate_insulation_mineral_wool_test.dart: CalculateInsulationMineralWool uses default density when missing                                         00:07 +537 -23: c:/probrab1/test/domain/usecases/calculate_insulation_mineral_wool_test.dart: CalculateInsulationMineralWool throws exception for zero area                                            00:07 +538 -23: c:/probrab1/test/domain/usecases/calculate_insulation_mineral_wool_test.dart: CalculateInsulationMineralWool throws exception for zero area                                            00:07 +538 -23: loading c:/probrab1/test/domain/usecases/calculate_laminate_test.dart                                                                                                                  00:07 +538 -23: c:/probrab1/test/domain/usecases/calculate_laminate_test.dart: CalculateLaminate calculates packs needed correctly with 7% reserve                                                     00:07 +539 -23: c:/probrab1/test/domain/usecases/calculate_laminate_test.dart: CalculateLaminate calculates packs needed correctly with 7% reserve                                                     00:07 +539 -23: c:/probrab1/test/domain/usecases/calculate_laminate_test.dart: CalculateLaminate calculates underlay area with 5% reserve                                                              00:07 +540 -23: c:/probrab1/test/domain/usecases/calculate_laminate_test.dart: CalculateLaminate calculates underlay area with 5% reserve                                                              00:07 +540 -23: c:/probrab1/test/domain/usecases/calculate_laminate_test.dart: CalculateLaminate calculates plinth length from perimeter with 5% reserve                                               00:07 +541 -23: c:/probrab1/test/domain/usecases/calculate_laminate_test.dart: CalculateLaminate calculates plinth length from perimeter with 5% reserve                                               00:07 +541 -23: c:/probrab1/test/domain/usecases/calculate_laminate_test.dart: CalculateLaminate estimates plinth length when perimeter not provided                                                   00:07 +542 -23: c:/probrab1/test/domain/usecases/calculate_laminate_test.dart: CalculateLaminate estimates plinth length when perimeter not provided                                                   00:07 +542 -23: c:/probrab1/test/domain/usecases/calculate_laminate_test.dart: CalculateLaminate calculates wedges needed                                                                              00:07 +543 -23: c:/probrab1/test/domain/usecases/calculate_laminate_test.dart: CalculateLaminate calculates wedges needed                                                                              00:07 +543 -23: c:/probrab1/test/domain/usecases/calculate_laminate_test.dart: CalculateLaminate handles small room correctly                                                                          00:07 +544 -23: c:/probrab1/test/domain/usecases/calculate_laminate_test.dart: CalculateLaminate handles small room correctly                                                                          00:07 +544 -23: c:/probrab1/test/domain/usecases/calculate_laminate_test.dart: CalculateLaminate handles large room correctly                                                                          00:07 +545 -23: c:/probrab1/test/domain/usecases/calculate_laminate_test.dart: CalculateLaminate handles large room correctly                                                                          00:07 +545 -23: c:/probrab1/test/domain/usecases/calculate_laminate_test.dart: CalculateLaminate calculates total price with price list                                                                00:07 +546 -23: c:/probrab1/test/domain/usecases/calculate_laminate_test.dart: CalculateLaminate calculates total price with price list                                                                00:07 +546 -23: c:/probrab1/test/domain/usecases/calculate_laminate_test.dart: CalculateLaminate throws exception for zero area                                                                        00:07 +547 -23: c:/probrab1/test/domain/usecases/calculate_laminate_test.dart: CalculateLaminate throws exception for zero area                                                                        00:07 +547 -23: c:/probrab1/test/domain/usecases/calculate_laminate_test.dart: CalculateLaminate uses default pack area when not provided                                                              00:07 +548 -23: c:/probrab1/test/domain/usecases/calculate_laminate_test.dart: CalculateLaminate uses default pack area when not provided                                                              00:07 +548 -23: loading c:/probrab1/test/domain/usecases/calculate_linoleum_test.dart                                                                                                                  00:07 +548 -23: c:/probrab1/test/domain/usecases/calculate_linoleum_test.dart: CalculateLinoleum calculates rolls needed correctly                                                                     00:07 +549 -23: c:/probrab1/test/domain/usecases/calculate_linoleum_test.dart: CalculateLinoleum calculates rolls needed correctly                                                                     00:07 +549 -23: c:/probrab1/test/domain/usecases/calculate_linoleum_test.dart: CalculateLinoleum calculates glue needed                                                                                00:07 +550 -23: c:/probrab1/test/domain/usecases/calculate_linoleum_test.dart: CalculateLinoleum calculates glue needed                                                                                00:07 +550 -23: c:/probrab1/test/domain/usecases/calculate_linoleum_test.dart: CalculateLinoleum estimates perimeter when missing                                                                      00:07 +551 -23: c:/probrab1/test/domain/usecases/calculate_linoleum_test.dart: CalculateLinoleum estimates perimeter when missing                                                                      00:07 +551 -23: c:/probrab1/test/domain/usecases/calculate_linoleum_test.dart: CalculateLinoleum uses provided perimeter                                                                               00:07 +552 -23: c:/probrab1/test/domain/usecases/calculate_linoleum_test.dart: CalculateLinoleum uses provided perimeter                                                                               00:07 +552 -23: c:/probrab1/test/domain/usecases/calculate_linoleum_test.dart: CalculateLinoleum uses default roll dimensions when missing                                                             00:07 +553 -23: c:/probrab1/test/domain/usecases/calculate_linoleum_test.dart: CalculateLinoleum uses default roll dimensions when missing                                                             00:07 +553 -23: c:/probrab1/test/domain/usecases/calculate_linoleum_test.dart: CalculateLinoleum handles overlap correctly                                                                             00:07 +554 -23: c:/probrab1/test/domain/usecases/calculate_linoleum_test.dart: CalculateLinoleum handles overlap correctly                                                                             00:07 +554 -23: c:/probrab1/test/domain/usecases/calculate_linoleum_test.dart: CalculateLinoleum throws exception for zero area                                                                        00:07 +555 -23: c:/probrab1/test/domain/usecases/calculate_linoleum_test.dart: CalculateLinoleum throws exception for zero area                                                                        00:08 +555 -23: c:/probrab1/test/domain/usecases/calculate_linoleum_test.dart: CalculateLinoleum throws exception for zero area                                                                        00:08 +555 -23: loading c:/probrab1/test/domain/usecases/calculate_mdf_panels_test.dart                                                                                                                00:08 +555 -23: c:/probrab1/test/domain/usecases/calculate_mdf_panels_test.dart: CalculateMdfPanels calculates panels needed correctly                                                                 00:08 +556 -23: c:/probrab1/test/domain/usecases/calculate_mdf_panels_test.dart: CalculateMdfPanels calculates panels needed correctly                                                                 00:08 +556 -23: c:/probrab1/test/domain/usecases/calculate_mdf_panels_test.dart: CalculateMdfPanels calculates clamps needed                                                                           00:08 +557 -23: c:/probrab1/test/domain/usecases/calculate_mdf_panels_test.dart: CalculateMdfPanels calculates clamps needed                                                                           00:08 +557 -23: c:/probrab1/test/domain/usecases/calculate_mdf_panels_test.dart: CalculateMdfPanels calculates corners and plinth length                                                               00:08 +558 -23: c:/probrab1/test/domain/usecases/calculate_mdf_panels_test.dart: CalculateMdfPanels calculates corners and plinth length                                                               00:08 +558 -23: c:/probrab1/test/domain/usecases/calculate_mdf_panels_test.dart: CalculateMdfPanels estimates perimeter when missing                                                                   00:08 +559 -23: c:/probrab1/test/domain/usecases/calculate_mdf_panels_test.dart: CalculateMdfPanels estimates perimeter when missing                                                                   00:08 +559 -23: c:/probrab1/test/domain/usecases/calculate_mdf_panels_test.dart: CalculateMdfPanels uses default panel dimensions when missing                                                         00:08 +560 -23: c:/probrab1/test/domain/usecases/calculate_mdf_panels_test.dart: CalculateMdfPanels uses default panel dimensions when missing                                                         00:08 +560 -23: c:/probrab1/test/domain/usecases/calculate_mdf_panels_test.dart: CalculateMdfPanels throws exception for zero area                                                                     00:08 +561 -23: c:/probrab1/test/domain/usecases/calculate_mdf_panels_test.dart: CalculateMdfPanels throws exception for zero area                                                                     00:08 +561 -23: loading c:/probrab1/test/domain/usecases/calculate_parquet_test.dart                                                                                                                   00:08 +561 -23: c:/probrab1/test/domain/usecases/calculate_parquet_test.dart: CalculateParquet calculates planks needed correctly                                                                      00:08 +562 -23: c:/probrab1/test/domain/usecases/calculate_parquet_test.dart: CalculateParquet calculates planks needed correctly                                                                      00:08 +562 -23: c:/probrab1/test/domain/usecases/calculate_parquet_test.dart: CalculateParquet calculates varnish needed                                                                               00:08 +563 -23: c:/probrab1/test/domain/usecases/calculate_parquet_test.dart: CalculateParquet calculates varnish needed                                                                               00:08 +563 -23: c:/probrab1/test/domain/usecases/calculate_parquet_test.dart: CalculateParquet calculates primer needed                                                                                00:08 +564 -23: c:/probrab1/test/domain/usecases/calculate_parquet_test.dart: CalculateParquet calculates primer needed                                                                                00:08 +564 -23: c:/probrab1/test/domain/usecases/calculate_parquet_test.dart: CalculateParquet calculates glue needed                                                                                  00:08 +565 -23: c:/probrab1/test/domain/usecases/calculate_parquet_test.dart: CalculateParquet calculates glue needed                                                                                  00:08 +565 -23: c:/probrab1/test/domain/usecases/calculate_parquet_test.dart: CalculateParquet estimates perimeter when missing                                                                        00:08 +566 -23: c:/probrab1/test/domain/usecases/calculate_parquet_test.dart: CalculateParquet estimates perimeter when missing                                                                        00:08 +566 -23: c:/probrab1/test/domain/usecases/calculate_parquet_test.dart: CalculateParquet uses provided perimeter                                                                                 00:08 +567 -23: c:/probrab1/test/domain/usecases/calculate_parquet_test.dart: CalculateParquet uses provided perimeter                                                                                 00:08 +567 -23: c:/probrab1/test/domain/usecases/calculate_parquet_test.dart: CalculateParquet uses default plank dimensions when missing                                                              00:08 +568 -23: c:/probrab1/test/domain/usecases/calculate_parquet_test.dart: CalculateParquet uses default plank dimensions when missing                                                              00:08 +568 -23: c:/probrab1/test/domain/usecases/calculate_parquet_test.dart: CalculateParquet throws exception for zero area                                                                          00:08 +569 -23: c:/probrab1/test/domain/usecases/calculate_parquet_test.dart: CalculateParquet throws exception for zero area                                                                          00:08 +569 -23: loading c:/probrab1/test/domain/usecases/calculate_plaster_test.dart                                                                                                                   00:08 +569 -23: c:/probrab1/test/domain/usecases/calculate_plaster_test.dart: CalculatePlaster calculates plaster needed correctly                                                                     00:08 +570 -23: c:/probrab1/test/domain/usecases/calculate_plaster_test.dart: CalculatePlaster calculates plaster needed correctly                                                                     00:08 +570 -23: c:/probrab1/test/domain/usecases/calculate_plaster_test.dart: CalculatePlaster calculates cement plaster correctly                                                                     00:08 +571 -23: c:/probrab1/test/domain/usecases/calculate_plaster_test.dart: CalculatePlaster calculates cement plaster correctly                                                                     00:08 +571 -23: c:/probrab1/test/domain/usecases/calculate_plaster_test.dart: CalculatePlaster throws exception for zero area                                                                          00:08 +572 -23: c:/probrab1/test/domain/usecases/calculate_plaster_test.dart: CalculatePlaster throws exception for zero area                                                                          00:08 +572 -23: c:/probrab1/test/domain/usecases/calculate_plaster_test.dart: CalculatePlaster uses default values when missing                                                                        00:08 +573 -23: c:/probrab1/test/domain/usecases/calculate_plaster_test.dart: CalculatePlaster uses default values when missing                                                                        00:08 +573 -23: c:/probrab1/test/domain/usecases/calculate_plaster_test.dart: CalculatePlaster calculates beacons needed                                                                               00:08 +574 -23: c:/probrab1/test/domain/usecases/calculate_plaster_test.dart: CalculatePlaster calculates beacons needed                                                                               00:08 +574 -23: loading c:/probrab1/test/domain/usecases/calculate_plumbing_test.dart                                                                                                                  00:08 +574 -23: c:/probrab1/test/domain/usecases/calculate_plumbing_test.dart: CalculatePlumbing calculates points automatically                                                                       00:08 +575 -23: c:/probrab1/test/domain/usecases/calculate_plumbing_test.dart: CalculatePlumbing calculates points automatically                                                                       00:08 +575 -23: c:/probrab1/test/domain/usecases/calculate_plumbing_test.dart: CalculatePlumbing calculates pipe length automatically                                                                  00:08 +576 -23: c:/probrab1/test/domain/usecases/calculate_plumbing_test.dart: CalculatePlumbing calculates pipe length automatically                                                                  00:08 +576 -23: c:/probrab1/test/domain/usecases/calculate_plumbing_test.dart: CalculatePlumbing uses provided pipe length                                                                             00:08 +577 -23: c:/probrab1/test/domain/usecases/calculate_plumbing_test.dart: CalculatePlumbing uses provided pipe length                                                                             00:08 +577 -23: c:/probrab1/test/domain/usecases/calculate_plumbing_test.dart: CalculatePlumbing calculates fittings needed                                                                            00:08 +578 -23: c:/probrab1/test/domain/usecases/calculate_plumbing_test.dart: CalculatePlumbing calculates fittings needed                                                                            00:08 +578 -23: c:/probrab1/test/domain/usecases/calculate_plumbing_test.dart: CalculatePlumbing calculates taps needed                                                                                00:08 +579 -23: c:/probrab1/test/domain/usecases/calculate_plumbing_test.dart: CalculatePlumbing calculates taps needed                                                                                00:08 +579 -23: c:/probrab1/test/domain/usecases/calculate_plumbing_test.dart: CalculatePlumbing calculates mixers needed                                                                              00:08 +580 -23: c:/probrab1/test/domain/usecases/calculate_plumbing_test.dart: CalculatePlumbing calculates mixers needed                                                                              00:08 +580 -23: c:/probrab1/test/domain/usecases/calculate_plumbing_test.dart: CalculatePlumbing calculates toilets, sinks, showers                                                                    00:08 +581 -23: c:/probrab1/test/domain/usecases/calculate_plumbing_test.dart: CalculatePlumbing calculates toilets, sinks, showers                                                                    00:08 +581 -23: c:/probrab1/test/domain/usecases/calculate_plumbing_test.dart: CalculatePlumbing uses default values when missing                                                                      00:08 +582 -23: c:/probrab1/test/domain/usecases/calculate_plumbing_test.dart: CalculatePlumbing uses default values when missing                                                                      00:08 +582 -23: c:/probrab1/test/domain/usecases/calculate_plumbing_test.dart: CalculatePlumbing handles zero rooms                                                                                    00:08 +583 -23: c:/probrab1/test/domain/usecases/calculate_plumbing_test.dart: CalculatePlumbing handles zero rooms                                                                                    00:08 +583 -23: loading c:/probrab1/test/domain/usecases/calculate_primer_test.dart                                                                                                                    00:08 +583 -23: c:/probrab1/test/domain/usecases/calculate_primer_test.dart: CalculatePrimer calculates standard primer correctly                                                                      00:08 +584 -23: c:/probrab1/test/domain/usecases/calculate_primer_test.dart: CalculatePrimer calculates standard primer correctly                                                                      00:08 +584 -23: c:/probrab1/test/domain/usecases/calculate_primer_test.dart: CalculatePrimer calculates deep penetration primer correctly                                                              00:08 +585 -23: c:/probrab1/test/domain/usecases/calculate_primer_test.dart: CalculatePrimer calculates deep penetration primer correctly                                                              00:08 +585 -23: c:/probrab1/test/domain/usecases/calculate_primer_test.dart: CalculatePrimer calculates with multiple layers                                                                           00:08 +586 -23: c:/probrab1/test/domain/usecases/calculate_primer_test.dart: CalculatePrimer calculates with multiple layers                                                                           00:08 +586 -23: c:/probrab1/test/domain/usecases/calculate_primer_test.dart: CalculatePrimer calculates rollers and trays needed                                                                       00:08 +587 -23: c:/probrab1/test/domain/usecases/calculate_primer_test.dart: CalculatePrimer calculates rollers and trays needed                                                                       00:08 +587 -23: c:/probrab1/test/domain/usecases/calculate_primer_test.dart: CalculatePrimer uses default values when missing                                                                          00:08 +588 -23: c:/probrab1/test/domain/usecases/calculate_primer_test.dart: CalculatePrimer uses default values when missing                                                                          00:08 +588 -23: c:/probrab1/test/domain/usecases/calculate_primer_test.dart: CalculatePrimer throws exception for zero area                                                                            00:08 +589 -23: c:/probrab1/test/domain/usecases/calculate_primer_test.dart: CalculatePrimer throws exception for zero area                                                                            00:08 +589 -23: loading c:/probrab1/test/domain/usecases/calculate_putty_test.dart                                                                                                                     00:08 +589 -23: c:/probrab1/test/domain/usecases/calculate_putty_test.dart: CalculatePutty calculates start putty correctly                                                                            00:08 +590 -23: c:/probrab1/test/domain/usecases/calculate_putty_test.dart: CalculatePutty calculates start putty correctly                                                                            00:08 +590 -23: c:/probrab1/test/domain/usecases/calculate_putty_test.dart: CalculatePutty calculates finish putty correctly                                                                           00:08 +591 -23: c:/probrab1/test/domain/usecases/calculate_putty_test.dart: CalculatePutty calculates finish putty correctly                                                                           00:08 +591 -23: c:/probrab1/test/domain/usecases/calculate_putty_test.dart: CalculatePutty calculates primer needed                                                                                    00:08 +592 -23: c:/probrab1/test/domain/usecases/calculate_putty_test.dart: CalculatePutty calculates primer needed                                                                                    00:08 +592 -23: c:/probrab1/test/domain/usecases/calculate_putty_test.dart: CalculatePutty calculates spatulas needed                                                                                  00:08 +593 -23: c:/probrab1/test/domain/usecases/calculate_putty_test.dart: CalculatePutty calculates spatulas needed                                                                                  00:08 +593 -23: c:/probrab1/test/domain/usecases/calculate_putty_test.dart: CalculatePutty uses default values when missing                                                                            00:08 +594 -23: c:/probrab1/test/domain/usecases/calculate_putty_test.dart: CalculatePutty uses default values when missing                                                                            00:08 +594 -23: c:/probrab1/test/domain/usecases/calculate_putty_test.dart: CalculatePutty throws exception for zero area                                                                              00:08 +595 -23: c:/probrab1/test/domain/usecases/calculate_putty_test.dart: CalculatePutty throws exception for zero area                                                                              00:08 +595 -23: loading c:/probrab1/test/domain/usecases/calculate_pvc_panels_test.dart                                                                                                                00:08 +595 -23: c:/probrab1/test/domain/usecases/calculate_pvc_panels_test.dart: CalculatePvcPanels calculates panels needed correctly                                                                 00:08 +596 -23: c:/probrab1/test/domain/usecases/calculate_pvc_panels_test.dart: CalculatePvcPanels calculates panels needed correctly                                                                 00:08 +596 -23: c:/probrab1/test/domain/usecases/calculate_pvc_panels_test.dart: CalculatePvcPanels calculates screws needed                                                                           00:08 +597 -23: c:/probrab1/test/domain/usecases/calculate_pvc_panels_test.dart: CalculatePvcPanels calculates screws needed                                                                           00:08 +597 -23: c:/probrab1/test/domain/usecases/calculate_pvc_panels_test.dart: CalculatePvcPanels calculates profile lengths                                                                         00:08 +598 -23: c:/probrab1/test/domain/usecases/calculate_pvc_panels_test.dart: CalculatePvcPanels calculates profile lengths                                                                         00:08 +598 -23: c:/probrab1/test/domain/usecases/calculate_pvc_panels_test.dart: CalculatePvcPanels estimates perimeter when missing                                                                   00:08 +599 -23: c:/probrab1/test/domain/usecases/calculate_pvc_panels_test.dart: CalculatePvcPanels estimates perimeter when missing                                                                   00:08 +599 -23: c:/probrab1/test/domain/usecases/calculate_pvc_panels_test.dart: CalculatePvcPanels uses default panel dimensions when missing                                                         00:08 +600 -23: c:/probrab1/test/domain/usecases/calculate_pvc_panels_test.dart: CalculatePvcPanels uses default panel dimensions when missing                                                         00:08 +600 -23: c:/probrab1/test/domain/usecases/calculate_pvc_panels_test.dart: CalculatePvcPanels throws exception for zero area                                                                     00:08 +601 -23: c:/probrab1/test/domain/usecases/calculate_pvc_panels_test.dart: CalculatePvcPanels throws exception for zero area                                                                     00:08 +601 -23: loading c:/probrab1/test/domain/usecases/calculate_rail_ceiling_test.dart                                                                                                              00:08 +601 -23: c:/probrab1/test/domain/usecases/calculate_rail_ceiling_test.dart: CalculateRailCeiling calculates rails needed correctly                                                              00:08 +602 -23: c:/probrab1/test/domain/usecases/calculate_rail_ceiling_test.dart: CalculateRailCeiling calculates rails needed correctly                                                              00:08 +602 -23: c:/probrab1/test/domain/usecases/calculate_rail_ceiling_test.dart: CalculateRailCeiling calculates guide length                                                                        00:08 +603 -23: c:/probrab1/test/domain/usecases/calculate_rail_ceiling_test.dart: CalculateRailCeiling calculates guide length                                                                        00:08 +603 -23: c:/probrab1/test/domain/usecases/calculate_rail_ceiling_test.dart: CalculateRailCeiling calculates hangers needed                                                                      00:08 +604 -23: c:/probrab1/test/domain/usecases/calculate_rail_ceiling_test.dart: CalculateRailCeiling calculates hangers needed                                                                      00:08 +604 -23: c:/probrab1/test/domain/usecases/calculate_rail_ceiling_test.dart: CalculateRailCeiling calculates corner length                                                                       00:08 +605 -23: c:/probrab1/test/domain/usecases/calculate_rail_ceiling_test.dart: CalculateRailCeiling calculates corner length                                                                       00:08 +605 -23: c:/probrab1/test/domain/usecases/calculate_rail_ceiling_test.dart: CalculateRailCeiling estimates perimeter when missing                                                               00:08 +606 -23: c:/probrab1/test/domain/usecases/calculate_rail_ceiling_test.dart: CalculateRailCeiling estimates perimeter when missing                                                               00:08 +606 -23: c:/probrab1/test/domain/usecases/calculate_rail_ceiling_test.dart: CalculateRailCeiling uses default rail dimensions when missing                                                      00:08 +607 -23: c:/probrab1/test/domain/usecases/calculate_rail_ceiling_test.dart: CalculateRailCeiling uses default rail dimensions when missing                                                      00:08 +607 -23: c:/probrab1/test/domain/usecases/calculate_rail_ceiling_test.dart: CalculateRailCeiling throws exception for zero area                                                                 00:08 +608 -23: c:/probrab1/test/domain/usecases/calculate_rail_ceiling_test.dart: CalculateRailCeiling throws exception for zero area                                                                 00:09 +608 -23: c:/probrab1/test/domain/usecases/calculate_rail_ceiling_test.dart: CalculateRailCeiling throws exception for zero area                                                                 00:09 +608 -23: loading c:/probrab1/test/domain/usecases/calculate_roofing_metal_test.dart                                                                                                             00:09 +608 -23: c:/probrab1/test/domain/usecases/calculate_roofing_metal_test.dart: CalculateRoofingMetal calculates sheets needed correctly with 10% reserve                                          00:09 +609 -23: c:/probrab1/test/domain/usecases/calculate_roofing_metal_test.dart: CalculateRoofingMetal calculates sheets needed correctly with 10% reserve                                          00:09 +609 -23: c:/probrab1/test/domain/usecases/calculate_roofing_metal_test.dart: CalculateRoofingMetal calculates real area with slope factor                                                       00:09 +610 -23: c:/probrab1/test/domain/usecases/calculate_roofing_metal_test.dart: CalculateRoofingMetal calculates real area with slope factor                                                       00:09 +610 -23: c:/probrab1/test/domain/usecases/calculate_roofing_metal_test.dart: CalculateRoofingMetal calculates screws needed (8 per m²)                                                          00:09 +611 -23: c:/probrab1/test/domain/usecases/calculate_roofing_metal_test.dart: CalculateRoofingMetal calculates screws needed (8 per m²)                                                          00:09 +611 -23: c:/probrab1/test/domain/usecases/calculate_roofing_metal_test.dart: CalculateRoofingMetal calculates waterproofing area with 10% overlap                                               00:09 +612 -23: c:/probrab1/test/domain/usecases/calculate_roofing_metal_test.dart: CalculateRoofingMetal calculates waterproofing area with 10% overlap                                               00:09 +612 -23: c:/probrab1/test/domain/usecases/calculate_roofing_metal_test.dart: CalculateRoofingMetal uses provided ridge length                                                                   00:09 +613 -23: c:/probrab1/test/domain/usecases/calculate_roofing_metal_test.dart: CalculateRoofingMetal uses provided ridge length                                                                   00:09 +613 -23: c:/probrab1/test/domain/usecases/calculate_roofing_metal_test.dart: CalculateRoofingMetal estimates ridge length when not provided                                                     00:09 +614 -23: c:/probrab1/test/domain/usecases/calculate_roofing_metal_test.dart: CalculateRoofingMetal estimates ridge length when not provided                                                     00:09 +614 -23: c:/probrab1/test/domain/usecases/calculate_roofing_metal_test.dart: CalculateRoofingMetal handles valley length                                                                        00:09 +615 -23: c:/probrab1/test/domain/usecases/calculate_roofing_metal_test.dart: CalculateRoofingMetal handles valley length                                                                        00:09 +615 -23: c:/probrab1/test/domain/usecases/calculate_roofing_metal_test.dart: CalculateRoofingMetal handles flat slope correctly                                                                 00:09 +616 -23: c:/probrab1/test/domain/usecases/calculate_roofing_metal_test.dart: CalculateRoofingMetal handles flat slope correctly                                                                 00:09 +616 -23: c:/probrab1/test/domain/usecases/calculate_roofing_metal_test.dart: CalculateRoofingMetal handles steep slope correctly                                                                00:09 +617 -23: c:/probrab1/test/domain/usecases/calculate_roofing_metal_test.dart: CalculateRoofingMetal handles steep slope correctly                                                                00:09 +617 -23: c:/probrab1/test/domain/usecases/calculate_roofing_metal_test.dart: CalculateRoofingMetal uses default values when not provided                                                        00:09 +618 -23: c:/probrab1/test/domain/usecases/calculate_roofing_metal_test.dart: CalculateRoofingMetal uses default values when not provided                                                        00:09 +618 -23: c:/probrab1/test/domain/usecases/calculate_roofing_metal_test.dart: CalculateRoofingMetal throws exception for zero area                                                               00:09 +619 -23: c:/probrab1/test/domain/usecases/calculate_roofing_metal_test.dart: CalculateRoofingMetal throws exception for zero area                                                               00:09 +619 -23: c:/probrab1/test/domain/usecases/calculate_roofing_metal_test.dart: CalculateRoofingMetal preserves area in results                                                                    00:09 +620 -23: c:/probrab1/test/domain/usecases/calculate_roofing_metal_test.dart: CalculateRoofingMetal preserves area in results                                                                    00:09 +620 -23: c:/probrab1/test/domain/usecases/calculate_roofing_metal_test.dart: CalculateRoofingMetal calculates eave length from perimeter                                                        00:09 +621 -23: c:/probrab1/test/domain/usecases/calculate_roofing_metal_test.dart: CalculateRoofingMetal calculates eave length from perimeter                                                        00:09 +621 -23: c:/probrab1/test/domain/usecases/calculate_roofing_metal_test.dart: CalculateRoofingMetal estimates perimeter when not provided                                                        00:09 +622 -23: c:/probrab1/test/domain/usecases/calculate_roofing_metal_test.dart: CalculateRoofingMetal estimates perimeter when not provided                                                        00:09 +622 -23: loading c:/probrab1/test/domain/usecases/calculate_screed_test.dart                                                                                                                    00:09 +622 -23: c:/probrab1/test/domain/usecases/calculate_screed_test.dart: CalculateScreed calculates volume correctly                                                                               00:09 +623 -23: c:/probrab1/test/domain/usecases/calculate_screed_test.dart: CalculateScreed calculates volume correctly                                                                               00:09 +623 -23: c:/probrab1/test/domain/usecases/calculate_screed_test.dart: CalculateScreed calculates cement bags for M400 correctly                                                                 00:09 +624 -23: c:/probrab1/test/domain/usecases/calculate_screed_test.dart: CalculateScreed calculates cement bags for M400 correctly                                                                 00:09 +624 -23: c:/probrab1/test/domain/usecases/calculate_screed_test.dart: CalculateScreed calculates cement bags for M500 correctly                                                                 00:09 +625 -23: c:/probrab1/test/domain/usecases/calculate_screed_test.dart: CalculateScreed calculates cement bags for M500 correctly                                                                 00:09 +625 -23: c:/probrab1/test/domain/usecases/calculate_screed_test.dart: CalculateScreed calculates sand volume correctly                                                                          00:09 +626 -23: c:/probrab1/test/domain/usecases/calculate_screed_test.dart: CalculateScreed calculates sand volume correctly                                                                          00:09 +626 -23: c:/probrab1/test/domain/usecases/calculate_screed_test.dart: CalculateScreed handles different thickness values                                                                        00:09 +627 -23: c:/probrab1/test/domain/usecases/calculate_screed_test.dart: CalculateScreed handles different thickness values                                                                        00:09 +627 -23: c:/probrab1/test/domain/usecases/calculate_screed_test.dart: CalculateScreed throws exception for zero area                                                                            00:09 +628 -23: c:/probrab1/test/domain/usecases/calculate_screed_test.dart: CalculateScreed throws exception for zero area                                                                            00:09 +628 -23: c:/probrab1/test/domain/usecases/calculate_screed_test.dart: CalculateScreed uses default thickness when not provided                                                                  00:09 +629 -23: c:/probrab1/test/domain/usecases/calculate_screed_test.dart: CalculateScreed uses default thickness when not provided                                                                  00:09 +629 -23: c:/probrab1/test/domain/usecases/calculate_screed_test.dart: CalculateScreed preserves area in results                                                                                 00:09 +630 -23: c:/probrab1/test/domain/usecases/calculate_screed_test.dart: CalculateScreed preserves area in results                                                                                 00:09 +630 -23: c:/probrab1/test/domain/usecases/calculate_screed_test.dart: CalculateScreed calculates total price with price list                                                                    00:09 +631 -23: c:/probrab1/test/domain/usecases/calculate_screed_test.dart: CalculateScreed calculates total price with price list                                                                    00:09 +631 -23: c:/probrab1/test/domain/usecases/calculate_screed_test.dart: CalculateScreed handles large area correctly                                                                              00:09 +632 -23: c:/probrab1/test/domain/usecases/calculate_screed_test.dart: CalculateScreed handles large area correctly                                                                              00:09 +632 -23: loading c:/probrab1/test/domain/usecases/calculate_self_leveling_floor_test.dart                                                                                                       00:09 +632 -23: c:/probrab1/test/domain/usecases/calculate_self_leveling_floor_test.dart: CalculateSelfLevelingFloor calculates mix needed correctly                                                   00:09 +633 -23: c:/probrab1/test/domain/usecases/calculate_self_leveling_floor_test.dart: CalculateSelfLevelingFloor calculates mix needed correctly                                                   00:09 +633 -23: c:/probrab1/test/domain/usecases/calculate_self_leveling_floor_test.dart: CalculateSelfLevelingFloor calculates primer needed                                                          00:09 +634 -23: c:/probrab1/test/domain/usecases/calculate_self_leveling_floor_test.dart: CalculateSelfLevelingFloor calculates primer needed                                                          00:09 +634 -23: c:/probrab1/test/domain/usecases/calculate_self_leveling_floor_test.dart: CalculateSelfLevelingFloor calculates rollers needed                                                         00:09 +635 -23: c:/probrab1/test/domain/usecases/calculate_self_leveling_floor_test.dart: CalculateSelfLevelingFloor calculates rollers needed                                                         00:09 +635 -23: c:/probrab1/test/domain/usecases/calculate_self_leveling_floor_test.dart: CalculateSelfLevelingFloor uses default thickness when missing                                               00:09 +636 -23: c:/probrab1/test/domain/usecases/calculate_self_leveling_floor_test.dart: CalculateSelfLevelingFloor uses default thickness when missing                                               00:09 +636 -23: c:/probrab1/test/domain/usecases/calculate_self_leveling_floor_test.dart: CalculateSelfLevelingFloor handles different thickness values                                                00:09 +637 -23: c:/probrab1/test/domain/usecases/calculate_self_leveling_floor_test.dart: CalculateSelfLevelingFloor handles different thickness values                                                00:09 +637 -23: c:/probrab1/test/domain/usecases/calculate_self_leveling_floor_test.dart: CalculateSelfLevelingFloor throws exception for zero area                                                    00:09 +638 -23: c:/probrab1/test/domain/usecases/calculate_self_leveling_floor_test.dart: CalculateSelfLevelingFloor throws exception for zero area                                                    00:09 +638 -23: loading c:/probrab1/test/domain/usecases/calculate_siding_test.dart                                                                                                                    00:09 +638 -23: c:/probrab1/test/domain/usecases/calculate_siding_test.dart: CalculateSiding calculates panels needed correctly with 10% reserve                                                       00:09 +639 -23: c:/probrab1/test/domain/usecases/calculate_siding_test.dart: CalculateSiding calculates panels needed correctly with 10% reserve                                                       00:09 +639 -23: c:/probrab1/test/domain/usecases/calculate_siding_test.dart: CalculateSiding calculates j-profile length from perimeter                                                                00:09 +640 -23: c:/probrab1/test/domain/usecases/calculate_siding_test.dart: CalculateSiding calculates j-profile length from perimeter                                                                00:09 +640 -23: c:/probrab1/test/domain/usecases/calculate_siding_test.dart: CalculateSiding calculates corner length correctly                                                                        00:09 +641 -23: c:/probrab1/test/domain/usecases/calculate_siding_test.dart: CalculateSiding calculates corner length correctly                                                                        00:09 +641 -23: c:/probrab1/test/domain/usecases/calculate_siding_test.dart: CalculateSiding calculates start and finish strips from perimeter                                                         00:09 +642 -23: c:/probrab1/test/domain/usecases/calculate_siding_test.dart: CalculateSiding calculates start and finish strips from perimeter                                                         00:09 +642 -23: c:/probrab1/test/domain/usecases/calculate_siding_test.dart: CalculateSiding calculates screws needed (8 per panel)                                                                    00:09 +643 -23: c:/probrab1/test/domain/usecases/calculate_siding_test.dart: CalculateSiding calculates screws needed (8 per panel)                                                                    00:09 +643 -23: c:/probrab1/test/domain/usecases/calculate_siding_test.dart: CalculateSiding uses provided soffit length                                                                               00:09 +644 -23: c:/probrab1/test/domain/usecases/calculate_siding_test.dart: CalculateSiding uses provided soffit length                                                                               00:09 +644 -23: c:/probrab1/test/domain/usecases/calculate_siding_test.dart: CalculateSiding estimates soffit length when not provided                                                                 00:09 +645 -23: c:/probrab1/test/domain/usecases/calculate_siding_test.dart: CalculateSiding estimates soffit length when not provided                                                                 00:09 +645 -23: c:/probrab1/test/domain/usecases/calculate_siding_test.dart: CalculateSiding estimates perimeter when not provided                                                                     00:09 +646 -23: c:/probrab1/test/domain/usecases/calculate_siding_test.dart: CalculateSiding estimates perimeter when not provided                                                                     00:09 +646 -23: c:/probrab1/test/domain/usecases/calculate_siding_test.dart: CalculateSiding handles different panel sizes                                                                             00:09 +647 -23: c:/probrab1/test/domain/usecases/calculate_siding_test.dart: CalculateSiding handles different panel sizes                                                                             00:09 +647 -23: c:/probrab1/test/domain/usecases/calculate_siding_test.dart: CalculateSiding uses default values when not provided                                                                     00:09 +648 -23: c:/probrab1/test/domain/usecases/calculate_siding_test.dart: CalculateSiding uses default values when not provided                                                                     00:09 +648 -23: c:/probrab1/test/domain/usecases/calculate_siding_test.dart: CalculateSiding throws exception for zero area                                                                            00:09 +649 -23: c:/probrab1/test/domain/usecases/calculate_siding_test.dart: CalculateSiding throws exception for zero area                                                                            00:09 +649 -23: c:/probrab1/test/domain/usecases/calculate_siding_test.dart: CalculateSiding preserves area in results                                                                                 00:09 +650 -23: c:/probrab1/test/domain/usecases/calculate_siding_test.dart: CalculateSiding preserves area in results                                                                                 00:09 +650 -23: c:/probrab1/test/domain/usecases/calculate_siding_test.dart: CalculateSiding handles multiple corners                                                                                  00:09 +651 -23: c:/probrab1/test/domain/usecases/calculate_siding_test.dart: CalculateSiding handles multiple corners                                                                                  00:09 +651 -23: loading c:/probrab1/test/domain/usecases/calculate_slopes_test.dart                                                                                                                    00:09 +651 -23: c:/probrab1/test/domain/usecases/calculate_slopes_test.dart: CalculateSlopes calculates slope area correctly                                                                           00:09 +652 -23: c:/probrab1/test/domain/usecases/calculate_slopes_test.dart: CalculateSlopes calculates slope area correctly                                                                           00:09 +652 -23: c:/probrab1/test/domain/usecases/calculate_slopes_test.dart: CalculateSlopes calculates putty needed                                                                                   00:09 +653 -23: c:/probrab1/test/domain/usecases/calculate_slopes_test.dart: CalculateSlopes calculates putty needed                                                                                   00:09 +653 -23: c:/probrab1/test/domain/usecases/calculate_slopes_test.dart: CalculateSlopes calculates primer needed                                                                                  00:09 +654 -23: c:/probrab1/test/domain/usecases/calculate_slopes_test.dart: CalculateSlopes calculates primer needed                                                                                  00:09 +654 -23: c:/probrab1/test/domain/usecases/calculate_slopes_test.dart: CalculateSlopes calculates paint needed                                                                                   00:09 +655 -23: c:/probrab1/test/domain/usecases/calculate_slopes_test.dart: CalculateSlopes calculates paint needed                                                                                   00:09 +655 -23: c:/probrab1/test/domain/usecases/calculate_slopes_test.dart: CalculateSlopes calculates corner length                                                                                  00:09 +656 -23: c:/probrab1/test/domain/usecases/calculate_slopes_test.dart: CalculateSlopes calculates corner length                                                                                  00:09 +656 -23: c:/probrab1/test/domain/usecases/calculate_slopes_test.dart: CalculateSlopes uses default values when missing                                                                          00:09 +657 -23: c:/probrab1/test/domain/usecases/calculate_slopes_test.dart: CalculateSlopes uses default values when missing                                                                          00:09 +657 -23: c:/probrab1/test/domain/usecases/calculate_slopes_test.dart: CalculateSlopes handles zero windows                                                                                      00:09 +658 -23: c:/probrab1/test/domain/usecases/calculate_slopes_test.dart: CalculateSlopes handles zero windows                                                                                      00:09 +658 -23: loading c:/probrab1/test/domain/usecases/calculate_soft_roofing_test.dart                                                                                                              00:09 +658 -23: c:/probrab1/test/domain/usecases/calculate_soft_roofing_test.dart: CalculateSoftRoofing calculates rolls needed correctly                                                              00:09 +659 -23: c:/probrab1/test/domain/usecases/calculate_soft_roofing_test.dart: CalculateSoftRoofing calculates rolls needed correctly                                                              00:09 +659 -23: c:/probrab1/test/domain/usecases/calculate_soft_roofing_test.dart: CalculateSoftRoofing calculates real area with slope                                                                00:09 +660 -23: c:/probrab1/test/domain/usecases/calculate_soft_roofing_test.dart: CalculateSoftRoofing calculates real area with slope                                                                00:09 +660 -23: c:/probrab1/test/domain/usecases/calculate_soft_roofing_test.dart: CalculateSoftRoofing calculates underlayment area                                                                   00:09 +661 -23: c:/probrab1/test/domain/usecases/calculate_soft_roofing_test.dart: CalculateSoftRoofing calculates underlayment area                                                                   00:09 +661 -23: c:/probrab1/test/domain/usecases/calculate_soft_roofing_test.dart: CalculateSoftRoofing calculates nails needed                                                                        00:09 +662 -23: c:/probrab1/test/domain/usecases/calculate_soft_roofing_test.dart: CalculateSoftRoofing calculates nails needed                                                                        00:09 +662 -23: c:/probrab1/test/domain/usecases/calculate_soft_roofing_test.dart: CalculateSoftRoofing calculates mastic needed                                                                       00:09 +663 -23: c:/probrab1/test/domain/usecases/calculate_soft_roofing_test.dart: CalculateSoftRoofing calculates mastic needed                                                                       00:09 +663 -23: c:/probrab1/test/domain/usecases/calculate_soft_roofing_test.dart: CalculateSoftRoofing estimates ridge length when missing                                                            00:09 +664 -23: c:/probrab1/test/domain/usecases/calculate_soft_roofing_test.dart: CalculateSoftRoofing estimates ridge length when missing                                                            00:09 +664 -23: c:/probrab1/test/domain/usecases/calculate_soft_roofing_test.dart: CalculateSoftRoofing uses default values when missing                                                               00:09 +665 -23: c:/probrab1/test/domain/usecases/calculate_soft_roofing_test.dart: CalculateSoftRoofing uses default values when missing                                                               00:09 +665 -23: c:/probrab1/test/domain/usecases/calculate_soft_roofing_test.dart: CalculateSoftRoofing throws exception for zero area                                                                 00:09 +666 -23: c:/probrab1/test/domain/usecases/calculate_soft_roofing_test.dart: CalculateSoftRoofing throws exception for zero area                                                                 00:09 +666 -23: loading c:/probrab1/test/domain/usecases/calculate_sound_insulation_test.dart                                                                                                          00:09 +666 -23: c:/probrab1/test/domain/usecases/calculate_sound_insulation_test.dart: CalculateSoundInsulation calculates sheets needed for mineral wool                                              00:09 +667 -23: c:/probrab1/test/domain/usecases/calculate_sound_insulation_test.dart: CalculateSoundInsulation calculates sheets needed for mineral wool                                              00:09 +667 -23: c:/probrab1/test/domain/usecases/calculate_sound_insulation_test.dart: CalculateSoundInsulation calculates volume                                                                      00:09 +668 -23: c:/probrab1/test/domain/usecases/calculate_sound_insulation_test.dart: CalculateSoundInsulation calculates volume                                                                      00:09 +668 -23: c:/probrab1/test/domain/usecases/calculate_sound_insulation_test.dart: CalculateSoundInsulation calculates fasteners needed                                                            00:09 +669 -23: c:/probrab1/test/domain/usecases/calculate_sound_insulation_test.dart: CalculateSoundInsulation calculates fasteners needed                                                            00:09 +669 -23: c:/probrab1/test/domain/usecases/calculate_sound_insulation_test.dart: CalculateSoundInsulation uses default values when missing                                                       00:09 +670 -23: c:/probrab1/test/domain/usecases/calculate_sound_insulation_test.dart: CalculateSoundInsulation uses default values when missing                                                       00:09 +670 -23: c:/probrab1/test/domain/usecases/calculate_sound_insulation_test.dart: CalculateSoundInsulation throws exception for zero area                                                         00:09 +671 -23: c:/probrab1/test/domain/usecases/calculate_sound_insulation_test.dart: CalculateSoundInsulation throws exception for zero area                                                         00:09 +671 -23: loading c:/probrab1/test/domain/usecases/calculate_stretch_ceiling_test.dart                                                                                                           00:09 +671 -23: c:/probrab1/test/domain/usecases/calculate_stretch_ceiling_test.dart: CalculateStretchCeiling calculates canvas area correctly                                                         00:09 +672 -23: c:/probrab1/test/domain/usecases/calculate_stretch_ceiling_test.dart: CalculateStretchCeiling calculates canvas area correctly                                                         00:09 +672 -23: c:/probrab1/test/domain/usecases/calculate_stretch_ceiling_test.dart: CalculateStretchCeiling calculates baguette length                                                               00:09 +673 -23: c:/probrab1/test/domain/usecases/calculate_stretch_ceiling_test.dart: CalculateStretchCeiling calculates baguette length                                                               00:09 +673 -23: c:/probrab1/test/domain/usecases/calculate_stretch_ceiling_test.dart: CalculateStretchCeiling calculates corners needed                                                                00:09 +674 -23: c:/probrab1/test/domain/usecases/calculate_stretch_ceiling_test.dart: CalculateStretchCeiling calculates corners needed                                                                00:09 +674 -23: c:/probrab1/test/domain/usecases/calculate_stretch_ceiling_test.dart: CalculateStretchCeiling calculates fixtures                                                                      00:09 +675 -23: c:/probrab1/test/domain/usecases/calculate_stretch_ceiling_test.dart: CalculateStretchCeiling calculates fixtures                                                                      00:09 +675 -23: c:/probrab1/test/domain/usecases/calculate_stretch_ceiling_test.dart: CalculateStretchCeiling estimates perimeter when missing                                                         00:09 +676 -23: c:/probrab1/test/domain/usecases/calculate_stretch_ceiling_test.dart: CalculateStretchCeiling estimates perimeter when missing                                                         00:09 +676 -23: c:/probrab1/test/domain/usecases/calculate_stretch_ceiling_test.dart: CalculateStretchCeiling uses default values when missing                                                         00:09 +677 -23: c:/probrab1/test/domain/usecases/calculate_stretch_ceiling_test.dart: CalculateStretchCeiling uses default values when missing                                                         00:09 +677 -23: c:/probrab1/test/domain/usecases/calculate_stretch_ceiling_test.dart: CalculateStretchCeiling throws exception for zero area                                                           00:09 +678 -23: c:/probrab1/test/domain/usecases/calculate_stretch_ceiling_test.dart: CalculateStretchCeiling throws exception for zero area                                                           00:10 +678 -23: c:/probrab1/test/domain/usecases/calculate_stretch_ceiling_test.dart: CalculateStretchCeiling throws exception for zero area                                                           00:10 +678 -23: loading c:/probrab1/test/domain/usecases/calculate_strip_foundation_test.dart                                                                                                          00:10 +678 -23: c:/probrab1/test/domain/usecases/calculate_strip_foundation_test.dart: CalculateStripFoundation calculates concrete volume correctly                                                   00:10 +679 -23: c:/probrab1/test/domain/usecases/calculate_strip_foundation_test.dart: CalculateStripFoundation calculates concrete volume correctly                                                   00:10 +679 -23: c:/probrab1/test/domain/usecases/calculate_strip_foundation_test.dart: CalculateStripFoundation calculates rebar weight correctly                                                      00:10 +680 -23: c:/probrab1/test/domain/usecases/calculate_strip_foundation_test.dart: CalculateStripFoundation calculates rebar weight correctly                                                      00:10 +680 -23: c:/probrab1/test/domain/usecases/calculate_strip_foundation_test.dart: CalculateStripFoundation calculates cement bags correctly                                                       00:10 +681 -23: c:/probrab1/test/domain/usecases/calculate_strip_foundation_test.dart: CalculateStripFoundation calculates cement bags correctly                                                       00:10 +681 -23: c:/probrab1/test/domain/usecases/calculate_strip_foundation_test.dart: CalculateStripFoundation handles zero inputs gracefully                                                         00:10 +682 -23: c:/probrab1/test/domain/usecases/calculate_strip_foundation_test.dart: CalculateStripFoundation handles zero inputs gracefully                                                         00:10 +682 -23: c:/probrab1/test/domain/usecases/calculate_strip_foundation_test.dart: CalculateStripFoundation calculates total price with price list                                                 00:10 +683 -23: c:/probrab1/test/domain/usecases/calculate_strip_foundation_test.dart: CalculateStripFoundation calculates total price with price list                                                 00:10 +683 -23: c:/probrab1/test/domain/usecases/calculate_strip_foundation_test.dart: CalculateStripFoundation returns null price when price list is empty                                            00:10 +684 -23: c:/probrab1/test/domain/usecases/calculate_strip_foundation_test.dart: CalculateStripFoundation returns null price when price list is empty                                            00:10 +684 -23: c:/probrab1/test/domain/usecases/calculate_strip_foundation_test.dart: CalculateStripFoundation handles small foundation correctly                                                     00:10 +685 -23: c:/probrab1/test/domain/usecases/calculate_strip_foundation_test.dart: CalculateStripFoundation handles small foundation correctly                                                     00:10 +685 -23: c:/probrab1/test/domain/usecases/calculate_strip_foundation_test.dart: CalculateStripFoundation handles large foundation correctly                                                     00:10 +686 -23: c:/probrab1/test/domain/usecases/calculate_strip_foundation_test.dart: CalculateStripFoundation handles large foundation correctly                                                     00:10 +686 -23: loading c:/probrab1/test/domain/usecases/calculate_tile_glue_test.dart                                                                                                                 00:10 +686 -23: c:/probrab1/test/domain/usecases/calculate_tile_glue_test.dart: CalculateTileGlue calculates glue needed for standard tile                                                             00:10 +687 -23: c:/probrab1/test/domain/usecases/calculate_tile_glue_test.dart: CalculateTileGlue calculates glue needed for standard tile                                                             00:10 +687 -23: c:/probrab1/test/domain/usecases/calculate_tile_glue_test.dart: CalculateTileGlue calculates glue for large tile                                                                       00:10 +688 -23: c:/probrab1/test/domain/usecases/calculate_tile_glue_test.dart: CalculateTileGlue calculates glue for large tile                                                                       00:10 +688 -23: c:/probrab1/test/domain/usecases/calculate_tile_glue_test.dart: CalculateTileGlue calculates glue for small tile                                                                       00:10 +689 -23: c:/probrab1/test/domain/usecases/calculate_tile_glue_test.dart: CalculateTileGlue calculates glue for small tile                                                                       00:10 +689 -23: c:/probrab1/test/domain/usecases/calculate_tile_glue_test.dart: CalculateTileGlue calculates glue for thick layer                                                                      00:10 +690 -23: c:/probrab1/test/domain/usecases/calculate_tile_glue_test.dart: CalculateTileGlue calculates glue for thick layer                                                                      00:10 +690 -23: c:/probrab1/test/domain/usecases/calculate_tile_glue_test.dart: CalculateTileGlue calculates spatulas needed                                                                           00:10 +691 -23: c:/probrab1/test/domain/usecases/calculate_tile_glue_test.dart: CalculateTileGlue calculates spatulas needed                                                                           00:10 +691 -23: c:/probrab1/test/domain/usecases/calculate_tile_glue_test.dart: CalculateTileGlue uses default values when missing                                                                     00:10 +692 -23: c:/probrab1/test/domain/usecases/calculate_tile_glue_test.dart: CalculateTileGlue uses default values when missing                                                                     00:10 +692 -23: c:/probrab1/test/domain/usecases/calculate_tile_glue_test.dart: CalculateTileGlue throws exception for zero area                                                                       00:10 +693 -23: c:/probrab1/test/domain/usecases/calculate_tile_glue_test.dart: CalculateTileGlue throws exception for zero area                                                                       00:10 +693 -23: loading c:/probrab1/test/domain/usecases/calculate_tile_test.dart                                                                                                                      00:10 +693 -23: c:/probrab1/test/domain/usecases/calculate_tile_test.dart: CalculateTile calculates tiles needed correctly                                                                             00:10 +694 -23: c:/probrab1/test/domain/usecases/calculate_tile_test.dart: CalculateTile calculates tiles needed correctly                                                                             00:10 +694 -23: c:/probrab1/test/domain/usecases/calculate_tile_test.dart: CalculateTile calculates grout and glue needed                                                                              00:10 +695 -23: c:/probrab1/test/domain/usecases/calculate_tile_test.dart: CalculateTile calculates grout and glue needed                                                                              00:10 +695 -23: c:/probrab1/test/domain/usecases/calculate_tile_test.dart: CalculateTile handles different tile sizes                                                                                  00:10 +696 -23: c:/probrab1/test/domain/usecases/calculate_tile_test.dart: CalculateTile handles different tile sizes                                                                                  00:10 +696 -23: c:/probrab1/test/domain/usecases/calculate_tile_test.dart: CalculateTile calculates crosses needed                                                                                     00:10 +697 -23: c:/probrab1/test/domain/usecases/calculate_tile_test.dart: CalculateTile calculates crosses needed                                                                                     00:10 +697 -23: loading c:/probrab1/test/domain/usecases/calculate_ventilation_test.dart                                                                                                               00:10 +697 -23: c:/probrab1/test/domain/usecases/calculate_ventilation_test.dart: CalculateVentilation calculates volume correctly                                                                     00:10 +698 -23: c:/probrab1/test/domain/usecases/calculate_ventilation_test.dart: CalculateVentilation calculates volume correctly                                                                     00:10 +698 -23: c:/probrab1/test/domain/usecases/calculate_ventilation_test.dart: CalculateVentilation calculates air exchange                                                                         00:10 +699 -23: c:/probrab1/test/domain/usecases/calculate_ventilation_test.dart: CalculateVentilation calculates air exchange                                                                         00:10 +699 -23: c:/probrab1/test/domain/usecases/calculate_ventilation_test.dart: CalculateVentilation calculates ducts needed                                                                         00:10 +700 -23: c:/probrab1/test/domain/usecases/calculate_ventilation_test.dart: CalculateVentilation calculates ducts needed                                                                         00:10 +700 -23: c:/probrab1/test/domain/usecases/calculate_ventilation_test.dart: CalculateVentilation calculates grilles needed                                                                       00:10 +701 -23: c:/probrab1/test/domain/usecases/calculate_ventilation_test.dart: CalculateVentilation calculates grilles needed                                                                       00:10 +701 -23: c:/probrab1/test/domain/usecases/calculate_ventilation_test.dart: CalculateVentilation calculates fans needed                                                                          00:10 +702 -23: c:/probrab1/test/domain/usecases/calculate_ventilation_test.dart: CalculateVentilation calculates fans needed                                                                          00:10 +702 -23: c:/probrab1/test/domain/usecases/calculate_ventilation_test.dart: CalculateVentilation calculates duct length                                                                          00:10 +703 -23: c:/probrab1/test/domain/usecases/calculate_ventilation_test.dart: CalculateVentilation calculates duct length                                                                          00:10 +703 -23: c:/probrab1/test/domain/usecases/calculate_ventilation_test.dart: CalculateVentilation uses default values when missing                                                                00:10 +704 -23: c:/probrab1/test/domain/usecases/calculate_ventilation_test.dart: CalculateVentilation uses default values when missing                                                                00:10 +704 -23: c:/probrab1/test/domain/usecases/calculate_ventilation_test.dart: CalculateVentilation throws exception for zero area                                                                  00:10 +705 -23: c:/probrab1/test/domain/usecases/calculate_ventilation_test.dart: CalculateVentilation throws exception for zero area                                                                  00:10 +705 -23: loading c:/probrab1/test/domain/usecases/calculate_wallpaper_test.dart                                                                                                                 00:10 +705 -23: c:/probrab1/test/domain/usecases/calculate_wallpaper_test.dart: CalculateWallpaper calculates rolls needed correctly with 5% reserve                                                   00:10 +706 -23: c:/probrab1/test/domain/usecases/calculate_wallpaper_test.dart: CalculateWallpaper calculates rolls needed correctly with 5% reserve                                                   00:10 +706 -23: c:/probrab1/test/domain/usecases/calculate_wallpaper_test.dart: CalculateWallpaper subtracts windows and doors area                                                                    00:10 +707 -23: c:/probrab1/test/domain/usecases/calculate_wallpaper_test.dart: CalculateWallpaper subtracts windows and doors area                                                                    00:10 +707 -23: c:/probrab1/test/domain/usecases/calculate_wallpaper_test.dart: CalculateWallpaper calculates glue needed correctly                                                                    00:10 +708 -23: c:/probrab1/test/domain/usecases/calculate_wallpaper_test.dart: CalculateWallpaper calculates glue needed correctly                                                                    00:10 +708 -23: c:/probrab1/test/domain/usecases/calculate_wallpaper_test.dart: CalculateWallpaper handles rapport correctly                                                                           00:10 +709 -23: c:/probrab1/test/domain/usecases/calculate_wallpaper_test.dart: CalculateWallpaper handles rapport correctly                                                                           00:10 +709 -23: c:/probrab1/test/domain/usecases/calculate_wallpaper_test.dart: CalculateWallpaper throws exception for zero area                                                                      00:10 +710 -23: c:/probrab1/test/domain/usecases/calculate_wallpaper_test.dart: CalculateWallpaper throws exception for zero area                                                                      00:10 +710 -23: c:/probrab1/test/domain/usecases/calculate_wallpaper_test.dart: CalculateWallpaper uses default roll dimensions when not provided                                                      00:10 +711 -23: c:/probrab1/test/domain/usecases/calculate_wallpaper_test.dart: CalculateWallpaper uses default roll dimensions when not provided                                                      00:10 +711 -23: c:/probrab1/test/domain/usecases/calculate_wallpaper_test.dart: CalculateWallpaper handles wide wallpaper rolls                                                                        00:10 +712 -23: c:/probrab1/test/domain/usecases/calculate_wallpaper_test.dart: CalculateWallpaper handles wide wallpaper rolls                                                                        00:10 +712 -23: c:/probrab1/test/domain/usecases/calculate_wallpaper_test.dart: CalculateWallpaper returns error for negative useful area                                                              00:10 +713 -23: c:/probrab1/test/domain/usecases/calculate_wallpaper_test.dart: CalculateWallpaper returns error for negative useful area                                                              00:10 +713 -23: c:/probrab1/test/domain/usecases/calculate_wallpaper_test.dart: CalculateWallpaper calculates total price with price list                                                              00:10 +714 -23: c:/probrab1/test/domain/usecases/calculate_wallpaper_test.dart: CalculateWallpaper calculates total price with price list                                                              00:10 +714 -23: c:/probrab1/test/domain/usecases/calculate_wallpaper_test.dart: CalculateWallpaper calculates strip length and strips needed                                                           00:10 +715 -23: c:/probrab1/test/domain/usecases/calculate_wallpaper_test.dart: CalculateWallpaper calculates strip length and strips needed                                                           00:10 +715 -23: loading c:/probrab1/test/domain/usecases/calculate_wall_paint_test.dart                                                                                                                00:10 +715 -23: c:/probrab1/test/domain/usecases/calculate_wall_paint_test.dart: CalculateWallPaint calculates paint needed correctly with 8% reserve                                                  00:10 +716 -23: c:/probrab1/test/domain/usecases/calculate_wall_paint_test.dart: CalculateWallPaint calculates paint needed correctly with 8% reserve                                                  00:10 +716 -23: c:/probrab1/test/domain/usecases/calculate_wall_paint_test.dart: CalculateWallPaint calculates primer needed correctly                                                                 00:10 +717 -23: c:/probrab1/test/domain/usecases/calculate_wall_paint_test.dart: CalculateWallPaint calculates primer needed correctly                                                                 00:10 +717 -23: c:/probrab1/test/domain/usecases/calculate_wall_paint_test.dart: CalculateWallPaint subtracts windows and doors area                                                                   00:10 +718 -23: c:/probrab1/test/domain/usecases/calculate_wall_paint_test.dart: CalculateWallPaint subtracts windows and doors area                                                                   00:10 +718 -23: c:/probrab1/test/domain/usecases/calculate_wall_paint_test.dart: CalculateWallPaint handles single layer correctly                                                                     00:10 +719 -23: c:/probrab1/test/domain/usecases/calculate_wall_paint_test.dart: CalculateWallPaint handles single layer correctly                                                                     00:10 +719 -23: c:/probrab1/test/domain/usecases/calculate_wall_paint_test.dart: CalculateWallPaint handles three layers correctly                                                                     00:10 +720 -23: c:/probrab1/test/domain/usecases/calculate_wall_paint_test.dart: CalculateWallPaint handles three layers correctly                                                                     00:10 +720 -23: c:/probrab1/test/domain/usecases/calculate_wall_paint_test.dart: CalculateWallPaint uses default values when not provided                                                              00:10 +721 -23: c:/probrab1/test/domain/usecases/calculate_wall_paint_test.dart: CalculateWallPaint uses default values when not provided                                                              00:10 +721 -23: c:/probrab1/test/domain/usecases/calculate_wall_paint_test.dart: CalculateWallPaint does not allow negative useful area                                                                00:10 +722 -23: c:/probrab1/test/domain/usecases/calculate_wall_paint_test.dart: CalculateWallPaint does not allow negative useful area                                                                00:10 +722 -23: c:/probrab1/test/domain/usecases/calculate_wall_paint_test.dart: CalculateWallPaint throws exception for zero area                                                                     00:10 +723 -23: c:/probrab1/test/domain/usecases/calculate_wall_paint_test.dart: CalculateWallPaint throws exception for zero area                                                                     00:10 +723 -23: c:/probrab1/test/domain/usecases/calculate_wall_paint_test.dart: CalculateWallPaint calculates total price with price list                                                             00:10 +724 -23: c:/probrab1/test/domain/usecases/calculate_wall_paint_test.dart: CalculateWallPaint calculates total price with price list                                                             00:10 +724 -23: c:/probrab1/test/domain/usecases/calculate_wall_paint_test.dart: CalculateWallPaint handles high consumption rate                                                                      00:10 +725 -23: c:/probrab1/test/domain/usecases/calculate_wall_paint_test.dart: CalculateWallPaint handles high consumption rate                                                                      00:10 +725 -23: loading c:/probrab1/test/domain/usecases/calculate_wall_tile_test.dart                                                                                                                 00:10 +725 -23: c:/probrab1/test/domain/usecases/calculate_wall_tile_test.dart: CalculateWallTile calculates tiles needed correctly                                                                    00:10 +726 -23: c:/probrab1/test/domain/usecases/calculate_wall_tile_test.dart: CalculateWallTile calculates tiles needed correctly                                                                    00:10 +726 -23: c:/probrab1/test/domain/usecases/calculate_wall_tile_test.dart: CalculateWallTile subtracts windows and doors area                                                                     00:10 +727 -23: c:/probrab1/test/domain/usecases/calculate_wall_tile_test.dart: CalculateWallTile subtracts windows and doors area                                                                     00:10 +727 -23: c:/probrab1/test/domain/usecases/calculate_wall_tile_test.dart: CalculateWallTile calculates grout needed                                                                              00:10 +728 -23: c:/probrab1/test/domain/usecases/calculate_wall_tile_test.dart: CalculateWallTile calculates grout needed                                                                              00:10 +728 -23: c:/probrab1/test/domain/usecases/calculate_wall_tile_test.dart: CalculateWallTile calculates glue needed                                                                               00:10 +729 -23: c:/probrab1/test/domain/usecases/calculate_wall_tile_test.dart: CalculateWallTile calculates glue needed                                                                               00:10 +729 -23: c:/probrab1/test/domain/usecases/calculate_wall_tile_test.dart: CalculateWallTile calculates crosses needed                                                                            00:10 +730 -23: c:/probrab1/test/domain/usecases/calculate_wall_tile_test.dart: CalculateWallTile calculates crosses needed                                                                            00:10 +730 -23: c:/probrab1/test/domain/usecases/calculate_wall_tile_test.dart: CalculateWallTile uses default values when missing                                                                     00:10 +731 -23: c:/probrab1/test/domain/usecases/calculate_wall_tile_test.dart: CalculateWallTile uses default values when missing                                                                     00:10 +731 -23: c:/probrab1/test/domain/usecases/calculate_wall_tile_test.dart: CalculateWallTile throws exception for zero area                                                                       00:10 +732 -23: c:/probrab1/test/domain/usecases/calculate_wall_tile_test.dart: CalculateWallTile throws exception for zero area                                                                       00:10 +732 -23: loading c:/probrab1/test/domain/usecases/calculate_warm_floor_test.dart                                                                                                                00:10 +732 -23: c:/probrab1/test/domain/usecases/calculate_warm_floor_test.dart: CalculateWarmFloor calculates useful area correctly (70% of total)                                                    00:10 +733 -23: c:/probrab1/test/domain/usecases/calculate_warm_floor_test.dart: CalculateWarmFloor calculates useful area correctly (70% of total)                                                    00:10 +733 -23: c:/probrab1/test/domain/usecases/calculate_warm_floor_test.dart: CalculateWarmFloor calculates total power correctly                                                                   00:10 +734 -23: c:/probrab1/test/domain/usecases/calculate_warm_floor_test.dart: CalculateWarmFloor calculates total power correctly                                                                   00:10 +734 -23: c:/probrab1/test/domain/usecases/calculate_warm_floor_test.dart: CalculateWarmFloor calculates cable length for cable type                                                             00:10 +735 -23: c:/probrab1/test/domain/usecases/calculate_warm_floor_test.dart: CalculateWarmFloor calculates cable length for cable type                                                             00:10 +735 -23: c:/probrab1/test/domain/usecases/calculate_warm_floor_test.dart: CalculateWarmFloor calculates mat area for mat type                                                                   00:10 +736 -23: c:/probrab1/test/domain/usecases/calculate_warm_floor_test.dart: CalculateWarmFloor calculates mat area for mat type                                                                   00:10 +736 -23: c:/probrab1/test/domain/usecases/calculate_warm_floor_test.dart: CalculateWarmFloor handles thermostats correctly                                                                      00:10 +737 -23: c:/probrab1/test/domain/usecases/calculate_warm_floor_test.dart: CalculateWarmFloor handles thermostats correctly                                                                      00:10 +737 -23: c:/probrab1/test/domain/usecases/calculate_warm_floor_test.dart: CalculateWarmFloor calculates insulation area equal to total area                                                     00:10 +738 -23: c:/probrab1/test/domain/usecases/calculate_warm_floor_test.dart: CalculateWarmFloor calculates insulation area equal to total area                                                     00:10 +738 -23: c:/probrab1/test/domain/usecases/calculate_warm_floor_test.dart: CalculateWarmFloor uses default values when not provided                                                              00:10 +739 -23: c:/probrab1/test/domain/usecases/calculate_warm_floor_test.dart: CalculateWarmFloor uses default values when not provided                                                              00:10 +739 -23: c:/probrab1/test/domain/usecases/calculate_warm_floor_test.dart: CalculateWarmFloor throws exception for zero area                                                                     00:10 +740 -23: c:/probrab1/test/domain/usecases/calculate_warm_floor_test.dart: CalculateWarmFloor throws exception for zero area                                                                     00:10 +740 -23: c:/probrab1/test/domain/usecases/calculate_warm_floor_test.dart: CalculateWarmFloor handles different power values                                                                     00:10 +741 -23: c:/probrab1/test/domain/usecases/calculate_warm_floor_test.dart: CalculateWarmFloor handles different power values                                                                     00:10 +741 -23: c:/probrab1/test/domain/usecases/calculate_warm_floor_test.dart: CalculateWarmFloor preserves area in results                                                                          00:10 +742 -23: c:/probrab1/test/domain/usecases/calculate_warm_floor_test.dart: CalculateWarmFloor preserves area in results                                                                          00:10 +742 -23: c:/probrab1/test/domain/usecases/calculate_warm_floor_test.dart: CalculateWarmFloor handles large room                                                                                 00:10 +743 -23: c:/probrab1/test/domain/usecases/calculate_warm_floor_test.dart: CalculateWarmFloor handles large room                                                                                 00:11 +743 -23: c:/probrab1/test/domain/usecases/calculate_warm_floor_test.dart: CalculateWarmFloor handles large room                                                                                 00:11 +743 -23: loading c:/probrab1/test/domain/usecases/calculate_waterproofing_test.dart                                                                                                             00:11 +743 -23: c:/probrab1/test/domain/usecases/calculate_waterproofing_test.dart: CalculateWaterproofing calculates total area correctly                                                             00:11 +744 -23: c:/probrab1/test/domain/usecases/calculate_waterproofing_test.dart: CalculateWaterproofing calculates total area correctly                                                             00:11 +744 -23: c:/probrab1/test/domain/usecases/calculate_waterproofing_test.dart: CalculateWaterproofing calculates material needed                                                                  00:11 +745 -23: c:/probrab1/test/domain/usecases/calculate_waterproofing_test.dart: CalculateWaterproofing calculates material needed                                                                  00:11 +745 -23: c:/probrab1/test/domain/usecases/calculate_waterproofing_test.dart: CalculateWaterproofing calculates primer needed                                                                    00:11 +746 -23: c:/probrab1/test/domain/usecases/calculate_waterproofing_test.dart: CalculateWaterproofing calculates primer needed                                                                    00:11 +746 -23: c:/probrab1/test/domain/usecases/calculate_waterproofing_test.dart: CalculateWaterproofing calculates tape length                                                                      00:11 +747 -23: c:/probrab1/test/domain/usecases/calculate_waterproofing_test.dart: CalculateWaterproofing calculates tape length                                                                      00:11 +747 -23: c:/probrab1/test/domain/usecases/calculate_waterproofing_test.dart: CalculateWaterproofing uses default wall height when missing                                                       00:11 +748 -23: c:/probrab1/test/domain/usecases/calculate_waterproofing_test.dart: CalculateWaterproofing uses default wall height when missing                                                       00:11 +748 -23: c:/probrab1/test/domain/usecases/calculate_waterproofing_test.dart: CalculateWaterproofing handles different wall heights                                                              00:11 +749 -23: c:/probrab1/test/domain/usecases/calculate_waterproofing_test.dart: CalculateWaterproofing handles different wall heights                                                              00:11 +749 -23: c:/probrab1/test/domain/usecases/calculate_waterproofing_test.dart: CalculateWaterproofing handles zero floor area                                                                     00:11 +750 -23: c:/probrab1/test/domain/usecases/calculate_waterproofing_test.dart: CalculateWaterproofing handles zero floor area                                                                     00:11 +750 -23: c:/probrab1/test/domain/usecases/calculate_waterproofing_test.dart: CalculateWaterproofing handles zero perimeter                                                                      00:11 +751 -23: c:/probrab1/test/domain/usecases/calculate_waterproofing_test.dart: CalculateWaterproofing handles zero perimeter                                                                      00:11 +751 -23: loading c:/probrab1/test/domain/usecases/calculate_wet_facade_test.dart                                                                                                                00:11 +751 -23: c:/probrab1/test/domain/usecases/calculate_wet_facade_test.dart: CalculateWetFacade calculates insulation volume correctly                                                             00:11 +752 -23: c:/probrab1/test/domain/usecases/calculate_wet_facade_test.dart: CalculateWetFacade calculates insulation volume correctly                                                             00:11 +752 -23: c:/probrab1/test/domain/usecases/calculate_wet_facade_test.dart: CalculateWetFacade calculates sheets needed for foam                                                                  00:11 +753 -23: c:/probrab1/test/domain/usecases/calculate_wet_facade_test.dart: CalculateWetFacade calculates sheets needed for foam                                                                  00:11 +753 -23: c:/probrab1/test/domain/usecases/calculate_wet_facade_test.dart: CalculateWetFacade calculates sheets needed for mineral wool                                                          00:11 +754 -23: c:/probrab1/test/domain/usecases/calculate_wet_facade_test.dart: CalculateWetFacade calculates sheets needed for mineral wool                                                          00:11 +754 -23: c:/probrab1/test/domain/usecases/calculate_wet_facade_test.dart: CalculateWetFacade calculates glue needed                                                                             00:11 +755 -23: c:/probrab1/test/domain/usecases/calculate_wet_facade_test.dart: CalculateWetFacade calculates glue needed                                                                             00:11 +755 -23: c:/probrab1/test/domain/usecases/calculate_wet_facade_test.dart: CalculateWetFacade calculates fasteners needed                                                                        00:11 +756 -23: c:/probrab1/test/domain/usecases/calculate_wet_facade_test.dart: CalculateWetFacade calculates fasteners needed                                                                        00:11 +756 -23: c:/probrab1/test/domain/usecases/calculate_wet_facade_test.dart: CalculateWetFacade calculates mesh area                                                                               00:11 +757 -23: c:/probrab1/test/domain/usecases/calculate_wet_facade_test.dart: CalculateWetFacade calculates mesh area                                                                               00:11 +757 -23: c:/probrab1/test/domain/usecases/calculate_wet_facade_test.dart: CalculateWetFacade calculates plaster and finish needed                                                               00:11 +758 -23: c:/probrab1/test/domain/usecases/calculate_wet_facade_test.dart: CalculateWetFacade calculates plaster and finish needed                                                               00:11 +758 -23: c:/probrab1/test/domain/usecases/calculate_wet_facade_test.dart: CalculateWetFacade uses default values when missing                                                                   00:11 +759 -23: c:/probrab1/test/domain/usecases/calculate_wet_facade_test.dart: CalculateWetFacade uses default values when missing                                                                   00:11 +759 -23: c:/probrab1/test/domain/usecases/calculate_wet_facade_test.dart: CalculateWetFacade throws exception for zero area                                                                     00:11 +760 -23: c:/probrab1/test/domain/usecases/calculate_wet_facade_test.dart: CalculateWetFacade throws exception for zero area                                                                     00:11 +760 -23: loading c:/probrab1/test/domain/usecases/calculate_window_installation_test.dart                                                                                                       00:11 +760 -23: c:/probrab1/test/domain/usecases/calculate_window_installation_test.dart: CalculateWindowInstallation calculates window area correctly                                                 00:11 +761 -23: c:/probrab1/test/domain/usecases/calculate_window_installation_test.dart: CalculateWindowInstallation calculates window area correctly                                                 00:11 +761 -23: c:/probrab1/test/domain/usecases/calculate_window_installation_test.dart: CalculateWindowInstallation calculates foam needed                                                           00:11 +762 -23: c:/probrab1/test/domain/usecases/calculate_window_installation_test.dart: CalculateWindowInstallation calculates foam needed                                                           00:11 +762 -23: c:/probrab1/test/domain/usecases/calculate_window_installation_test.dart: CalculateWindowInstallation calculates sills needed                                                          00:11 +763 -23: c:/probrab1/test/domain/usecases/calculate_window_installation_test.dart: CalculateWindowInstallation calculates sills needed                                                          00:11 +763 -23: c:/probrab1/test/domain/usecases/calculate_window_installation_test.dart: CalculateWindowInstallation calculates slope area                                                            00:11 +764 -23: c:/probrab1/test/domain/usecases/calculate_window_installation_test.dart: CalculateWindowInstallation calculates slope area                                                            00:11 +764 -23: c:/probrab1/test/domain/usecases/calculate_window_installation_test.dart: CalculateWindowInstallation calculates drip length                                                           00:11 +765 -23: c:/probrab1/test/domain/usecases/calculate_window_installation_test.dart: CalculateWindowInstallation calculates drip length                                                           00:11 +765 -23: c:/probrab1/test/domain/usecases/calculate_window_installation_test.dart: CalculateWindowInstallation uses default values when missing                                                 00:11 +766 -23: c:/probrab1/test/domain/usecases/calculate_window_installation_test.dart: CalculateWindowInstallation uses default values when missing                                                 00:11 +766 -23: c:/probrab1/test/domain/usecases/calculate_window_installation_test.dart: CalculateWindowInstallation throws exception for zero windows                                                00:11 +767 -23: c:/probrab1/test/domain/usecases/calculate_window_installation_test.dart: CalculateWindowInstallation throws exception for zero windows                                                00:11 +767 -23: loading c:/probrab1/test/domain/usecases/calculate_wood_facade_test.dart                                                                                                               00:11 +767 -23: c:/probrab1/test/domain/usecases/calculate_wood_facade_test.dart: CalculateWoodFacade calculates boards needed correctly                                                               00:11 +768 -23: c:/probrab1/test/domain/usecases/calculate_wood_facade_test.dart: CalculateWoodFacade calculates boards needed correctly                                                               00:11 +768 -23: c:/probrab1/test/domain/usecases/calculate_wood_facade_test.dart: CalculateWoodFacade calculates corners length                                                                        00:11 +769 -23: c:/probrab1/test/domain/usecases/calculate_wood_facade_test.dart: CalculateWoodFacade calculates corners length                                                                        00:11 +769 -23: c:/probrab1/test/domain/usecases/calculate_wood_facade_test.dart: CalculateWoodFacade calculates finish needed                                                                         00:11 +770 -23: c:/probrab1/test/domain/usecases/calculate_wood_facade_test.dart: CalculateWoodFacade calculates finish needed                                                                         00:11 +770 -23: c:/probrab1/test/domain/usecases/calculate_wood_facade_test.dart: CalculateWoodFacade calculates fasteners needed                                                                      00:11 +771 -23: c:/probrab1/test/domain/usecases/calculate_wood_facade_test.dart: CalculateWoodFacade calculates fasteners needed                                                                      00:11 +771 -23: c:/probrab1/test/domain/usecases/calculate_wood_facade_test.dart: CalculateWoodFacade estimates perimeter when missing                                                                 00:11 +772 -23: c:/probrab1/test/domain/usecases/calculate_wood_facade_test.dart: CalculateWoodFacade estimates perimeter when missing                                                                 00:11 +772 -23: c:/probrab1/test/domain/usecases/calculate_wood_facade_test.dart: CalculateWoodFacade uses default values when missing                                                                 00:11 +773 -23: c:/probrab1/test/domain/usecases/calculate_wood_facade_test.dart: CalculateWoodFacade uses default values when missing                                                                 00:11 +773 -23: c:/probrab1/test/domain/usecases/calculate_wood_facade_test.dart: CalculateWoodFacade handles different board dimensions                                                               00:11 +774 -23: c:/probrab1/test/domain/usecases/calculate_wood_facade_test.dart: CalculateWoodFacade handles different board dimensions                                                               00:11 +774 -23: c:/probrab1/test/domain/usecases/calculate_wood_facade_test.dart: CalculateWoodFacade throws exception for zero area                                                                   00:11 +775 -23: c:/probrab1/test/domain/usecases/calculate_wood_facade_test.dart: CalculateWoodFacade throws exception for zero area                                                                   00:11 +775 -23: loading c:/probrab1/test/domain/usecases/calculate_wood_wall_test.dart                                                                                                                 00:11 +775 -23: c:/probrab1/test/domain/usecases/calculate_wood_wall_test.dart: CalculateWoodWall calculates boards needed correctly                                                                   00:11 +776 -23: c:/probrab1/test/domain/usecases/calculate_wood_wall_test.dart: CalculateWoodWall calculates boards needed correctly                                                                   00:11 +776 -23: c:/probrab1/test/domain/usecases/calculate_wood_wall_test.dart: CalculateWoodWall calculates plinth length                                                                             00:11 +777 -23: c:/probrab1/test/domain/usecases/calculate_wood_wall_test.dart: CalculateWoodWall calculates plinth length                                                                             00:11 +777 -23: c:/probrab1/test/domain/usecases/calculate_wood_wall_test.dart: CalculateWoodWall calculates corners length                                                                            00:11 +778 -23: c:/probrab1/test/domain/usecases/calculate_wood_wall_test.dart: CalculateWoodWall calculates corners length                                                                            00:11 +778 -23: c:/probrab1/test/domain/usecases/calculate_wood_wall_test.dart: CalculateWoodWall calculates finish needed                                                                             00:11 +779 -23: c:/probrab1/test/domain/usecases/calculate_wood_wall_test.dart: CalculateWoodWall calculates finish needed                                                                             00:11 +779 -23: c:/probrab1/test/domain/usecases/calculate_wood_wall_test.dart: CalculateWoodWall calculates fasteners needed                                                                          00:11 +780 -23: c:/probrab1/test/domain/usecases/calculate_wood_wall_test.dart: CalculateWoodWall calculates fasteners needed                                                                          00:11 +780 -23: c:/probrab1/test/domain/usecases/calculate_wood_wall_test.dart: CalculateWoodWall estimates perimeter when missing                                                                     00:11 +781 -23: c:/probrab1/test/domain/usecases/calculate_wood_wall_test.dart: CalculateWoodWall estimates perimeter when missing                                                                     00:11 +781 -23: c:/probrab1/test/domain/usecases/calculate_wood_wall_test.dart: CalculateWoodWall uses default values when missing                                                                     00:11 +782 -23: c:/probrab1/test/domain/usecases/calculate_wood_wall_test.dart: CalculateWoodWall uses default values when missing                                                                     00:11 +782 -23: c:/probrab1/test/domain/usecases/calculate_wood_wall_test.dart: CalculateWoodWall handles different board dimensions                                                                   00:11 +783 -23: c:/probrab1/test/domain/usecases/calculate_wood_wall_test.dart: CalculateWoodWall handles different board dimensions                                                                   00:11 +783 -23: c:/probrab1/test/domain/usecases/calculate_wood_wall_test.dart: CalculateWoodWall throws exception for zero area                                                                       00:11 +784 -23: c:/probrab1/test/domain/usecases/calculate_wood_wall_test.dart: CalculateWoodWall throws exception for zero area                                                                       00:11 +784 -23: loading c:/probrab1/test/integration/calculator_availability_test.dart                                                                                                                 00:11 +784 -23: c:/probrab1/test/integration/calculator_availability_test.dart: Calculator Availability Test all calculator IDs in work_catalog should be available in either V2 or legacy system      00:11 +784 -23: c:/probrab1/test/integration/calculator_availability_test.dart: Calculator Availability Test all calculator IDs in work_catalog should be available in either V2 or legacy system      

=== Calculator Availability Report ===
Total calculator IDs in work_catalog: 59

✅ Available in both systems: 9
  - walls_wallpaper
  - ceilings_gkl
  - floors_laminate
  - floors_tile
  - floors_parquet
  - floors_screed
  - floors_warm
  - bathroom_tile
  - roofing_metal

🆕 Available in V2 only: 0

📦 Available in Legacy only: 50
  - walls_paint
  - walls_decor_plaster
  - walls_decor_stone
  - walls_pvc_panels
  - walls_mdf_panels
  - walls_3d_panels
  - walls_wood
  - walls_gvl
  - walls_tile
  - ceilings_paint
  - ceilings_stretch
  - ceilings_rail
  - ceilings_cassette
  - ceilings_tiles
  - ceilings_insulation
  - floors_linoleum
  - floors_carpet
  - floors_self_leveling
  - floors_insulation
  - bathroom_waterproof
  - balcony
  - attic
  - partitions_gkl
  - partitions_blocks
  - partitions_brick
  - insulation_mineral
  - insulation_foam
  - insulation_sound
  - mixes_putty
  - mixes_primer
  - mixes_tile_glue
  - mixes_plaster
  - stairs
  - fence
  - blind_area
  - basement
  - terrace
  - windows_install
  - slopes_finishing
  - doors_install
  - exterior_siding
  - exterior_brick
  - exterior_facade_panels
  - exterior_wood
  - exterior_wet_facade
  - roofing_gutters
  - engineering_electrics
  - engineering_plumbing
  - engineering_heating
  - engineering_ventilation

❌ MISSING IN BOTH: 0

Calculator IDs registered in CalculatorRegistry (V2): 13
Calculator IDs registered in Legacy system: 64
=========================================

✅ All calculator IDs from work_catalog are available!
00:11 +785 -23: c:/probrab1/test/integration/calculator_availability_test.dart: Calculator Availability Test all calculator IDs in work_catalog should be available in either V2 or legacy system      00:11 +785 -23: loading c:/probrab1/test/integration/calculator_ids_validation_test.dart                                                                                                               00:11 +785 -23: c:/probrab1/test/integration/calculator_ids_validation_test.dart: Calculator IDs Validation all calculator IDs in work_catalog should exist in CalculatorRegistry                      00:11 +785 -23: c:/probrab1/test/integration/calculator_ids_validation_test.dart: Calculator IDs Validation all calculator IDs in work_catalog should exist in CalculatorRegistry                      

=== Calculator IDs Validation Report ===
Total calculator IDs in work_catalog: 59
Calculator IDs registered in CalculatorRegistry: 13
Missing calculator IDs: 50

Missing IDs (need to be implemented):
  - walls_paint
  - walls_decor_plaster
  - walls_decor_stone
  - walls_pvc_panels
  - walls_mdf_panels
  - walls_3d_panels
  - walls_wood
  - walls_gvl
  - walls_tile
  - ceilings_paint
  - ceilings_stretch
  - ceilings_rail
  - ceilings_cassette
  - ceilings_tiles
  - ceilings_insulation
  - floors_linoleum
  - floors_carpet
  - floors_self_leveling
  - floors_insulation
  - bathroom_waterproof
  - balcony
  - attic
  - partitions_gkl
  - partitions_blocks
  - partitions_brick
  - insulation_mineral
  - insulation_foam
  - insulation_sound
  - mixes_putty
  - mixes_primer
  - mixes_tile_glue
  - mixes_plaster
  - stairs
  - fence
  - blind_area
  - basement
  - terrace
  - windows_install
  - slopes_finishing
  - doors_install
  - exterior_siding
  - exterior_brick
  - exterior_facade_panels
  - exterior_wood
  - exterior_wet_facade
  - roofing_gutters
  - engineering_electrics
  - engineering_plumbing
  - engineering_heating
  - engineering_ventilation

⚠️  WARNING: 50 calculator(s) referenced in work_catalog but not yet implemented
=====================================

00:11 +786 -23: c:/probrab1/test/integration/calculator_ids_validation_test.dart: Calculator IDs Validation all calculator IDs in work_catalog should exist in CalculatorRegistry                      00:11 +786 -23: c:/probrab1/test/integration/calculator_ids_validation_test.dart: Calculator IDs Validation check for duplicate work item IDs (not calculator IDs)                                     00:11 +787 -23: c:/probrab1/test/integration/calculator_ids_validation_test.dart: Calculator IDs Validation check for duplicate work item IDs (not calculator IDs)                                     00:11 +787 -23: c:/probrab1/test/integration/calculator_ids_validation_test.dart: Calculator IDs Validation all registered calculators have unique IDs                                                 00:11 +788 -23: c:/probrab1/test/integration/calculator_ids_validation_test.dart: Calculator IDs Validation all registered calculators have unique IDs                                                 00:11 +788 -23: c:/probrab1/test/integration/calculator_ids_validation_test.dart: Calculator IDs Validation calculator IDs follow naming convention                                                    00:11 +789 -23: c:/probrab1/test/integration/calculator_ids_validation_test.dart: Calculator IDs Validation calculator IDs follow naming convention                                                    00:11 +789 -23: c:/probrab1/test/integration/calculator_ids_validation_test.dart: Calculator IDs Validation print coverage statistics                                                                  00:11 +789 -23: c:/probrab1/test/integration/calculator_ids_validation_test.dart: Calculator IDs Validation print coverage statistics                                                                  

=== Work Catalog Coverage Statistics ===
Total work items: 146
Items with calculators: 125
Coverage: 85.6%
=========================================

00:11 +790 -23: c:/probrab1/test/integration/calculator_ids_validation_test.dart: Calculator IDs Validation print coverage statistics                                                                  00:12 +790 -23: c:/probrab1/test/integration/calculator_ids_validation_test.dart: Calculator IDs Validation print coverage statistics                                                                  00:12 +790 -23: loading c:/probrab1/test/integration/calculator_with_prices_test.dart                                                                                                                  00:12 +790 -23: c:/probrab1/test/integration/calculator_with_prices_test.dart: Calculator Integration Tests with Prices CalculatePlaster calculates price correctly                                    00:12 +791 -23: c:/probrab1/test/integration/calculator_with_prices_test.dart: Calculator Integration Tests with Prices CalculatePlaster calculates price correctly                                    00:12 +791 -23: c:/probrab1/test/integration/calculator_with_prices_test.dart: Calculator Integration Tests with Prices CalculateTile calculates price with multiple items                             00:12 +792 -23: c:/probrab1/test/integration/calculator_with_prices_test.dart: Calculator Integration Tests with Prices CalculateTile calculates price with multiple items                             00:12 +792 -23: c:/probrab1/test/integration/calculator_with_prices_test.dart: Calculator Integration Tests with Prices CalculateScreed calculates price with cement and sand                          00:12 +793 -23: c:/probrab1/test/integration/calculator_with_prices_test.dart: Calculator Integration Tests with Prices CalculateScreed calculates price with cement and sand                          00:12 +793 -23: c:/probrab1/test/integration/calculator_with_prices_test.dart: Calculator Integration Tests with Prices calculator handles missing prices gracefully                                   00:12 +794 -23: c:/probrab1/test/integration/calculator_with_prices_test.dart: Calculator Integration Tests with Prices calculator handles missing prices gracefully                                   00:12 +794 -23: c:/probrab1/test/integration/calculator_with_prices_test.dart: Calculator Integration Tests with Prices calculator uses standard price list                                            00:12 +795 -23: c:/probrab1/test/integration/calculator_with_prices_test.dart: Calculator Integration Tests with Prices calculator uses standard price list                                            00:12 +795 -23: c:/probrab1/test/integration/calculator_with_prices_test.dart: Calculator Integration Tests with Prices multiple calculators work with same price list                                 00:12 +796 -23: c:/probrab1/test/integration/calculator_with_prices_test.dart: Calculator Integration Tests with Prices multiple calculators work with same price list                                 00:12 +796 -23: loading c:/probrab1/test/presentation/services/pdf_export_service_test.dart                                                                                                            00:12 +796 -23: c:/probrab1/test/presentation/services/pdf_export_service_test.dart: PdfExportService _parseJson parses valid JSON correctly                                                           00:12 +797 -23: c:/probrab1/test/presentation/services/pdf_export_service_test.dart: PdfExportService _parseJson parses valid JSON correctly                                                           00:12 +797 -23: c:/probrab1/test/presentation/services/pdf_export_service_test.dart: PdfExportService _parseJson handles invalid JSON gracefully                                                       00:12 +798 -23: c:/probrab1/test/presentation/services/pdf_export_service_test.dart: PdfExportService _parseJson handles invalid JSON gracefully                                                       00:12 +798 -23: c:/probrab1/test/presentation/services/pdf_export_service_test.dart: PdfExportService _formatDate formats date correctly                                                               00:12 +799 -23: c:/probrab1/test/presentation/services/pdf_export_service_test.dart: PdfExportService _formatDate formats date correctly                                                               00:12 +799 -23: c:/probrab1/test/presentation/services/pdf_export_service_test.dart: PdfExportService _formatDate handles single digit minutes                                                         00:12 +800 -23: c:/probrab1/test/presentation/services/pdf_export_service_test.dart: PdfExportService _formatDate handles single digit minutes                                                         00:12 +800 -23: c:/probrab1/test/presentation/services/pdf_export_service_test.dart: PdfExportService handles empty inputs JSON                                                                        00:12 +801 -23: c:/probrab1/test/presentation/services/pdf_export_service_test.dart: PdfExportService handles empty inputs JSON                                                                        00:12 +801 -23: c:/probrab1/test/presentation/services/pdf_export_service_test.dart: PdfExportService handles complex JSON data                                                                        00:12 +802 -23: c:/probrab1/test/presentation/services/pdf_export_service_test.dart: PdfExportService handles complex JSON data                                                                        00:12 +802 -23: loading c:/probrab1/test/presentation/views/labor_cost_screen_test.dart                                                                                                                00:12 +802 -23: c:/probrab1/test/presentation/views/labor_cost_screen_test.dart: LaborCostScreen syncs with region provider                                                                            lib/presentation/views/onboarding/onboarding_screen.dart:14:19: Error: A value of type 'bool?' can't be assigned to a variable of type 'bool'.
    return !prefs.getBool('onboarding_completed') ?? true;
                  ^
00:12 +802 -24: loading c:/probrab1/test/widget_test.dart [E]                                                                                                                                          
  Failed to load "c:/probrab1/test/widget_test.dart":
  Compilation failed for testPath=c:/probrab1/test/widget_test.dart: lib/presentation/views/onboarding/onboarding_screen.dart:14:19: Error: A value of type 'bool?' can't be assigned to a variable of type 'bool'.
      return !prefs.getBool('onboarding_completed') ?? true;
                    ^
  .

To run this test again: C:\flutter\bin\cache\dart-sdk\bin\dart.exe test c:/probrab1/test/widget_test.dart -p vm --plain-name "loading c:/probrab1/test/widget_test.dart"
00:12 +802 -24: c:/probrab1/test/presentation/views/labor_cost_screen_test.dart: LaborCostScreen syncs with region provider                                                                            00:12 +803 -24: c:/probrab1/test/presentation/views/labor_cost_screen_test.dart: LaborCostScreen syncs with region provider                                                                            00:12 +804 -24: c:/probrab1/test/presentation/views/settings_page_test.dart: SettingsPage renders settings page with AppBar                                                                            00:13 +804 -24: c:/probrab1/test/presentation/views/settings_page_test.dart: SettingsPage renders settings page with AppBar                                                                            00:13 +805 -24: c:/probrab1/test/presentation/views/settings_page_test.dart: SettingsPage renders settings page with AppBar                                                                            00:13 +806 -24: c:/probrab1/test/presentation/views/settings_page_test.dart: SettingsPage renders settings page with AppBar                                                                            00:13 +807 -24: c:/probrab1/test/presentation/views/settings_page_test.dart: SettingsPage renders settings page with AppBar                                                                            00:13 +808 -24: c:/probrab1/test/presentation/views/settings_page_test.dart: SettingsPage renders settings page with AppBar                                                                            00:13 +809 -24: c:/probrab1/test/presentation/views/settings_page_test.dart: SettingsPage renders settings page with AppBar                                                                            00:13 +809 -24: Some tests failed.                                                                                                                                                                     
